 SqaureKF_sfun

 Timestamp is 4f5cc842 (Sun Mar 11 15:44:02 2012)

 Preferred load address is 0000000180000000

 Start         Length     Name                   Class
 0001:00000000 000398f4H .text                   CODE
 0001:00039900 00000092H .text$x                 CODE
 0002:00000000 00000430H .idata$5                DATA
 0002:00000430 00000008H .CRT$XCA                DATA
 0002:00000438 00000008H .CRT$XCZ                DATA
 0002:00000440 00000008H .CRT$XIA                DATA
 0002:00000448 00000008H .CRT$XIAA               DATA
 0002:00000450 00000008H .CRT$XIZ                DATA
 0002:00000460 0000493cH .rdata                  DATA
 0002:00004da0 00000008H .rtc$IAA                DATA
 0002:00004da8 00000008H .rtc$IZZ                DATA
 0002:00004db0 00000008H .rtc$TAA                DATA
 0002:00004db8 00000008H .rtc$TZZ                DATA
 0002:00004dc0 00004454H .xdata                  DATA
 0002:00009214 0000008cH .idata$2                DATA
 0002:000092a0 00000014H .idata$3                DATA
 0002:000092b8 00000430H .idata$4                DATA
 0002:000096e8 00000964H .idata$6                DATA
 0002:0000a050 00000053H .edata                  DATA
 0003:00000000 00001e48H .data                   DATA
 0003:00001e60 00002678H .bss                    DATA
 0004:00000000 000032acH .pdata                  DATA

  Address         Publics by Value              Rva+Base               Lib:Object

 0000:00000000       ___safe_se_handler_table   0000000000000000     <absolute>
 0000:00000000       ___safe_se_handler_count   0000000000000000     <absolute>
 0000:00000000       __ImageBase                0000000180000000     <linker-defined>
 0001:00000000       sf_c2_SqaureKF_get_eml_resolved_functions_info 0000000180001000 f   c2_SqaureKF.obj
 0001:00000e00       sf_c2_SqaureKF_get_check_sum 0000000180001e00 f   c2_SqaureKF.obj
 0001:00000e80       sf_c2_SqaureKF_get_autoinheritance_info 0000000180001e80 f   c2_SqaureKF.obj
 0001:000016a0       c2_SqaureKF_method_dispatcher 00000001800026a0 f   c2_SqaureKF.obj
 0001:00004ed0       sf_process_check_sum_call  0000000180005ed0 f   SqaureKF_sfun_registry.obj
 0001:00004f20       sf_process_autoinheritance_call 0000000180005f20 f   SqaureKF_sfun_registry.obj
 0001:00004f70       sf_process_get_eml_resolved_functions_info_call 0000000180005f70 f   SqaureKF_sfun_registry.obj
 0001:000050f0       sf_mex_unlock_call         00000001800060f0 f   SqaureKF_sfun_registry.obj
 0001:000051a0       sf_machine_global_initializer_called 00000001800061a0 f   SqaureKF_sfun_registry.obj
 0001:000051d0       sf_machine_global_method_dispatcher 00000001800061d0 f   SqaureKF_sfun_registry.obj
 0001:00005230       sf_machine_global_terminator 0000000180006230 f   SqaureKF_sfun_registry.obj
 0001:00005270       sf_register_machine_exported_symbols 0000000180006270 f   SqaureKF_sfun_registry.obj
 0001:00005290       callCustomFcn              0000000180006290 f   SqaureKF_sfun_registry.obj
 0001:000052a0       sf_machine_global_initializer 00000001800062a0 f   SqaureKF_sfun_registry.obj
 0001:00005310       _ssSetInputPortMatrixDimensions 0000000180006310 f   SqaureKF_sfun_registry.obj
 0001:00005420       _ssSetOutputPortMatrixDimensions 0000000180006420 f   SqaureKF_sfun_registry.obj
 0001:00005530       _ssSetInputPortVectorDimension 0000000180006530 f   SqaureKF_sfun_registry.obj
 0001:00005600       _ssSetOutputPortVectorDimension 0000000180006600 f   SqaureKF_sfun_registry.obj
 0001:000056d0       ssIsRunTimeParamTunable    00000001800066d0 f   SqaureKF_sfun_registry.obj
 0001:00005740       ssGetSFuncBlockHandle      0000000180006740 f   SqaureKF_sfun_registry.obj
 0001:000057b0       _ssGetCurrentInputPortWidth 00000001800067b0 f   SqaureKF_sfun_registry.obj
 0001:000058d0       _ssGetCurrentOutputPortWidth 00000001800068d0 f   SqaureKF_sfun_registry.obj
 0001:000059f0       _ssGetCallSystemNumFcnCallDestinations 00000001800069f0 f   SqaureKF_sfun_registry.obj
 0001:00005a60       ssWarning                  0000000180006a60 f   SqaureKF_sfun_registry.obj
 0001:00005b70       ssGetIsZeroCrossControlDisabled 0000000180006b70 f   SqaureKF_sfun_registry.obj
 0001:00005be0       ssSetIsInputPortUsedForContZcSignal 0000000180006be0 f   SqaureKF_sfun_registry.obj
 0001:00005c50       ssSetZcSignalIsZcElementDisc 0000000180006c50 f   SqaureKF_sfun_registry.obj
 0001:00005d00       ssSetZcSignalName          0000000180006d00 f   SqaureKF_sfun_registry.obj
 0001:00005d70       ssSetZcSignalWidth         0000000180006d70 f   SqaureKF_sfun_registry.obj
 0001:00005de0       ssSetZcSignalZcEventType   0000000180006de0 f   SqaureKF_sfun_registry.obj
 0001:00005e50       ssSetZcSignalType          0000000180006e50 f   SqaureKF_sfun_registry.obj
 0001:00005ec0       ssSetZcSignalZcTol         0000000180006ec0 f   SqaureKF_sfun_registry.obj
 0001:00005f30       ssSetZcSignalNeedsEventNotification 0000000180006f30 f   SqaureKF_sfun_registry.obj
 0001:00005fa0       ssCreateAndAddZcSignalInfo 0000000180006fa0 f   SqaureKF_sfun_registry.obj
 0001:00006010       ssCloneAndAddZcSignalInfo  0000000180007010 f   SqaureKF_sfun_registry.obj
 0001:00006080       ssGetNumZcSignals          0000000180007080 f   SqaureKF_sfun_registry.obj
 0001:000060f0       ssGetZcSignalVector        00000001800070f0 f   SqaureKF_sfun_registry.obj
 0001:00006160       ssGetZcSignalZcEvents      0000000180007160 f   SqaureKF_sfun_registry.obj
 0001:000061d0       ssGetZcSignalName          00000001800071d0 f   SqaureKF_sfun_registry.obj
 0001:00006240       ssGetZcSignalWidth         0000000180007240 f   SqaureKF_sfun_registry.obj
 0001:000062b0       ssGetZcSignalZcEventType   00000001800072b0 f   SqaureKF_sfun_registry.obj
 0001:00006320       ssGetZcSignalType          0000000180007320 f   SqaureKF_sfun_registry.obj
 0001:00006390       ssGetZcSignalZcTol         0000000180007390 f   SqaureKF_sfun_registry.obj
 0001:00006410       ssGetZcSignalNeedsEventNotification 0000000180007410 f   SqaureKF_sfun_registry.obj
 0001:00006480       ssGetZcSignalIsZcElementDisc 0000000180007480 f   SqaureKF_sfun_registry.obj
 0001:00006520       ssGetIsInputPortElementContinuous 0000000180007520 f   SqaureKF_sfun_registry.obj
 0001:000065c0       _ssGetInputPortSignalPtrsFcn 00000001800075c0 f   SqaureKF_sfun_registry.obj
 0001:00006880       _ssGetInputPortSignalFcn   0000000180007880 f   SqaureKF_sfun_registry.obj
 0001:00006aa0       _ssSetInputPortDirectFeedThroughFcn 0000000180007aa0 f   SqaureKF_sfun_registry.obj
 0001:00006c00       _ssSetInputPortReusableFcn 0000000180007c00 f   SqaureKF_sfun_registry.obj
 0001:00006cf0       _ssSetOutputPortReusableFcn 0000000180007cf0 f   SqaureKF_sfun_registry.obj
 0001:00006dd0       ssGetDTypeIdFromMxArray    0000000180007dd0 f   SqaureKF_sfun_registry.obj
 0001:00006ef0       ssWriteRTWStr              0000000180007ef0 f   SqaureKF_sfun_registry.obj
 0001:00006f50       ssWriteRTWMxVectParam      0000000180007f50 f   SqaureKF_sfun_registry.obj
 0001:00006fb0       ssWriteRTWMx2dMatParam     0000000180007fb0 f   SqaureKF_sfun_registry.obj
 0001:00007030       ssWriteRTWNameValuePair    0000000180008030 f   SqaureKF_sfun_registry.obj
 0001:00007520       ssWriteRTWParameters       0000000180008520 f   SqaureKF_sfun_registry.obj
 0001:00007b20       ssWriteRTWParamSettings    0000000180008b20 f   SqaureKF_sfun_registry.obj
 0001:000081f0       ssWriteRTWWorkVect         00000001800091f0 f   SqaureKF_sfun_registry.obj
 0001:000086f0       mexFunction                00000001800096f0 f   SqaureKF_sfun_registry.obj
 0001:0000a330       ProcessMexSfunctionEveryCall 000000018000b330 f   SqaureKF_sfun_registry.obj
 0001:0000a4a0       SqaureKF_initializer       000000018000b4a0 f   SqaureKF_sfun.obj
 0001:0000a4c0       SqaureKF_terminator        000000018000b4c0 f   SqaureKF_sfun.obj
 0001:0000a4d0       sf_SqaureKF_method_dispatcher 000000018000b4d0 f   SqaureKF_sfun.obj
 0001:0000a520       sf_SqaureKF_process_check_sum_call 000000018000b520 f   SqaureKF_sfun.obj
 0001:0000a930       sf_SqaureKF_autoinheritance_info 000000018000b930 f   SqaureKF_sfun.obj
 0001:0000aa30       sf_SqaureKF_get_eml_resolved_functions_info 000000018000ba30 f   SqaureKF_sfun.obj
 0001:0000ab60       SqaureKF_debug_initialize  000000018000bb60 f   SqaureKF_sfun.obj
 0001:0000abd0       SqaureKF_register_exported_symbols 000000018000bbd0 f   SqaureKF_sfun.obj
 0001:0000ac80       sf_mex_mx_is_numeric       000000018000bc80 f   sfc_mex:sfc_mex.obj
 0001:0000acc0       strcmp_ignore_ws           000000018000bcc0 f   sfc_mex:sfc_mex.obj
 0001:0000ae00       sf_mex_duplicatearraysafe  000000018000be00 f   sfc_mex:sfc_mex.obj
 0001:0000af60       sf_set_error_debugger_context_message_fcn 000000018000bf60 f   sfc_mex:sfc_mex.obj
 0001:0000af70       sf_set_debugger_matlab_error_fcn 000000018000bf70 f   sfc_mex:sfc_mex.obj
 0001:0000afa0       sf_set_error_prefix_string 000000018000bfa0 f   sfc_mex:sfc_mex.obj
 0001:0000afd0       sf_get_error_prefix_string 000000018000bfd0 f   sfc_mex:sfc_mex.obj
 0001:0000afe0       sf_get_current_jmp_buf_ptr 000000018000bfe0 f   sfc_mex:sfc_mex.obj
 0001:0000aff0       sf_set_current_jmp_buf_ptr 000000018000bff0 f   sfc_mex:sfc_mex.obj
 0001:0000b000       sf_mex_set_halt_simulation 000000018000c000 f   sfc_mex:sfc_mex.obj
 0001:0000b010       sf_mex_get_halt_simulation 000000018000c010 f   sfc_mex:sfc_mex.obj
 0001:0000b020       sf_mex_clear_error_message 000000018000c020 f   sfc_mex:sfc_mex.obj
 0001:0000b040       sf_mex_get_error_message_for_read 000000018000c040 f   sfc_mex:sfc_mex.obj
 0001:0000b050       sf_mex_get_error_message_buffer_length 000000018000c050 f   sfc_mex:sfc_mex.obj
 0001:0000b140       sf_mex_warning_message     000000018000c140 f   sfc_mex:sfc_mex.obj
 0001:0000b1b0       sf_mex_v_errbuf_createf    000000018000c1b0 f   sfc_mex:sfc_mex.obj
 0001:0000b1c0       sf_mex_errbuf_createf      000000018000c1c0 f   sfc_mex:sfc_mex.obj
 0001:0000b1f0       sf_mex_v_errbuf_catf       000000018000c1f0 f   sfc_mex:sfc_mex.obj
 0001:0000b230       sf_mex_errbuf_catf         000000018000c230 f   sfc_mex:sfc_mex.obj
 0001:0000b280       sf_mex_errbuf_copy         000000018000c280 f   sfc_mex:sfc_mex.obj
 0001:0000b290       sf_mex_errbuf_clear        000000018000c290 f   sfc_mex:sfc_mex.obj
 0001:0000b2a0       sf_mex_errbuf_isempty      000000018000c2a0 f   sfc_mex:sfc_mex.obj
 0001:0000b3b0       sf_mex_set_error_status    000000018000c3b0 f   sfc_mex:sfc_mex.obj
 0001:0000b400       sf_mex_error_direct_call   000000018000c400 f   sfc_mex:sfc_mex.obj
 0001:0000b420       sf_mex_long_jump_on_error  000000018000c420 f   sfc_mex:sfc_mex.obj
 0001:0000b450       sf_mex_call_matlab         000000018000c450 f   sfc_mex:sfc_mex.obj
 0001:0000b570       sf_mex_check_builtin       000000018000c570 f   sfc_mex:sfc_mex.obj
 0001:0000b5b0       sf_mex_check_builtin_vs    000000018000c5b0 f   sfc_mex:sfc_mex.obj
 0001:0000b610       sf_mex_check_enum          000000018000c610 f   sfc_mex:sfc_mex.obj
 0001:0000b640       sf_mex_create_enum         000000018000c640 f   sfc_mex:sfc_mex.obj
 0001:0000b660       sf_mex_get_enum_element    000000018000c660 f   sfc_mex:sfc_mex.obj
 0001:0000b670       sf_mex_createcellarray     000000018000c670 f   sfc_mex:sfc_mex.obj
 0001:0000b680       sf_mex_setcell             000000018000c680 f   sfc_mex:sfc_mex.obj
 0001:0000b690       sf_mex_getcell             000000018000c690 f   sfc_mex:sfc_mex.obj
 0001:0000b6a0       sf_mex_dup                 000000018000c6a0 f   sfc_mex:sfc_mex.obj
 0001:0000b6c0       sf_mex_assign              000000018000c6c0 f   sfc_mex:sfc_mex.obj
 0001:0000b720       sf_mex_destroy             000000018000c720 f   sfc_mex:sfc_mex.obj
 0001:0000b750       mx_array_has_fi_type       000000018000c750 f   sfc_mex:sfc_mex.obj
 0001:0000b780       sf_mex_convert_from_fi     000000018000c780 f   sfc_mex:sfc_mex.obj
 0001:0000b8e0       sf_mex_convert_to_double   000000018000c8e0 f   sfc_mex:sfc_mex.obj
 0001:0000ba00       sf_mex_import_fi_vs        000000018000ca00 f   sfc_mex:sfc_mex.obj
 0001:0000bc30       sf_matrix_matrix_index_ok  000000018000cc30 f   sfc_mex:sfc_mex.obj
 0001:0000bcc0       sf_vector_vector_index_ok  000000018000ccc0 f   sfc_mex:sfc_mex.obj
 0001:0000bcf0       ssGetCurrentInputPortDimensions_wrapper 000000018000ccf0 f   sfc_mex:sfc_mex.obj
 0001:0000bd10       ssGetCurrentOutputPortDimensions_wrapper 000000018000cd10 f   sfc_mex:sfc_mex.obj
 0001:0000bd30       sf_mex_emlrt_context_is_debug_mode 000000018000cd30 f   sfc_mex:sfc_mex.obj
 0001:0000bd40       sf_mex_emlrt_context_set_debug_mode 000000018000cd40 f   sfc_mex:sfc_mex.obj
 0001:0000bd50       sf_clear_error_manager_info 000000018000cd50 f   sfc_mex:sfc_mex.obj
 0001:0000bda0       sf_mex_stop_simulation_abruptly_wo_error 000000018000cda0 f   sfc_mex:sfc_mex.obj
 0001:0000bde0       sf_mex_error_message       000000018000cde0 f   sfc_mex:sfc_mex.obj
 0001:0000be40       sf_react_to_error_in_matlab_call 000000018000ce40 f   sfc_mex:sfc_mex.obj
 0001:0000be70       sf_mex_addfield            000000018000ce70 f   sfc_mex:sfc_mex.obj
 0001:0000bf10       sf_mex_getfield            000000018000cf10 f   sfc_mex:sfc_mex.obj
 0001:0000c1c0       sf_mex_check_class         000000018000d1c0 f   sfc_mex:sfc_mex.obj
 0001:0000c250       sf_mex_is_real             000000018000d250 f   sfc_mex:sfc_mex.obj
 0001:0000c370       sf_mex_check_complex       000000018000d370 f   sfc_mex:sfc_mex.obj
 0001:0000c3d0       sf_mex_check_sparse        000000018000d3d0 f   sfc_mex:sfc_mex.obj
 0001:0000c440       sf_mex_check_numerictype   000000018000d440 f   sfc_mex:sfc_mex.obj
 0001:0000c6a0       sf_mex_check_fimath        000000018000d6a0 f   sfc_mex:sfc_mex.obj
 0001:0000c900       sf_mex_decode_encoded_mx_struct_array 000000018000d900 f   sfc_mex:sfc_mex.obj
 0001:0000cbd0       sf_mex_lw_bounds_check     000000018000dbd0 f   sfc_mex:sfc_mex.obj
 0001:0000cc00       sf_mex_lw_size_eq_check_1d 000000018000dc00 f   sfc_mex:sfc_mex.obj
 0001:0000cc20       sf_mex_lw_size_eq_check_nd 000000018000dc20 f   sfc_mex:sfc_mex.obj
 0001:0000ce10       sf_mex_lw_dim_size_eq_check 000000018000de10 f   sfc_mex:sfc_mex.obj
 0001:0000ce40       sf_mex_lw_dim_size_geq_check 000000018000de40 f   sfc_mex:sfc_mex.obj
 0001:0000ce70       sf_mex_lw_sub_assign_size_check_nd 000000018000de70 f   sfc_mex:sfc_mex.obj
 0001:0000d0b0       sf_mex_lw_matrix_matrix_index_check 000000018000e0b0 f   sfc_mex:sfc_mex.obj
 0001:0000d140       sf_mex_lw_vector_vector_index_check 000000018000e140 f   sfc_mex:sfc_mex.obj
 0001:0000d180       sf_mex_lw_non_negative_check 000000018000e180 f   sfc_mex:sfc_mex.obj
 0001:0000d1c0       sf_mex_overflow_error      000000018000e1c0 f   sfc_mex:sfc_mex.obj
 0001:0000d1d0       sf_mex_dividebyzero_error  000000018000e1d0 f   sfc_mex:sfc_mex.obj
 0001:0000d1e0       sf_mex_unsafe_enum_error   000000018000e1e0 f   sfc_mex:sfc_mex.obj
 0001:0000d1f0       sf_emlrtErrHandler         000000018000e1f0 f   sfc_mex:sfc_mex.obj
 0001:0000d220       sf_mex_printf              000000018000e220 f   sfc_mex:sfc_mex.obj
 0001:0000d450       sf_mex_check_size          000000018000e450 f   sfc_mex:sfc_mex.obj
 0001:0000d750       sf_mex_check_struct        000000018000e750 f   sfc_mex:sfc_mex.obj
 0001:0000d910       sf_mex_check_struct_vs     000000018000e910 f   sfc_mex:sfc_mex.obj
 0001:0000d9a0       sf_mex_check_fi            000000018000e9a0 f   sfc_mex:sfc_mex.obj
 0001:0000dc00       sf_mex_check_fi_vs         000000018000ec00 f   sfc_mex:sfc_mex.obj
 0001:0000dca0       sf_echo_expression         000000018000eca0 f   sfc_mex:sfc_mex.obj
 0001:0000dd00       sf_assertion_failed        000000018000ed00 f   sfc_mex:sfc_mex.obj
 0001:0000ded0       sf_mex_evalin              000000018000eed0 f   sfc_mex:sfc_mex.obj
 0001:0000e1f0       sf_mex_export              000000018000f1f0 f   sfc_mex:sfc_mex.obj
 0001:0000e290       sf_mex_get_ml_var_no_error 000000018000f290 f   sfc_mex:sfc_mex.obj
 0001:0000e510       sf_mex_get_ml_var          000000018000f510 f   sfc_mex:sfc_mex.obj
 0001:0000e890       ml_set_element_value_in_array 000000018000f890 f   sfc_mex:sfc_mex.obj
 0001:0000fd20       sf_mex_call_impl           0000000180010d20 f   sfc_mex:sfc_mex.obj
 0001:000102e0       sf_mex_call_debug          00000001800112e0 f   sfc_mex:sfc_mex.obj
 0001:00010310       sf_mex_call                0000000180011310 f   sfc_mex:sfc_mex.obj
 0001:00010920       sf_mex_createstruct        0000000180011920 f   sfc_mex:sfc_mex.obj
 0001:00010a10       sf_mex_createstructarray   0000000180011a10 f   sfc_mex:sfc_mex.obj
 0001:00010a90       sf_mex_get_mx_datatype_from_sf_datatype 0000000180011a90 f   sfc_mex:sfc_mex.obj
 0001:00010da0       sf_mex_ml_var_sub          0000000180011da0 f   sfc_mex:sfc_mex.obj
 0001:00010f70       sf_mex_ml_var_subsasgn     0000000180011f70 f   sfc_mex:sfc_mex.obj
 0001:00011380       sf_mex_sub                 0000000180012380 f   sfc_mex:sfc_mex.obj
 0001:000115a0       sf_mex_subsasgn            00000001800125a0 f   sfc_mex:sfc_mex.obj
 0001:00012150       sf_mex_create              0000000180013150 f   sfc_mex:sfc_mex.obj
 0001:00012fd0       sf_mex_import              0000000180013fd0 f   sfc_mex:sfc_mex.obj
 0001:000130e0       sf_mex_import_vs           00000001800140e0 f   sfc_mex:sfc_mex.obj
 0001:000131f0       sf_mex_lower_fixpt_mx_array 00000001800141f0 f   sfc_mex:sfc_mex.obj
 0001:00013830       sim_mode_is_rtw_gen        0000000180014830 f   sfc_mex:sfc_sf.obj
 0001:00013860       sim_mode_is_external       0000000180014860 f   sfc_mex:sfc_sf.obj
 0001:00013870       mdlInitializeSizes         0000000180014870 f   sfc_mex:sfc_sf.obj
 0001:00013890       mdlInitializeSampleTimes   0000000180014890 f   sfc_mex:sfc_sf.obj
 0001:000138d0       mdlZeroCrossings           00000001800148d0 f   sfc_mex:sfc_sf.obj
 0001:000139b0       mdlDerivatives             00000001800149b0 f   sfc_mex:sfc_sf.obj
 0001:00013a60       mdl_initialize_conditions_processing 0000000180014a60 f   sfc_mex:sfc_sf.obj
 0001:00013a90       mdlInitializeConditions    0000000180014a90 f   sfc_mex:sfc_sf.obj
 0001:00013b50       mdlGetSimState             0000000180014b50 f   sfc_mex:sfc_sf.obj
 0001:00013b60       mdlSetSimState             0000000180014b60 f   sfc_mex:sfc_sf.obj
 0001:00013b70       mdl_ext_mode_exec_processing 0000000180014b70 f   sfc_mex:sfc_sf.obj
 0001:00013b90       mdlExtModeExec             0000000180014b90 f   sfc_mex:sfc_sf.obj
 0001:00013df0       mdlTerminate               0000000180014df0 f   sfc_mex:sfc_sf.obj
 0001:00013e60       mdlRTW                     0000000180014e60 f   sfc_mex:sfc_sf.obj
 0001:00013e90       mdlSetWorkWidths           0000000180014e90 f   sfc_mex:sfc_sf.obj
 0001:00013ea0       mdlProcessParameters       0000000180014ea0 f   sfc_mex:sfc_sf.obj
 0001:00013eb0       mdl_start_processing       0000000180014eb0 f   sfc_mex:sfc_sf.obj
 0001:00013ef0       mdlStart                   0000000180014ef0 f   sfc_mex:sfc_sf.obj
 0001:00013fe0       mdlEnable                  0000000180014fe0 f   sfc_mex:sfc_sf.obj
 0001:000140b0       mdlDisable                 00000001800150b0 f   sfc_mex:sfc_sf.obj
 0001:00014160       sf_get_chart_instance_ptr  0000000180015160 f   sfc_mex:sfc_sf.obj
 0001:00014180       sf_rtw_info_uint_prop      0000000180015180 f   sfc_mex:sfc_sf.obj
 0001:00014360       sf_is_chart_inlinable      0000000180015360 f   sfc_mex:sfc_sf.obj
 0001:00014380       sf_mark_output_events_with_multiple_callers 0000000180015380 f   sfc_mex:sfc_sf.obj
 0001:000145a0       sf_mark_chart_reusable_outputs 00000001800155a0 f   sfc_mex:sfc_sf.obj
 0001:00014880       sf_mark_chart_expressionable_inputs 0000000180015880 f   sfc_mex:sfc_sf.obj
 0001:00014c50       sf_get_subchart_simstruct  0000000180015c50 f   sfc_mex:sfc_sf.obj
 0001:00014ca0       sf_write_symbol_mapping    0000000180015ca0 f   sfc_mex:sfc_sf.obj
 0001:00014f50       sf_get_fixpt_data_type_id  0000000180015f50 f   sfc_mex:sfc_sf.obj
 0001:00014f90       sf_get_enum_data_type_id   0000000180015f90 f   sfc_mex:sfc_sf.obj
 0001:00014fd0       sf_get_param_data_type_id  0000000180015fd0 f   sfc_mex:sfc_sf.obj
 0001:00015000       sf_mex_listen_for_ctrl_c_force 0000000180016000 f   sfc_mex:sfc_sf.obj
 0001:00015110       sf_mex_draw_now            0000000180016110 f   sfc_mex:sfc_sf.obj
 0001:00015150       sf_mex_set_debugger_sim_status_listener_fcn 0000000180016150 f   sfc_mex:sfc_sf.obj
 0001:00015160       sf_mex_listen_for_ctrl_c   0000000180016160 f   sfc_mex:sfc_sf.obj
 0001:000151f0       sf_mex_get_sfun_param      00000001800161f0 f   sfc_mex:sfc_sf.obj
 0001:00015240       sf_get_runtime_param_data  0000000180016240 f   sfc_mex:sfc_sf.obj
 0001:00015280       sf_call_output_fcn_call    0000000180016280 f   sfc_mex:sfc_sf.obj
 0001:000153c0       sf_call_output_fcn_enable  00000001800163c0 f   sfc_mex:sfc_sf.obj
 0001:00015450       sf_call_output_fcn_disable 0000000180016450 f   sfc_mex:sfc_sf.obj
 0001:000154e0       sf_clear_rtw_identifier    00000001800164e0 f   sfc_mex:sfc_sf.obj
 0001:00015cb0       sf_set_encoded_dwork_info  0000000180016cb0 f   sfc_mex:sfc_sf.obj
 0001:00015f50       sf_set_rtw_dwork_info      0000000180016f50 f   sfc_mex:sfc_sf.obj
 0001:00016220       mdlOutputs                 0000000180017220 f   sfc_mex:sfc_sf.obj
 0001:00016360       sf_debug_disp              0000000180017360 f   sfc_debug:sfcdebug.obj
 0001:00016630       sf_debug_data_runtime_size_mismatch_error_check 0000000180017630 f   sfc_debug:sfcdebug.obj
 0001:000166d0       sf_debug_try_loading_machine 00000001800176d0 f   sfc_debug:sfcdebug.obj
 0001:000167d0       sf_debug_reset_current_state_configuration 00000001800177d0 f   sfc_debug:sfcdebug.obj
 0001:00016860       sf_debug_store_current_state_configuration 0000000180017860 f   sfc_debug:sfcdebug.obj
 0001:000168f0       sf_debug_restore_previous_state_configuration 00000001800178f0 f   sfc_debug:sfcdebug.obj
 0001:00016980       sf_debug_restore_previous_state_configuration2 0000000180017980 f   sfc_debug:sfcdebug.obj
 0001:00016a10       sf_debug_get_event_scope   0000000180017a10 f   sfc_debug:sfcdebug.obj
 0001:00016b80       use_debugger_step_animation 0000000180017b80 f   sfc_debug:sfcdebug.obj
 0001:00016ba0       sf_debug_get_script_id     0000000180017ba0 f   sfc_debug:sfcdebug.obj
 0001:00016c30       sf_debug_set_script_translation 0000000180017c30 f   sfc_debug:sfcdebug.obj
 0001:00016cf0       sf_debug_get_current_machine_id 0000000180017cf0 f   sfc_debug:sfcdebug.obj
 0001:00016d10       sf_debug_get_current_optional_integer 0000000180017d10 f   sfc_debug:sfcdebug.obj
 0001:00016d20       sf_debug_get_current_machine_number 0000000180017d20 f   sfc_debug:sfcdebug.obj
 0001:00016d40       sf_debug_get_current_machine_name 0000000180017d40 f   sfc_debug:sfcdebug.obj
 0001:00016d60       sf_debug_get_current_chart_id 0000000180017d60 f   sfc_debug:sfcdebug.obj
 0001:00016db0       sf_debug_get_current_chart_number 0000000180017db0 f   sfc_debug:sfcdebug.obj
 0001:00016dc0       sf_debug_get_current_instance_number 0000000180017dc0 f   sfc_debug:sfcdebug.obj
 0001:00016dd0       sf_debug_get_current_is_minor_time_step 0000000180017dd0 f   sfc_debug:sfcdebug.obj
 0001:00016e50       sf_debug_get_current_object_type 0000000180017e50 f   sfc_debug:sfcdebug.obj
 0001:00016e60       sf_debug_get_current_instance_handle 0000000180017e60 f   sfc_debug:sfcdebug.obj
 0001:00016ec0       sf_debug_get_current_event_type 0000000180017ec0 f   sfc_debug:sfcdebug.obj
 0001:00016ed0       sf_debug_get_current_object_id 0000000180017ed0 f   sfc_debug:sfcdebug.obj
 0001:00016f10       sf_debug_get_current_active_event_type 0000000180017f10 f   sfc_debug:sfcdebug.obj
 0001:00016f20       sf_debug_get_current_active_event_id 0000000180017f20 f   sfc_debug:sfcdebug.obj
 0001:00016f60       sf_debug_get_current_tag_type 0000000180017f60 f   sfc_debug:sfcdebug.obj
 0001:00016f70       sf_debug_get_current_simulation_time 0000000180017f70 f   sfc_debug:sfcdebug.obj
 0001:00016f80       sf_debug_get_current_coverage_percentage 0000000180017f80 f   sfc_debug:sfcdebug.obj
 0001:00016f90       sf_debug_current_statement_context 0000000180017f90 f   sfc_debug:sfcdebug.obj
 0001:00017020       sf_debug_get_current_statement_info 0000000180018020 f   sfc_debug:sfcdebug.obj
 0001:000171a0       sf_debug_terminate_instance 00000001800181a0 f   sfc_debug:sfcdebug.obj
 0001:000174c0       sf_debug_assertion_failed  00000001800184c0 f   sfc_debug:sfcdebug.obj
 0001:00017670       sf_debug_set_number_of_data_with_change_event_for_machine 0000000180018670 f   sfc_debug:sfcdebug.obj
 0001:000176b0       sf_debug_set_machine_event_thresholds 00000001800186b0 f   sfc_debug:sfcdebug.obj
 0001:000176d0       sf_debug_set_machine_event_scope 00000001800186d0 f   sfc_debug:sfcdebug.obj
 0001:00017710       sf_debug_set_machine_data_thresholds 0000000180018710 f   sfc_debug:sfcdebug.obj
 0001:00017750       sf_debug_set_machine_data_scope 0000000180018750 f   sfc_debug:sfcdebug.obj
 0001:000177e0       sf_debug_set_machine_data_name 00000001800187e0 f   sfc_debug:sfcdebug.obj
 0001:00017880       sf_debug_set_machine_data_size 0000000180018880 f   sfc_debug:sfcdebug.obj
 0001:000179c0       sf_debug_set_machine_data_type 00000001800189c0 f   sfc_debug:sfcdebug.obj
 0001:00017b30       sf_debug_get_chart_data_number 0000000180018b30 f   sfc_debug:sfcdebug.obj
 0001:00017b50       sf_debug_get_chart_event_number 0000000180018b50 f   sfc_debug:sfcdebug.obj
 0001:00017b70       sf_debug_set_chart_state_info 0000000180018b70 f   sfc_debug:sfcdebug.obj
 0001:00017bf0       sf_debug_set_chart_decomposition 0000000180018bf0 f   sfc_debug:sfcdebug.obj
 0001:00017c60       sf_debug_set_chart_substate_count 0000000180018c60 f   sfc_debug:sfcdebug.obj
 0001:00017d40       sf_debug_set_chart_substate_index 0000000180018d40 f   sfc_debug:sfcdebug.obj
 0001:00017db0       sf_debug_set_chart_state_substate_count 0000000180018db0 f   sfc_debug:sfcdebug.obj
 0001:00017ec0       sf_debug_set_chart_state_substate_index 0000000180018ec0 f   sfc_debug:sfcdebug.obj
 0001:00017f40       sf_debug_set_number_of_data_with_change_event_for_chart 0000000180018f40 f   sfc_debug:sfcdebug.obj
 0001:00017fc0       sf_debug_set_number_of_states_with_entry_event_for_chart 0000000180018fc0 f   sfc_debug:sfcdebug.obj
 0001:00018030       sf_debug_set_number_of_states_with_exit_event_for_chart 0000000180019030 f   sfc_debug:sfcdebug.obj
 0001:000180a0       sf_debug_set_chart_disable_implicit_casting 00000001800190a0 f   sfc_debug:sfcdebug.obj
 0001:00018110       sf_debug_set_chart_event_thresholds 0000000180019110 f   sfc_debug:sfcdebug.obj
 0001:00018180       sf_debug_set_chart_data_compiled_props 0000000180019180 f   sfc_debug:sfcdebug.obj
 0001:000184c0       sf_debug_set_chart_data_props 00000001800194c0 f   sfc_debug:sfcdebug.obj
 0001:000187f0       sf_debug_check_fi_license  00000001800197f0 f   sfc_debug:sfcdebug.obj
 0001:000189e0       sf_debug_symbol_scope_push 00000001800199e0 f   sfc_debug:sfcdebug.obj
 0001:00018ac0       sf_debug_symbol_scope_push_eml 0000000180019ac0 f   sfc_debug:sfcdebug.obj
 0001:00018ba0       sf_debug_symbol_scope_pop  0000000180019ba0 f   sfc_debug:sfcdebug.obj
 0001:00018be0       sf_debug_symbol_scope_add  0000000180019be0 f   sfc_debug:sfcdebug.obj
 0001:00018c60       sf_debug_symbol_scope_add_eml 0000000180019c60 f   sfc_debug:sfcdebug.obj
 0001:00018ca0       sf_debug_symbol_scope_add_dyn 0000000180019ca0 f   sfc_debug:sfcdebug.obj
 0001:00018d50       sf_debug_symbol_scope_add_eml_dyn 0000000180019d50 f   sfc_debug:sfcdebug.obj
 0001:00018db0       sf_debug_symbol_switch     0000000180019db0 f   sfc_debug:sfcdebug.obj
 0001:00018dd0       sf_debug_symbol_scope_add_verbose 0000000180019dd0 f   sfc_debug:sfcdebug.obj
 0001:00018ea0       sf_debug_set_machine_data_value_ptr 0000000180019ea0 f   sfc_debug:sfcdebug.obj
 0001:00018ee0       sf_debug_set_instance_data_value_ptr 0000000180019ee0 f   sfc_debug:sfcdebug.obj
 0001:00018fa0       sf_debug_unset_instance_data_value_ptr 0000000180019fa0 f   sfc_debug:sfcdebug.obj
 0001:00019050       sf_debug_set_chart_event_scope 000000018001a050 f   sfc_debug:sfcdebug.obj
 0001:000190d0       sf_debug_set_chart_transition_coverage_maps 000000018001a0d0 f   sfc_debug:sfcdebug.obj
 0001:000191e0       sf_debug_set_chart_state_coverage_maps 000000018001a1e0 f   sfc_debug:sfcdebug.obj
 0001:000192c0       sf_debug_set_instance_transition_coverage_weights 000000018001a2c0 f   sfc_debug:sfcdebug.obj
 0001:00019360       sf_debug_set_instance_state_coverage_weights 000000018001a360 f   sfc_debug:sfcdebug.obj
 0001:000195b0       sf_debug_unload_machine    000000018001a5b0 f   sfc_debug:sfcdebug.obj
 0001:00019600       sf_debug_load_machine      000000018001a600 f   sfc_debug:sfcdebug.obj
 0001:00019710       sf_debug_set_active_instance_in_data_dictionary 000000018001a710 f   sfc_debug:sfcdebug.obj
 0001:000198f0       sf_debug_set_active_instance 000000018001a8f0 f   sfc_debug:sfcdebug.obj
 0001:00019a40       sf_debug_chart_visiblity_change 000000018001aa40 f   sfc_debug:sfcdebug.obj
 0001:00019b20       sf_debug_select_chart      000000018001ab20 f   sfc_debug:sfcdebug.obj
 0001:00019c00       sf_debug_set_instance_cv_ids 000000018001ac00 f   sfc_debug:sfcdebug.obj
 0001:00019f20       sf_debug_select_charts     000000018001af20 f   sfc_debug:sfcdebug.obj
 0001:0001a060       sf_debug_initialized       000000018001b060 f   sfc_debug:sfcdebug.obj
 0001:0001a070       sf_debug_is_uninterruptible 000000018001b070 f   sfc_debug:sfcdebug.obj
 0001:0001a0a0       sf_debug_initialize_debugger_gui 000000018001b0a0 f   sfc_debug:sfcdebug.obj
 0001:0001a480       sf_debug_resume            000000018001b480 f   sfc_debug:sfcdebug.obj
 0001:0001a4a0       sf_debug_go                000000018001b4a0 f   sfc_debug:sfcdebug.obj
 0001:0001a4b0       sf_debug_break             000000018001b4b0 f   sfc_debug:sfcdebug.obj
 0001:0001a4c0       sf_debug_step_over         000000018001b4c0 f   sfc_debug:sfcdebug.obj
 0001:0001a4d0       sf_debug_step_out          000000018001b4d0 f   sfc_debug:sfcdebug.obj
 0001:0001a4e0       sf_debug_set_disable_all_breakpoints 000000018001b4e0 f   sfc_debug:sfcdebug.obj
 0001:0001a4f0       sf_debug_disable_all_breakpoints_and_go 000000018001b4f0 f   sfc_debug:sfcdebug.obj
 0001:0001a500       sf_debug_break_on_chart_entry 000000018001b500 f   sfc_debug:sfcdebug.obj
 0001:0001a510       sf_debug_break_on_event_broadcast 000000018001b510 f   sfc_debug:sfcdebug.obj
 0001:0001a520       sf_debug_break_on_state_entry 000000018001b520 f   sfc_debug:sfcdebug.obj
 0001:0001a530       sf_debug_break_between_times 000000018001b530 f   sfc_debug:sfcdebug.obj
 0001:0001a550       sf_debug_browse_data       000000018001b550 f   sfc_debug:sfcdebug.obj
 0001:0001a570       sf_debug_watch_data        000000018001b570 f   sfc_debug:sfcdebug.obj
 0001:0001a590       sf_debug_whos              000000018001b590 f   sfc_debug:sfcdebug.obj
 0001:0001a5b0       sf_debug_get_consistency_info 000000018001b5b0 f   sfc_debug:sfcdebug.obj
 0001:0001a5c0       sf_debug_browse_trace      000000018001b5c0 f   sfc_debug:sfcdebug.obj
 0001:0001a5d0       sf_debug_set_breakpoints   000000018001b5d0 f   sfc_debug:sfcdebug.obj
 0001:0001a720       sf_debug_set_eml_breakpoints 000000018001b720 f   sfc_debug:sfcdebug.obj
 0001:0001a880       sf_debug_set_script_breakpoints 000000018001b880 f   sfc_debug:sfcdebug.obj
 0001:0001a900       sf_debug_add_script_breakpoints 000000018001b900 f   sfc_debug:sfcdebug.obj
 0001:0001a970       sf_debug_clear_script_breakpoints 000000018001b970 f   sfc_debug:sfcdebug.obj
 0001:0001a9e0       sf_debug_query_script_breakpoints 000000018001b9e0 f   sfc_debug:sfcdebug.obj
 0001:0001aaa0       sf_debug_get_eml_script_id 000000018001baa0 f   sfc_debug:sfcdebug.obj
 0001:0001ab60       sf_debug_set_watch         000000018001bb60 f   sfc_debug:sfcdebug.obj
 0001:0001ad80       sf_debug_get_coverage      000000018001bd80 f   sfc_debug:sfcdebug.obj
 0001:0001ad90       sf_debug_get_instance_handle 000000018001bd90 f   sfc_debug:sfcdebug.obj
 0001:0001ae20       sf_debug_get_active_states 000000018001be20 f   sfc_debug:sfcdebug.obj
 0001:0001ae30       sf_debug_get_animation     000000018001be30 f   sfc_debug:sfcdebug.obj
 0001:0001ae40       sf_debug_set_animation     000000018001be40 f   sfc_debug:sfcdebug.obj
 0001:0001ae50       sf_debug_animate           000000018001be50 f   sfc_debug:sfcdebug.obj
 0001:0001ae80       sf_debug_cycle_detection_check 000000018001be80 f   sfc_debug:sfcdebug.obj
 0001:0001ae90       sf_debug_data_range_check  000000018001be90 f   sfc_debug:sfcdebug.obj
 0001:0001aea0       sf_debug_transition_conflict_check 000000018001bea0 f   sfc_debug:sfcdebug.obj
 0001:0001aeb0       sf_debug_state_consistency_check 000000018001beb0 f   sfc_debug:sfcdebug.obj
 0001:0001aec0       sf_debug_data_range_check_enabled 000000018001bec0 f   sfc_debug:sfcdebug.obj
 0001:0001aee0       sf_debug_transition_conflict_check_enabled 000000018001bee0 f   sfc_debug:sfcdebug.obj
 0001:0001af00       sf_debug_transition_conflict_check_begin 000000018001bf00 f   sfc_debug:sfcdebug.obj
 0001:0001af20       sf_debug_transition_conflict_check_end 000000018001bf20 f   sfc_debug:sfcdebug.obj
 0001:0001af40       sf_debug_stop_debugging    000000018001bf40 f   sfc_debug:sfcdebug.obj
 0001:0001af70       sf_debug_is_cycle_detected 000000018001bf70 f   sfc_debug:sfcdebug.obj
 0001:0001af80       sf_debug_is_array_bounds_detected 000000018001bf80 f   sfc_debug:sfcdebug.obj
 0001:0001af90       sf_debug_get_state_vectors_data_size 000000018001bf90 f   sfc_debug:sfcdebug.obj
 0001:0001afd0       sf_debug_get_state_vectors_data 000000018001bfd0 f   sfc_debug:sfcdebug.obj
 0001:0001b0e0       sf_debug_set_state_vectors_data 000000018001c0e0 f   sfc_debug:sfcdebug.obj
 0001:0001b3c0       sf_debug_get_script_index  000000018001c3c0 f   sfc_debug:sfcdebug.obj
 0001:0001b540       sf_debug_add_script        000000018001c540 f   sfc_debug:sfcdebug.obj
 0001:0001b720       cv_eval_point              000000018001c720 f   sfc_debug:sfcdebug.obj
 0001:0001b890       sf_debug_cv_init_state     000000018001c890 f   sfc_debug:sfcdebug.obj
 0001:0001b9b0       sf_debug_cv_init_chart     000000018001c9b0 f   sfc_debug:sfcdebug.obj
 0001:0001ba90       sf_debug_cv_init_trans     000000018001ca90 f   sfc_debug:sfcdebug.obj
 0001:0001bc00       cv_eml_init_script         000000018001cc00 f   sfc_debug:sfcdebug.obj
 0001:0001bd30       cv_eml_init_fcn            000000018001cd30 f   sfc_debug:sfcdebug.obj
 0001:0001be30       cv_eml_init_testobjective  000000018001ce30 f   sfc_debug:sfcdebug.obj
 0001:0001bf30       cv_eml_init_if             000000018001cf30 f   sfc_debug:sfcdebug.obj
 0001:0001c030       cv_eml_init_for            000000018001d030 f   sfc_debug:sfcdebug.obj
 0001:0001c120       cv_eml_init_while          000000018001d120 f   sfc_debug:sfcdebug.obj
 0001:0001c210       cv_eml_init_mcdc           000000018001d210 f   sfc_debug:sfcdebug.obj
 0001:0001c350       cv_eml_init_switch         000000018001d350 f   sfc_debug:sfcdebug.obj
 0001:0001c470       cv_eml_eval                000000018001d470 f   sfc_debug:sfcdebug.obj
 0001:0001c570       sf_debug_bm_is_a_eml_breakpoint 000000018001d570 f   sfc_debug:sfcdebug.obj
 0001:0001c760       sf_debug_temporal_threshold 000000018001d760 f   sfc_debug:sfcdebug.obj
 0001:0001cb00       sf_debug_transition_conflict_error 000000018001db00 f   sfc_debug:sfcdebug.obj
 0001:0001ce60       sf_debug_state_inconsistency_error 000000018001de60 f   sfc_debug:sfcdebug.obj
 0001:0001cf70       sf_debug_check_for_state_inconsistency 000000018001df70 f   sfc_debug:sfcdebug.obj
 0001:0001cfa0       sf_debug_cycle_detecton_error 000000018001dfa0 f   sfc_debug:sfcdebug.obj
 0001:0001d740       sf_debug_size_eq_check_1d  000000018001e740 f   sfc_debug:sfcdebug.obj
 0001:0001d760       sf_debug_size_eq_check_nd  000000018001e760 f   sfc_debug:sfcdebug.obj
 0001:0001d950       sf_debug_dim_size_eq_check 000000018001e950 f   sfc_debug:sfcdebug.obj
 0001:0001d980       sf_debug_dim_size_geq_check 000000018001e980 f   sfc_debug:sfcdebug.obj
 0001:0001d9b0       sf_debug_sub_assign_size_check_nd 000000018001e9b0 f   sfc_debug:sfcdebug.obj
 0001:0001dc00       sf_debug_matrix_matrix_index_check 000000018001ec00 f   sfc_debug:sfcdebug.obj
 0001:0001dc30       sf_debug_vector_vector_index_check 000000018001ec30 f   sfc_debug:sfcdebug.obj
 0001:0001dc60       sf_debug_data_array_bounds_error_check 000000018001ec60 f   sfc_debug:sfcdebug.obj
 0001:0001dd70       sf_debug_eml_data_array_bounds_error_check 000000018001ed70 f   sfc_debug:sfcdebug.obj
 0001:0001e230       sf_debug_integer_check     000000018001f230 f   sfc_debug:sfcdebug.obj
 0001:0001e300       sf_debug_not_nan_check     000000018001f300 f   sfc_debug:sfcdebug.obj
 0001:0001e3c0       sf_debug_non_negative_check 000000018001f3c0 f   sfc_debug:sfcdebug.obj
 0001:0001e480       sf_debug_overflow_detection 000000018001f480 f   sfc_debug:sfcdebug.obj
 0001:0001eb40       sf_debug_cast_to_real32_T  000000018001fb40 f   sfc_debug:sfcdebug.obj
 0001:0001ec00       sf_debug_cast_to_int8_T    000000018001fc00 f   sfc_debug:sfcdebug.obj
 0001:0001ecc0       sf_debug_cast_to_uint8_T   000000018001fcc0 f   sfc_debug:sfcdebug.obj
 0001:0001ed80       sf_debug_cast_to_int16_T   000000018001fd80 f   sfc_debug:sfcdebug.obj
 0001:0001ee40       sf_debug_cast_to_uint16_T  000000018001fe40 f   sfc_debug:sfcdebug.obj
 0001:0001ef00       sf_debug_cast_to_int32_T   000000018001ff00 f   sfc_debug:sfcdebug.obj
 0001:0001efb0       sf_debug_cast_to_uint32_T  000000018001ffb0 f   sfc_debug:sfcdebug.obj
 0001:0001f070       sf_debug_data_range_error  0000000180020070 f   sfc_debug:sfcdebug.obj
 0001:0001f4d0       sf_debug_data_range_error_wrapper_min_max 00000001800204d0 f   sfc_debug:sfcdebug.obj
 0001:0001f5c0       sf_debug_data_range_error_wrapper_min 00000001800205c0 f   sfc_debug:sfcdebug.obj
 0001:0001f6a0       sf_debug_data_range_error_wrapper_max 00000001800206a0 f   sfc_debug:sfcdebug.obj
 0001:0001f780       sf_debug_data_range_wrapper 0000000180020780 f   sfc_debug:sfcdebug.obj
 0001:0001f830       sf_debug_set_current_status_info 0000000180020830 f   sfc_debug:sfcdebug.obj
 0001:0001fd00       sf_debug_call              0000000180020d00 f   sfc_debug:sfcdebug.obj
 0001:00020bb0       sf_debug_initialize_machine 0000000180021bb0 f   sfc_debug:sfcdebug.obj
 0001:00021030       sf_debug_initialize_chart  0000000180022030 f   sfc_debug:sfcdebug.obj
 0001:00021510       sf_debug_ensure_script     0000000180022510 f   sfc_debug:sfcdebug.obj
 0001:00021680       cv_script_init_script      0000000180022680 f   sfc_debug:sfcdebug.obj
 0001:00021800       cv_script_init_fcn         0000000180022800 f   sfc_debug:sfcdebug.obj
 0001:00021950       cv_script_init_testobjective 0000000180022950 f   sfc_debug:sfcdebug.obj
 0001:00021aa0       cv_script_init_if          0000000180022aa0 f   sfc_debug:sfcdebug.obj
 0001:00021bf0       cv_script_init_for         0000000180022bf0 f   sfc_debug:sfcdebug.obj
 0001:00021d40       cv_script_init_while       0000000180022d40 f   sfc_debug:sfcdebug.obj
 0001:00021e90       cv_script_init_mcdc        0000000180022e90 f   sfc_debug:sfcdebug.obj
 0001:00022030       cv_script_init_switch      0000000180023030 f   sfc_debug:sfcdebug.obj
 0001:000221a0       cv_script_eval             00000001800231a0 f   sfc_debug:sfcdebug.obj
 0001:00022300       eml_debug_line_call        0000000180023300 f   sfc_debug:sfcdebug.obj
 0001:000224b0       sf_debug_terminate         00000001800234b0 f   sfc_debug:sfcdebug.obj
 0001:000226f0       sf_debug_set_script_cv_ids 00000001800236f0 f   sfc_debug:sfcdebug.obj
 0001:000228c0       sf_debug_api               00000001800238c0 f   sfc_debug:sfc_api.obj
 0001:00024160       sf_debug_sm_terminate      0000000180025160 f   sfc_debug:sfdb_animation.obj
 0001:00024320       sf_debug_reset_path_objects 0000000180025320 f   sfc_debug:sfdb_animation.obj
 0001:000243a0       sf_debug_sm_reset_object_selection_status 00000001800253a0 f   sfc_debug:sfdb_animation.obj
 0001:00024440       sf_debug_sm_reset_state_buffer 0000000180025440 f   sfc_debug:sfdb_animation.obj
 0001:00024520       sf_debug_sm_store_state_buffer 0000000180025520 f   sfc_debug:sfdb_animation.obj
 0001:000245a0       sf_debug_sm_restore_state_buffer1 00000001800255a0 f   sfc_debug:sfdb_animation.obj
 0001:00024610       sf_debug_sm_restore_state_buffer2 0000000180025610 f   sfc_debug:sfdb_animation.obj
 0001:00024680       sf_debug_sm_chart_active   0000000180025680 f   sfc_debug:sfdb_animation.obj
 0001:000246d0       sf_debug_sm_select_active_objects 00000001800256d0 f   sfc_debug:sfdb_animation.obj
 0001:00024b60       sf_debug_sm_is_chart_active 0000000180025b60 f   sfc_debug:sfdb_animation.obj
 0001:00024ba0       sf_debug_sm_is_state_active 0000000180025ba0 f   sfc_debug:sfdb_animation.obj
 0001:00024de0       sf_debug_sm_get_active_states 0000000180025de0 f   sfc_debug:sfdb_animation.obj
 0001:00025390       sf_debug_sm_initialize_instance 0000000180026390 f   sfc_debug:sfdb_animation.obj
 0001:00025640       sf_debug_sm_change_object_selection_status 0000000180026640 f   sfc_debug:sfdb_animation.obj
 0001:00025930       cv_create_interface        0000000180026930 f   sfc_debug:cv_sfinterface.obj
 0001:00025c80       cv_init_trans              0000000180026c80 f   sfc_debug:cv_sfinterface.obj
 0001:00025cd0       cv_init_state              0000000180026cd0 f   sfc_debug:cv_sfinterface.obj
 0001:00025d40       cv_init_chart              0000000180026d40 f   sfc_debug:cv_sfinterface.obj
 0001:00025d90       cv_dec_update_call         0000000180026d90 f   sfc_debug:cv_sfinterface.obj
 0001:00025dd0       cv_cond_update_call        0000000180026dd0 f   sfc_debug:cv_sfinterface.obj
 0001:00025e10       cv_sigrange_update         0000000180026e10 f   sfc_debug:cv_sfinterface.obj
 0001:00025e50       cvsf_eml_eval              0000000180026e50 f   sfc_debug:cv_sfinterface.obj
 0001:00025f30       cvsf_eml_init_script       0000000180026f30 f   sfc_debug:cv_sfinterface.obj
 0001:00025fb0       cvsf_eml_init_fcn          0000000180026fb0 f   sfc_debug:cv_sfinterface.obj
 0001:00026010       cvsf_eml_init_testobjective 0000000180027010 f   sfc_debug:cv_sfinterface.obj
 0001:00026070       cvsf_eml_init_if           0000000180027070 f   sfc_debug:cv_sfinterface.obj
 0001:000260d0       cvsf_eml_init_for          00000001800270d0 f   sfc_debug:cv_sfinterface.obj
 0001:00026120       cvsf_eml_init_while        0000000180027120 f   sfc_debug:cv_sfinterface.obj
 0001:00026170       cvsf_eml_init_mcdc         0000000180027170 f   sfc_debug:cv_sfinterface.obj
 0001:00026200       cvsf_eml_init_switch       0000000180027200 f   sfc_debug:cv_sfinterface.obj
 0001:00026270       cvsf_script_eval           0000000180027270 f   sfc_debug:cv_sfinterface.obj
 0001:00026350       cvsf_script_init_script    0000000180027350 f   sfc_debug:cv_sfinterface.obj
 0001:000263d0       cvsf_script_init_fcn       00000001800273d0 f   sfc_debug:cv_sfinterface.obj
 0001:00026430       cvsf_script_init_testobjective 0000000180027430 f   sfc_debug:cv_sfinterface.obj
 0001:00026490       cvsf_script_init_if        0000000180027490 f   sfc_debug:cv_sfinterface.obj
 0001:000264f0       cvsf_script_init_for       00000001800274f0 f   sfc_debug:cv_sfinterface.obj
 0001:00026540       cvsf_script_init_while     0000000180027540 f   sfc_debug:cv_sfinterface.obj
 0001:00026590       cvsf_script_init_mcdc      0000000180027590 f   sfc_debug:cv_sfinterface.obj
 0001:00026620       cvsf_script_init_switch    0000000180027620 f   sfc_debug:cv_sfinterface.obj
 0001:00026690       cv_destroy_interface       0000000180027690 f   sfc_debug:cv_sfinterface.obj
 0001:000266b0       cv_create_instance_objects 00000001800276b0 f   sfc_debug:cv_sfinterface.obj
 0001:00026b60       cv_is_enabled              0000000180027b60 f   sfc_debug:cv_sfinterface.obj
 0001:00026b70       sf_debug_cv_initialize_script 0000000180027b70 f   sfc_debug:cv_sfinterface.obj
 0001:00026d10       sf_debug_cv_initialize_instance 0000000180027d10 f   sfc_debug:cv_sfinterface.obj
 0001:000270a0       sf_debug_cv_terminate_chart 00000001800280a0 f   sfc_debug:cv_sfinterface.obj
 0001:000271e0       cv_call_trans_test         00000001800281e0 f   sfc_debug:cv_sfinterface.obj
 0001:000271f0       cv_call_sub_cond_test      00000001800281f0 f   sfc_debug:cv_sfinterface.obj
 0001:00027320       sf_debug_hm_initialize_instance 0000000180028320 f   sfc_debug:sfdb_handle_management.obj
 0001:00027940       sf_debug_hm_get_object_id  0000000180028940 f   sfc_debug:sfdb_handle_management.obj
 0001:00029850       sf_debug_object_is_eml_function 000000018002a850 f   sfc_debug:sfdb_handle_management.obj
 0001:000298c0       sf_debug_hm_initialize_ids_in_machine 000000018002a8c0 f   sfc_debug:sfdb_handle_management.obj
 0001:00029a30       sf_debug_hm_initialize_ids_in_chart 000000018002aa30 f   sfc_debug:sfdb_handle_management.obj
 0001:00029b70       sf_debug_hm_initialize_chart 000000018002ab70 f   sfc_debug:sfdb_handle_management.obj
 0001:0002a420       sf_debug_hm_terminate      000000018002b420 f   sfc_debug:sfdb_handle_management.obj
 0001:0002a480       sf_debug_hm_initialize_machine 000000018002b480 f   sfc_debug:sfdb_handle_management.obj
 0001:0002ad30       sf_debug_st_initialize_machine 000000018002bd30 f   sfc_debug:sfdb_data_browse.obj
 0001:0002adf0       sf_debug_st_initialize_instance 000000018002bdf0 f   sfc_debug:sfdb_data_browse.obj
 0001:0002b200       sf_debug_st_terminate      000000018002c200 f   sfc_debug:sfdb_data_browse.obj
 0001:0002b5b0       sf_debug_st_set_data_value_ptr_in_machine 000000018002c5b0 f   sfc_debug:sfdb_data_browse.obj
 0001:0002b640       sf_debug_st_set_data_value_ptr_in_instance 000000018002c640 f   sfc_debug:sfdb_data_browse.obj
 0001:0002b720       sf_debug_st_unset_data_value_ptr_in_machine 000000018002c720 f   sfc_debug:sfdb_data_browse.obj
 0001:0002b790       sf_debug_st_unset_data_value_ptr_in_instance 000000018002c790 f   sfc_debug:sfdb_data_browse.obj
 0001:0002ba50       sf_debug_mx_value          000000018002ca50 f   sfc_debug:sfdb_data_browse.obj
 0001:0002bab0       sf_debug_mx_packed_vector  000000018002cab0 f   sfc_debug:sfdb_data_browse.obj
 0001:0002bb90       sf_debug_mx_uint_vector    000000018002cb90 f   sfc_debug:sfdb_data_browse.obj
 0001:0002bc40       sf_debug_st_get_double_value_from_void_ptr_vector 000000018002cc40 f   sfc_debug:sfdb_data_browse.obj
 0001:0002c7a0       sf_debug_st_browse_data    000000018002d7a0 f   sfc_debug:sfdb_data_browse.obj
 0001:0002cf40       sf_debug_ss_initialize     000000018002df40 f   sfc_debug:sfdb_symbol_scope.obj
 0001:0002cf60       sf_debug_ss_terminate      000000018002df60 f   sfc_debug:sfdb_symbol_scope.obj
 0001:0002cff0       sf_debug_ss_push_symbol_scope 000000018002dff0 f   sfc_debug:sfdb_symbol_scope.obj
 0001:0002d0f0       sf_debug_ss_push_symbol_scope_eml 000000018002e0f0 f   sfc_debug:sfdb_symbol_scope.obj
 0001:0002d150       sf_debug_ss_pop_symbol_scope 000000018002e150 f   sfc_debug:sfdb_symbol_scope.obj
 0001:0002d200       sf_debug_ss_add_symbol     000000018002e200 f   sfc_debug:sfdb_symbol_scope.obj
 0001:0002d350       sf_debug_ss_add_symbol_eml 000000018002e350 f   sfc_debug:sfdb_symbol_scope.obj
 0001:0002e3b0       sf_debug_ss_watch_data     000000018002f3b0 f   sfc_debug:sfdb_symbol_scope.obj
 0001:0002ede0       get_data_entry_name        000000018002fde0 f   sfc_debug:sfdb_symbol_scope.obj
 0001:0002ee30       sf_debug_ss_whos           000000018002fe30 f   sfc_debug:sfdb_symbol_scope.obj
 0001:0002f6d0       sf_debug_cc_initialize_chart 00000001800306d0 f   sfc_debug:sfdb_coverage.obj
 0001:000300c0       sf_debug_cc_initialize_instance 00000001800310c0 f   sfc_debug:sfdb_coverage.obj
 0001:00030ec0       sf_debug_cc_terminate      0000000180031ec0 f   sfc_debug:sfdb_coverage.obj
 0001:00030fb0       sf_debug_cc_set_transition_maps 0000000180031fb0 f   sfc_debug:sfdb_coverage.obj
 0001:000310e0       sf_debug_cc_set_state_maps 00000001800320e0 f   sfc_debug:sfdb_coverage.obj
 0001:000311c0       sf_debug_cc_set_transition_weights 00000001800321c0 f   sfc_debug:sfdb_coverage.obj
 0001:00031490       sf_debug_cc_set_state_weights 0000000180032490 f   sfc_debug:sfdb_coverage.obj
 0001:00031770       sf_debug_cc_mark_transition_guard 0000000180032770 f   sfc_debug:sfdb_coverage.obj
 0001:00031890       sf_debug_cc_mark_transition_trigger 0000000180032890 f   sfc_debug:sfdb_coverage.obj
 0001:000319b0       sf_debug_cc_mark_transition_decision 00000001800329b0 f   sfc_debug:sfdb_coverage.obj
 0001:00031a20       sf_debug_cc_mark_transition_condition_action 0000000180032a20 f   sfc_debug:sfdb_coverage.obj
 0001:00031af0       sf_debug_cc_mark_transition_transition_action 0000000180032af0 f   sfc_debug:sfdb_coverage.obj
 0001:00031bc0       sf_debug_cc_mark_state_entry 0000000180032bc0 f   sfc_debug:sfdb_coverage.obj
 0001:00031c90       sf_debug_cc_mark_state_during 0000000180032c90 f   sfc_debug:sfdb_coverage.obj
 0001:00031d60       sf_debug_cc_mark_state_exit 0000000180032d60 f   sfc_debug:sfdb_coverage.obj
 0001:00032620       sf_debug_cc_get_coverage   0000000180033620 f   sfc_debug:sfdb_coverage.obj
 0001:00032bb0       sf_debug_bm_clear_script_breakpoints 0000000180033bb0 f   sfc_debug:sfdb_breakpoints.obj
 0001:00032be0       sf_debug_bm_set_script_breakpoint 0000000180033be0 f   sfc_debug:sfdb_breakpoints.obj
 0001:00032c60       sf_debug_bm_clear_single_script_breakpoint 0000000180033c60 f   sfc_debug:sfdb_breakpoints.obj
 0001:00032ce0       sf_debug_bm_query_script_breakpoint 0000000180033ce0 f   sfc_debug:sfdb_breakpoints.obj
 0001:00032d30       sf_debug_bm_initialize_scripts 0000000180033d30 f   sfc_debug:sfdb_breakpoints.obj
 0001:00033450       sf_debug_bm_terminate      0000000180034450 f   sfc_debug:sfdb_breakpoints.obj
 0001:00033750       sf_debug_bm_remove_all_breakpoints_in_machine 0000000180034750 f   sfc_debug:sfdb_breakpoints.obj
 0001:000337c0       sf_debug_bm_remove_all_breakpoints_in_chart 00000001800347c0 f   sfc_debug:sfdb_breakpoints.obj
 0001:00033910       sf_debug_bm_initialize_global_breakpoints 0000000180034910 f   sfc_debug:sfdb_breakpoints.obj
 0001:00033a90       sf_debug_bm_set_breakpoint 0000000180034a90 f   sfc_debug:sfdb_breakpoints.obj
 0001:00034090       sf_debug_bm_set_eml_breakpoint 0000000180035090 f   sfc_debug:sfdb_breakpoints.obj
 0001:00034130       sf_debug_bm_initialize_machine_breakpoint_map 0000000180035130 f   sfc_debug:sfdb_breakpoints.obj
 0001:00034620       sf_debug_bm_is_a_breakpoint 0000000180035620 f   sfc_debug:sfdb_breakpoints.obj
 0001:00034b40       sf_debug_bm_get_all_breakpoints_in_machine 0000000180035b40 f   sfc_debug:sfdb_breakpoints.obj
 0001:00034e40       sf_debug_bm_get_all_breakpoints_in_chart 0000000180035e40 f   sfc_debug:sfdb_breakpoints.obj
 0001:00035af0       sf_debug_bm_initialize_machine 0000000180036af0 f   sfc_debug:sfdb_breakpoints.obj
 0001:00035bc0       sf_debug_bm_initialize_chart 0000000180036bc0 f   sfc_debug:sfdb_breakpoints.obj
 0001:00036100       sf_debug_sc_terminate      0000000180037100 f   sfc_debug:sfdb_state_consistency.obj
 0001:00036430       sf_debug_sc_is_chart_consistent 0000000180037430 f   sfc_debug:sfdb_state_consistency.obj
 0001:000366d0       sf_debug_sc_get_consistency_error_info 00000001800376d0 f   sfc_debug:sfdb_state_consistency.obj
 0001:00036b00       sf_debug_tm_terminate      0000000180037b00 f   sfc_debug:sfdb_call_stack.obj
 0001:00036bc0       sf_debug_tm_push_chart_instance 0000000180037bc0 f   sfc_debug:sfdb_call_stack.obj
 0001:00036d20       sf_debug_tm_pop_chart_instance 0000000180037d20 f   sfc_debug:sfdb_call_stack.obj
 0001:00036d80       sf_debug_tm_push_trace_node 0000000180037d80 f   sfc_debug:sfdb_call_stack.obj
 0001:00036f10       sf_debug_tm_pop_trace_node 0000000180037f10 f   sfc_debug:sfdb_call_stack.obj
 0001:00036f90       sf_debug_tm_get_current_global_trace_index 0000000180037f90 f   sfc_debug:sfdb_call_stack.obj
 0001:00036fa0       sf_debug_tm_get_current_local_trace_index 0000000180037fa0 f   sfc_debug:sfdb_call_stack.obj
 0001:00036fd0       sf_debug_tm_set_cycle_detected_flag 0000000180037fd0 f   sfc_debug:sfdb_call_stack.obj
 0001:00037010       sf_debug_tm_set_cycle_started_flag 0000000180038010 f   sfc_debug:sfdb_call_stack.obj
 0001:00037050       sf_debug_tm_get_chart_number_from_stack 0000000180038050 f   sfc_debug:sfdb_call_stack.obj
 0001:00037230       sf_debug_tm_browse_trace   0000000180038230 f   sfc_debug:sfdb_call_stack.obj
 0001:00037560       sf_debug_cd_initialize_instance 0000000180038560 f   sfc_debug:sfdb_cycle_detection.obj
 0001:00037810       sf_debug_cd_mark_processed_transition_in_instance 0000000180038810 f   sfc_debug:sfdb_cycle_detection.obj
 0001:000378b0       sf_debug_cd_checksum_push  00000001800388b0 f   sfc_debug:sfdb_cycle_detection.obj
 0001:00037b70       sf_debug_cd_checksum_pop   0000000180038b70 f   sfc_debug:sfdb_cycle_detection.obj
 0001:00037be0       sf_debug_cd_turn_off_cycle_detection 0000000180038be0 f   sfc_debug:sfdb_cycle_detection.obj
 0001:00037c30       sf_debug_cd_terminate      0000000180038c30 f   sfc_debug:sfdb_cycle_detection.obj
 0001:00037e70       md5_initialize_state       0000000180038e70 f   sfc_debug:ckmd5.obj
 0001:000389f0       md5_update_state           00000001800399f0 f   sfc_debug:ckmd5.obj
 0001:00038ad0       md5_get_hash               0000000180039ad0 f   sfc_debug:ckmd5.obj
 0001:00038b00       md5_get_hash_for_a_single_string 0000000180039b00 f   sfc_debug:ckmd5.obj
 0001:00038c5a       mxGetPr                    0000000180039c5a f   libmx:libmx.dll
 0001:00038c60       mxCreateDoubleScalar       0000000180039c60 f   libmx:libmx.dll
 0001:00038c66       mxSetField_730             0000000180039c66 f   libmx:libmx.dll
 0001:00038c6c       mxCreateDoubleMatrix_730   0000000180039c6c f   libmx:libmx.dll
 0001:00038c72       mxCreateStructMatrix_730   0000000180039c72 f   libmx:libmx.dll
 0001:00038c78       mxDestroyArray             0000000180039c78 f   libmx:libmx.dll
 0001:00038c7e       mxCreateString             0000000180039c7e f   libmx:libmx.dll
 0001:00038c84       mxDuplicateArray           0000000180039c84 f   libmx:libmx.dll
 0001:00038c8a       mxIsEmpty                  0000000180039c8a f   libmx:libmx.dll
 0001:00038c90       mxGetString_730            0000000180039c90 f   libmx:libmx.dll
 0001:00038c96       mxIsChar                   0000000180039c96 f   libmx:libmx.dll
 0001:00038c9c       mxGetClassID               0000000180039c9c f   libmx:libmx.dll
 0001:00038ca2       mxIsNumeric                0000000180039ca2 f   libmx:libmx.dll
 0001:00038ca8       mxIsComplex                0000000180039ca8 f   libmx:libmx.dll
 0001:00038cae       mxGetN                     0000000180039cae f   libmx:libmx.dll
 0001:00038cb4       mxGetM                     0000000180039cb4 f   libmx:libmx.dll
 0001:00038cba       mxCalloc                   0000000180039cba f   libmx:libmx.dll
 0001:00038cc0       mxGetScalar                0000000180039cc0 f   libmx:libmx.dll
 0001:00038cc6       mxIsLogical                0000000180039cc6 f   libmx:libmx.dll
 0001:00038ccc       mxCreateDoubleMatrix_700   0000000180039ccc f   libmx:libmx.dll
 0001:00038cd2       mxFree                     0000000180039cd2 f   libmx:libmx.dll
 0001:00038cd8       mxArrayToString            0000000180039cd8 f   libmx:libmx.dll
 0001:00038cde       mxCreateCellMatrix_700     0000000180039cde f   libmx:libmx.dll
 0001:00038ce4       mxSetCell_700              0000000180039ce4 f   libmx:libmx.dll
 0001:00038cea       mxGetCell_700              0000000180039cea f   libmx:libmx.dll
 0001:00038cf0       mxGetClassName             0000000180039cf0 f   libmx:libmx.dll
 0001:00038cf6       mxSetField_700             0000000180039cf6 f   libmx:libmx.dll
 0001:00038cfc       mxAddField                 0000000180039cfc f   libmx:libmx.dll
 0001:00038d02       mxGetField_700             0000000180039d02 f   libmx:libmx.dll
 0001:00038d08       mxGetNumberOfElements      0000000180039d08 f   libmx:libmx.dll
 0001:00038d0e       mxIsStruct                 0000000180039d0e f   libmx:libmx.dll
 0001:00038d14       mxIsClass                  0000000180039d14 f   libmx:libmx.dll
 0001:00038d1a       mxGetLogicals              0000000180039d1a f   libmx:libmx.dll
 0001:00038d20       mxIsSparse                 0000000180039d20 f   libmx:libmx.dll
 0001:00038d26       mxSetFieldByNumber_700     0000000180039d26 f   libmx:libmx.dll
 0001:00038d2c       mxGetFieldByNumber_700     0000000180039d2c f   libmx:libmx.dll
 0001:00038d32       mxGetFieldNameByNumber     0000000180039d32 f   libmx:libmx.dll
 0001:00038d38       mxGetNumberOfFields        0000000180039d38 f   libmx:libmx.dll
 0001:00038d3e       mxCreateStructMatrix_700   0000000180039d3e f   libmx:libmx.dll
 0001:00038d44       mxGetFieldNumber           0000000180039d44 f   libmx:libmx.dll
 0001:00038d4a       mxIsNaN                    0000000180039d4a f   libmx:libmx.dll
 0001:00038d50       mxGetData                  0000000180039d50 f   libmx:libmx.dll
 0001:00038d56       mxGetImagData              0000000180039d56 f   libmx:libmx.dll
 0001:00038d5c       mxArrayClassIDName         0000000180039d5c f   libmx:libmx.dll
 0001:00038d62       mxCreateNumericMatrix_700  0000000180039d62 f   libmx:libmx.dll
 0001:00038d68       mxCreateStructArray_700    0000000180039d68 f   libmx:libmx.dll
 0001:00038d6e       mxCalcSingleSubscript_700  0000000180039d6e f   libmx:libmx.dll
 0001:00038d74       mxGetDimensions_700        0000000180039d74 f   libmx:libmx.dll
 0001:00038d7a       mxGetNumberOfDimensions_700 0000000180039d7a f   libmx:libmx.dll
 0001:00038d80       mxCreateNumericArray_700   0000000180039d80 f   libmx:libmx.dll
 0001:00038d86       mxGetElementSize           0000000180039d86 f   libmx:libmx.dll
 0001:00038d8c       mxCreateStringFromNChars_700 0000000180039d8c f   libmx:libmx.dll
 0001:00038d92       mxGetString_700            0000000180039d92 f   libmx:libmx.dll
 0001:00038d98       mxIsLogicalScalarTrue      0000000180039d98 f   libmx:libmx.dll
 0001:00038d9e       mxCreateLogicalScalar      0000000180039d9e f   libmx:libmx.dll
 0001:00038da4       mexUnlock                  0000000180039da4 f   libmex:libmex.dll
 0001:00038daa       mexIsLocked                0000000180039daa f   libmex:libmex.dll
 0001:00038db0       mexWarnMsgTxt              0000000180039db0 f   libmex:libmex.dll
 0001:00038db6       mexCallMATLAB              0000000180039db6 f   libmex:libmex.dll
 0001:00038dbc       mexErrMsgTxt               0000000180039dbc f   libmex:libmex.dll
 0001:00038dc2       mexSetTrapFlag             0000000180039dc2 f   libmex:libmex.dll
 0001:00038dc8       mexMakeArrayPersistent     0000000180039dc8 f   libmex:libmex.dll
 0001:00038dce       mexPutVariable             0000000180039dce f   libmex:libmex.dll
 0001:00038dd4       mexGetVariable             0000000180039dd4 f   libmex:libmex.dll
 0001:00038dda       mexLock                    0000000180039dda f   libmex:libmex.dll
 0001:00038de0       mexMakeMemoryPersistent    0000000180039de0 f   libmex:libmex.dll
 0001:00038de6       mexFunctionName            0000000180039de6 f   libmex:libmex.dll
 0001:00038dec       ssRegisterDataTypeFxpFSlopeFixExpBias 0000000180039dec f   libfixedpoint:libfixedpoint.dll
 0001:00038df2       utVSNprintf                0000000180039df2 f   libut:libut.dll
 0001:00038df8       utCPUtime                  0000000180039df8 f   libut:libut.dll
 0001:00038dfe       utFree                     0000000180039dfe f   libut:libut.dll
 0001:00038e04       utMalloc                   0000000180039e04 f   libut:libut.dll
 0001:00038e0a       emlrtCheckBuiltInR2009a    0000000180039e0a f   libemlrt:libemlrt.dll
 0001:00038e10       emlrtCheckVsBuiltInR2009a  0000000180039e10 f   libemlrt:libemlrt.dll
 0001:00038e16       emlrtCheckEnumR2009a       0000000180039e16 f   libemlrt:libemlrt.dll
 0001:00038e1c       emlrtCreateEnumR2010a      0000000180039e1c f   libemlrt:libemlrt.dll
 0001:00038e22       emlrtGetEnumElementR2009a  0000000180039e22 f   libemlrt:libemlrt.dll
 0001:00038e28       emlrtImportVsFiArrayR2009b 0000000180039e28 f   libemlrt:libemlrt.dll
 0001:00038e2e       emlrtGetEnumUnderlyingArrayR2009a 0000000180039e2e f   libemlrt:libemlrt.dll
 0001:00038e34       emlrtIsEnumR2009a          0000000180039e34 f   libemlrt:libemlrt.dll
 0001:00038e3c       __GSHandlerCheckCommon     0000000180039e3c f   MSVCRT:gshandler.obj
 0001:00038ea0       __GSHandlerCheck           0000000180039ea0 f   MSVCRT:gshandler.obj
 0001:00038ebe       strlen                     0000000180039ebe f   MSVCRT:MSVCR100.dll
 0001:00038ee0       __security_check_cookie    0000000180039ee0 f   MSVCRT:amdsecgs.obj
 0001:00038f00       memset                     0000000180039f00 f   MSVCRT:MSVCR100.dll
 0001:00038f06       malloc                     0000000180039f06 f   MSVCRT:MSVCR100.dll
 0001:00038f0c       free                       0000000180039f0c f   MSVCRT:MSVCR100.dll
 0001:00038f12       strcmp                     0000000180039f12 f   MSVCRT:MSVCR100.dll
 0001:00038f18       sprintf                    0000000180039f18 f   MSVCRT:MSVCR100.dll
 0001:00038f1e       strcat                     0000000180039f1e f   MSVCRT:MSVCR100.dll
 0001:00038f24       memcpy                     0000000180039f24 f   MSVCRT:MSVCR100.dll
 0001:00038f2c       NtCurrentTeb               0000000180039f2c f i MSVCRT:crtdll.obj
 0001:00038f98       _CRT_INIT                  0000000180039f98 f   MSVCRT:crtdll.obj
 0001:00039330       _DllMainCRTStartup         000000018003a330 f   MSVCRT:crtdll.obj
 0001:0003936e       strncpy                    000000018003a36e f   MSVCRT:MSVCR100.dll
 0001:00039390       _alloca_probe              000000018003a390     MSVCRT:chkstk.obj
 0001:00039390       __chkstk                   000000018003a390 f   MSVCRT:chkstk.obj
 0001:000393de       longjmp                    000000018003a3de f   MSVCRT:MSVCR100.dll
 0001:000393e4       strncmp                    000000018003a3e4 f   MSVCRT:MSVCR100.dll
 0001:000393ea       ceil                       000000018003a3ea f   MSVCRT:MSVCR100.dll
 0001:000393f0       strrchr                    000000018003a3f0 f   MSVCRT:MSVCR100.dll
 0001:000393f6       _setjmp                    000000018003a3f6 f   MSVCRT:MSVCR100.dll
 0001:000393fc       calloc                     000000018003a3fc f   MSVCRT:MSVCR100.dll
 0001:00039402       realloc                    000000018003a402 f   MSVCRT:MSVCR100.dll
 0001:00039408       ldexp                      000000018003a408 f   MSVCRT:MSVCR100.dll
 0001:00039410       __report_gsfailure         000000018003a410 f   MSVCRT:gs_report.obj
 0001:0003955c       __clean_type_info_names    000000018003a55c f   MSVCRT:tncleanup.obj
 0001:00039568       _onexit                    000000018003a568 f   MSVCRT:atonexit.obj
 0001:00039618       atexit                     000000018003a618 f   MSVCRT:atonexit.obj
 0001:00039630       _RTC_Initialize            000000018003a630 f   MSVCRT:_initsect_.obj
 0001:00039668       _RTC_Terminate             000000018003a668 f   MSVCRT:_initsect_.obj
 0001:000396a0       _malloc_crt                000000018003a6a0 f   MSVCRT:MSVCR100.dll
 0001:000396b0       _ValidateImageBase         000000018003a6b0 f   MSVCRT:pesect.obj
 0001:000396e0       _FindPESection             000000018003a6e0 f   MSVCRT:pesect.obj
 0001:00039730       _IsNonwritableInCurrentImage 000000018003a730 f   MSVCRT:pesect.obj
 0001:00039772       _initterm                  000000018003a772 f   MSVCRT:MSVCR100.dll
 0001:00039778       _initterm_e                000000018003a778 f   MSVCRT:MSVCR100.dll
 0001:0003977e       _encoded_null              000000018003a77e f   MSVCRT:MSVCR100.dll
 0001:00039784       _amsg_exit                 000000018003a784 f   MSVCRT:MSVCR100.dll
 0001:0003978a       __C_specific_handler       000000018003a78a f   MSVCRT:MSVCR100.dll
 0001:00039790       __CppXcptFilter            000000018003a790 f   MSVCRT:MSVCR100.dll
 0001:00039798       DllMain                    000000018003a798 f   MSVCRT:dllmain.obj
 0001:000397bc       __security_init_cookie     000000018003a7bc f   MSVCRT:gs_support.obj
 0001:00039870       __crt_debugger_hook        000000018003a870 f   MSVCRT:MSVCR100.dll
 0001:00039876       __clean_type_info_names_internal 000000018003a876 f   MSVCRT:MSVCR100.dll
 0001:0003987c       _unlock                    000000018003a87c f   MSVCRT:MSVCR100.dll
 0001:00039882       __dllonexit                000000018003a882 f   MSVCRT:MSVCR100.dll
 0001:00039888       _lock                      000000018003a888 f   MSVCRT:MSVCR100.dll
 0001:0003988e       EncodePointer              000000018003a88e f   kernel32:KERNEL32.dll
 0001:00039894       DecodePointer              000000018003a894 f   kernel32:KERNEL32.dll
 0001:0003989a       Sleep                      000000018003a89a f   kernel32:KERNEL32.dll
 0001:000398a0       TerminateProcess           000000018003a8a0 f   kernel32:KERNEL32.dll
 0001:000398a6       GetCurrentProcess          000000018003a8a6 f   kernel32:KERNEL32.dll
 0001:000398ac       UnhandledExceptionFilter   000000018003a8ac f   kernel32:KERNEL32.dll
 0001:000398b2       SetUnhandledExceptionFilter 000000018003a8b2 f   kernel32:KERNEL32.dll
 0001:000398b8       IsDebuggerPresent          000000018003a8b8 f   kernel32:KERNEL32.dll
 0001:000398be       RtlVirtualUnwind           000000018003a8be f   kernel32:KERNEL32.dll
 0001:000398c4       RtlLookupFunctionEntry     000000018003a8c4 f   kernel32:KERNEL32.dll
 0001:000398ca       RtlCaptureContext          000000018003a8ca f   kernel32:KERNEL32.dll
 0001:000398d0       DisableThreadLibraryCalls  000000018003a8d0 f   kernel32:KERNEL32.dll
 0001:000398d6       QueryPerformanceCounter    000000018003a8d6 f   kernel32:KERNEL32.dll
 0001:000398dc       GetTickCount               000000018003a8dc f   kernel32:KERNEL32.dll
 0001:000398e2       GetCurrentThreadId         000000018003a8e2 f   kernel32:KERNEL32.dll
 0001:000398e8       GetCurrentProcessId        000000018003a8e8 f   kernel32:KERNEL32.dll
 0001:000398ee       GetSystemTimeAsFileTime    000000018003a8ee f   kernel32:KERNEL32.dll
 0002:00000000       __imp_GetSystemTimeAsFileTime 000000018003b000     kernel32:KERNEL32.dll
 0002:00000008       __imp_GetCurrentProcessId  000000018003b008     kernel32:KERNEL32.dll
 0002:00000010       __imp_GetCurrentThreadId   000000018003b010     kernel32:KERNEL32.dll
 0002:00000018       __imp_GetTickCount         000000018003b018     kernel32:KERNEL32.dll
 0002:00000020       __imp_QueryPerformanceCounter 000000018003b020     kernel32:KERNEL32.dll
 0002:00000028       __imp_DisableThreadLibraryCalls 000000018003b028     kernel32:KERNEL32.dll
 0002:00000030       __imp_RtlCaptureContext    000000018003b030     kernel32:KERNEL32.dll
 0002:00000038       __imp_RtlLookupFunctionEntry 000000018003b038     kernel32:KERNEL32.dll
 0002:00000040       __imp_RtlVirtualUnwind     000000018003b040     kernel32:KERNEL32.dll
 0002:00000048       __imp_IsDebuggerPresent    000000018003b048     kernel32:KERNEL32.dll
 0002:00000050       __imp_SetUnhandledExceptionFilter 000000018003b050     kernel32:KERNEL32.dll
 0002:00000058       __imp_UnhandledExceptionFilter 000000018003b058     kernel32:KERNEL32.dll
 0002:00000060       __imp_GetCurrentProcess    000000018003b060     kernel32:KERNEL32.dll
 0002:00000068       __imp_TerminateProcess     000000018003b068     kernel32:KERNEL32.dll
 0002:00000070       __imp_Sleep                000000018003b070     kernel32:KERNEL32.dll
 0002:00000078       __imp_DecodePointer        000000018003b078     kernel32:KERNEL32.dll
 0002:00000080       __imp_EncodePointer        000000018003b080     kernel32:KERNEL32.dll
 0002:00000088       \177KERNEL32_NULL_THUNK_DATA 000000018003b088     kernel32:KERNEL32.dll
 0002:00000090       __imp__onexit              000000018003b090     MSVCRT:MSVCR100.dll
 0002:00000098       __imp__lock                000000018003b098     MSVCRT:MSVCR100.dll
 0002:000000a0       __imp___dllonexit          000000018003b0a0     MSVCRT:MSVCR100.dll
 0002:000000a8       __imp__unlock              000000018003b0a8     MSVCRT:MSVCR100.dll
 0002:000000b0       __imp___clean_type_info_names_internal 000000018003b0b0     MSVCRT:MSVCR100.dll
 0002:000000b8       __imp___crt_debugger_hook  000000018003b0b8     MSVCRT:MSVCR100.dll
 0002:000000c0       __imp___CppXcptFilter      000000018003b0c0     MSVCRT:MSVCR100.dll
 0002:000000c8       __imp___C_specific_handler 000000018003b0c8     MSVCRT:MSVCR100.dll
 0002:000000d0       __imp__amsg_exit           000000018003b0d0     MSVCRT:MSVCR100.dll
 0002:000000d8       __imp__encoded_null        000000018003b0d8     MSVCRT:MSVCR100.dll
 0002:000000e0       __imp__initterm_e          000000018003b0e0     MSVCRT:MSVCR100.dll
 0002:000000e8       __imp__initterm            000000018003b0e8     MSVCRT:MSVCR100.dll
 0002:000000f0       __imp__malloc_crt          000000018003b0f0     MSVCRT:MSVCR100.dll
 0002:000000f8       __imp_ldexp                000000018003b0f8     MSVCRT:MSVCR100.dll
 0002:00000100       __imp_realloc              000000018003b100     MSVCRT:MSVCR100.dll
 0002:00000108       __imp_calloc               000000018003b108     MSVCRT:MSVCR100.dll
 0002:00000110       __imp__setjmp              000000018003b110     MSVCRT:MSVCR100.dll
 0002:00000118       __imp_strrchr              000000018003b118     MSVCRT:MSVCR100.dll
 0002:00000120       __imp_ceil                 000000018003b120     MSVCRT:MSVCR100.dll
 0002:00000128       __imp_strncmp              000000018003b128     MSVCRT:MSVCR100.dll
 0002:00000130       __imp_longjmp              000000018003b130     MSVCRT:MSVCR100.dll
 0002:00000138       __imp_strncpy              000000018003b138     MSVCRT:MSVCR100.dll
 0002:00000140       __imp_memcpy               000000018003b140     MSVCRT:MSVCR100.dll
 0002:00000148       __imp_strcat               000000018003b148     MSVCRT:MSVCR100.dll
 0002:00000150       __imp_sprintf              000000018003b150     MSVCRT:MSVCR100.dll
 0002:00000158       __imp_strcmp               000000018003b158     MSVCRT:MSVCR100.dll
 0002:00000160       __imp_free                 000000018003b160     MSVCRT:MSVCR100.dll
 0002:00000168       __imp_malloc               000000018003b168     MSVCRT:MSVCR100.dll
 0002:00000170       __imp_memset               000000018003b170     MSVCRT:MSVCR100.dll
 0002:00000178       __imp_strlen               000000018003b178     MSVCRT:MSVCR100.dll
 0002:00000180       \177MSVCR100_NULL_THUNK_DATA 000000018003b180     MSVCRT:MSVCR100.dll
 0002:00000188       __imp_emlrtIsEnumR2009a    000000018003b188     libemlrt:libemlrt.dll
 0002:00000190       __imp_emlrtGetEnumUnderlyingArrayR2009a 000000018003b190     libemlrt:libemlrt.dll
 0002:00000198       __imp_emlrtImportVsFiArrayR2009b 000000018003b198     libemlrt:libemlrt.dll
 0002:000001a0       __imp_emlrtGetEnumElementR2009a 000000018003b1a0     libemlrt:libemlrt.dll
 0002:000001a8       __imp_emlrtCreateEnumR2010a 000000018003b1a8     libemlrt:libemlrt.dll
 0002:000001b0       __imp_emlrtCheckEnumR2009a 000000018003b1b0     libemlrt:libemlrt.dll
 0002:000001b8       __imp_emlrtCheckVsBuiltInR2009a 000000018003b1b8     libemlrt:libemlrt.dll
 0002:000001c0       __imp_emlrtCheckBuiltInR2009a 000000018003b1c0     libemlrt:libemlrt.dll
 0002:000001c8       \177libemlrt_NULL_THUNK_DATA 000000018003b1c8     libemlrt:libemlrt.dll
 0002:000001d0       __imp_ssRegisterDataTypeFxpFSlopeFixExpBias 000000018003b1d0     libfixedpoint:libfixedpoint.dll
 0002:000001d8       \177libfixedpoint_NULL_THUNK_DATA 000000018003b1d8     libfixedpoint:libfixedpoint.dll
 0002:000001e0       __imp_mexErrMsgTxt         000000018003b1e0     libmex:libmex.dll
 0002:000001e8       __imp_mexIsLocked          000000018003b1e8     libmex:libmex.dll
 0002:000001f0       __imp_mexMakeArrayPersistent 000000018003b1f0     libmex:libmex.dll
 0002:000001f8       __imp_mexPutVariable       000000018003b1f8     libmex:libmex.dll
 0002:00000200       __imp_mexCallMATLAB        000000018003b200     libmex:libmex.dll
 0002:00000208       __imp_mexLock              000000018003b208     libmex:libmex.dll
 0002:00000210       __imp_mexMakeMemoryPersistent 000000018003b210     libmex:libmex.dll
 0002:00000218       __imp_mexFunctionName      000000018003b218     libmex:libmex.dll
 0002:00000220       __imp_mexGetVariable       000000018003b220     libmex:libmex.dll
 0002:00000228       __imp_mexWarnMsgTxt        000000018003b228     libmex:libmex.dll
 0002:00000230       __imp_mexUnlock            000000018003b230     libmex:libmex.dll
 0002:00000238       __imp_mexSetTrapFlag       000000018003b238     libmex:libmex.dll
 0002:00000240       \177libmex_NULL_THUNK_DATA 000000018003b240     libmex:libmex.dll
 0002:00000248       __imp_mxIsStruct           000000018003b248     libmx:libmx.dll
 0002:00000250       __imp_mxCreateDoubleScalar 000000018003b250     libmx:libmx.dll
 0002:00000258       __imp_mxSetField_730       000000018003b258     libmx:libmx.dll
 0002:00000260       __imp_mxCreateDoubleMatrix_730 000000018003b260     libmx:libmx.dll
 0002:00000268       __imp_mxCreateStructMatrix_730 000000018003b268     libmx:libmx.dll
 0002:00000270       __imp_mxCreateLogicalScalar 000000018003b270     libmx:libmx.dll
 0002:00000278       __imp_mxIsLogicalScalarTrue 000000018003b278     libmx:libmx.dll
 0002:00000280       __imp_mxGetString_700      000000018003b280     libmx:libmx.dll
 0002:00000288       __imp_mxCreateStringFromNChars_700 000000018003b288     libmx:libmx.dll
 0002:00000290       __imp_mxGetElementSize     000000018003b290     libmx:libmx.dll
 0002:00000298       __imp_mxCreateNumericArray_700 000000018003b298     libmx:libmx.dll
 0002:000002a0       __imp_mxGetNumberOfDimensions_700 000000018003b2a0     libmx:libmx.dll
 0002:000002a8       __imp_mxGetDimensions_700  000000018003b2a8     libmx:libmx.dll
 0002:000002b0       __imp_mxCalcSingleSubscript_700 000000018003b2b0     libmx:libmx.dll
 0002:000002b8       __imp_mxCreateStructArray_700 000000018003b2b8     libmx:libmx.dll
 0002:000002c0       __imp_mxCreateNumericMatrix_700 000000018003b2c0     libmx:libmx.dll
 0002:000002c8       __imp_mxArrayClassIDName   000000018003b2c8     libmx:libmx.dll
 0002:000002d0       __imp_mxGetImagData        000000018003b2d0     libmx:libmx.dll
 0002:000002d8       __imp_mxGetData            000000018003b2d8     libmx:libmx.dll
 0002:000002e0       __imp_mxIsNaN              000000018003b2e0     libmx:libmx.dll
 0002:000002e8       __imp_mxGetFieldNumber     000000018003b2e8     libmx:libmx.dll
 0002:000002f0       __imp_mxCreateStructMatrix_700 000000018003b2f0     libmx:libmx.dll
 0002:000002f8       __imp_mxGetNumberOfFields  000000018003b2f8     libmx:libmx.dll
 0002:00000300       __imp_mxGetFieldNameByNumber 000000018003b300     libmx:libmx.dll
 0002:00000308       __imp_mxGetFieldByNumber_700 000000018003b308     libmx:libmx.dll
 0002:00000310       __imp_mxSetFieldByNumber_700 000000018003b310     libmx:libmx.dll
 0002:00000318       __imp_mxIsSparse           000000018003b318     libmx:libmx.dll
 0002:00000320       __imp_mxGetLogicals        000000018003b320     libmx:libmx.dll
 0002:00000328       __imp_mxIsClass            000000018003b328     libmx:libmx.dll
 0002:00000330       __imp_mxGetPr              000000018003b330     libmx:libmx.dll
 0002:00000338       __imp_mxGetNumberOfElements 000000018003b338     libmx:libmx.dll
 0002:00000340       __imp_mxGetField_700       000000018003b340     libmx:libmx.dll
 0002:00000348       __imp_mxAddField           000000018003b348     libmx:libmx.dll
 0002:00000350       __imp_mxSetField_700       000000018003b350     libmx:libmx.dll
 0002:00000358       __imp_mxGetClassName       000000018003b358     libmx:libmx.dll
 0002:00000360       __imp_mxGetCell_700        000000018003b360     libmx:libmx.dll
 0002:00000368       __imp_mxSetCell_700        000000018003b368     libmx:libmx.dll
 0002:00000370       __imp_mxCreateCellMatrix_700 000000018003b370     libmx:libmx.dll
 0002:00000378       __imp_mxArrayToString      000000018003b378     libmx:libmx.dll
 0002:00000380       __imp_mxFree               000000018003b380     libmx:libmx.dll
 0002:00000388       __imp_mxCreateDoubleMatrix_700 000000018003b388     libmx:libmx.dll
 0002:00000390       __imp_mxIsLogical          000000018003b390     libmx:libmx.dll
 0002:00000398       __imp_mxGetScalar          000000018003b398     libmx:libmx.dll
 0002:000003a0       __imp_mxCalloc             000000018003b3a0     libmx:libmx.dll
 0002:000003a8       __imp_mxGetM               000000018003b3a8     libmx:libmx.dll
 0002:000003b0       __imp_mxGetN               000000018003b3b0     libmx:libmx.dll
 0002:000003b8       __imp_mxIsComplex          000000018003b3b8     libmx:libmx.dll
 0002:000003c0       __imp_mxIsNumeric          000000018003b3c0     libmx:libmx.dll
 0002:000003c8       __imp_mxGetClassID         000000018003b3c8     libmx:libmx.dll
 0002:000003d0       __imp_mxIsChar             000000018003b3d0     libmx:libmx.dll
 0002:000003d8       __imp_mxGetString_730      000000018003b3d8     libmx:libmx.dll
 0002:000003e0       __imp_mxIsEmpty            000000018003b3e0     libmx:libmx.dll
 0002:000003e8       __imp_mxDuplicateArray     000000018003b3e8     libmx:libmx.dll
 0002:000003f0       __imp_mxCreateString       000000018003b3f0     libmx:libmx.dll
 0002:000003f8       __imp_mxDestroyArray       000000018003b3f8     libmx:libmx.dll
 0002:00000400       \177libmx_NULL_THUNK_DATA  000000018003b400     libmx:libmx.dll
 0002:00000408       __imp_utCPUtime            000000018003b408     libut:libut.dll
 0002:00000410       __imp_utMalloc             000000018003b410     libut:libut.dll
 0002:00000418       __imp_utFree               000000018003b418     libut:libut.dll
 0002:00000420       __imp_utVSNprintf          000000018003b420     libut:libut.dll
 0002:00000428       \177libut_NULL_THUNK_DATA  000000018003b428     libut:libut.dll
 0002:00000430       __xc_a                     000000018003b430     MSVCRT:cinitexe.obj
 0002:00000438       __xc_z                     000000018003b438     MSVCRT:cinitexe.obj
 0002:00000440       __xi_a                     000000018003b440     MSVCRT:cinitexe.obj
 0002:00000450       __xi_z                     000000018003b450     MSVCRT:cinitexe.obj
 0002:00000460       __real@41e7529869800000    000000018003b460     c2_SqaureKF.obj
 0002:00000468       __real@41d85fd1d9c00000    000000018003b468     c2_SqaureKF.obj
 0002:00000470       __real@41d91a7d46000000    000000018003b470     c2_SqaureKF.obj
 0002:00000478       __real@41e29248a0a00000    000000018003b478     c2_SqaureKF.obj
 0002:00000480       __real@4024000000000000    000000018003b480     c2_SqaureKF.obj
 0002:00000488       __real@3ff0000000000000    000000018003b488     c2_SqaureKF.obj
 0002:00000490       __real@41d96e4a56c00000    000000018003b490     c2_SqaureKF.obj
 0002:00000498       __real@41d857e45bc00000    000000018003b498     c2_SqaureKF.obj
 0002:000004a0       __real@41e729a1c5a00000    000000018003b4a0     c2_SqaureKF.obj
 0002:000004a8       __real@41ed3898d7600000    000000018003b4a8     c2_SqaureKF.obj
 0002:000004b0       __real@4008000000000000    000000018003b4b0     c2_SqaureKF.obj
 0002:000004b8       __real@4000000000000000    000000018003b4b8     c2_SqaureKF.obj
[...]
 0001:0000ddb0       check_input_mxarray        000000018000edb0 f   sfc_mex:sfc_mex.obj
 0001:0000e550       sf_numeric_value_to_double 000000018000f550 f   sfc_mex:sfc_mex.obj
 0001:0000e5a0       ml_generic_out_of_bounds_check 000000018000f5a0 f   sfc_mex:sfc_mex.obj
 0001:0000e6f0       ml_get_element_value_from_array 000000018000f6f0 f   sfc_mex:sfc_mex.obj
 0001:0000e9f0       _ml_generic_castability_check 000000018000f9f0 f   sfc_mex:sfc_mex.obj
 0001:0000f5c0       ml_generic_castability_check 00000001800105c0 f   sfc_mex:sfc_mex.obj
 0001:0000f660       ml_check_mx_array_for_single_castability 0000000180010660 f   sfc_mex:sfc_mex.obj
 0001:0000f700       ml_check_mx_array_for_logical_castability 0000000180010700 f   sfc_mex:sfc_mex.obj
 0001:0000f7a0       ml_check_mx_array_for_int8_castability 00000001800107a0 f   sfc_mex:sfc_mex.obj
 0001:0000f850       ml_check_mx_array_for_uint8_castability 0000000180010850 f   sfc_mex:sfc_mex.obj
 0001:0000f8f0       ml_check_mx_array_for_int16_castability 00000001800108f0 f   sfc_mex:sfc_mex.obj
 0001:0000f990       ml_check_mx_array_for_uint16_castability 0000000180010990 f   sfc_mex:sfc_mex.obj
 0001:0000fa30       ml_check_mx_array_for_int32_castability 0000000180010a30 f   sfc_mex:sfc_mex.obj
 0001:0000fad0       ml_check_mx_array_for_uint32_castability 0000000180010ad0 f   sfc_mex:sfc_mex.obj
 0001:0000fb70       ml_check_mx_array_for_castability 0000000180010b70 f   sfc_mex:sfc_mex.obj
 0001:00010340       set_data_value             0000000180011340 f   sfc_mex:sfc_mex.obj
 0001:00010690       get_data_value             0000000180011690 f   sfc_mex:sfc_mex.obj
 0001:00010780       get_next_element_address   0000000180011780 f   sfc_mex:sfc_mex.obj
 0001:00010850       sf_normalize_index         0000000180011850 f   sfc_mex:sfc_mex.obj
 0001:00010be0       ml_array_index_bound_check 0000000180011be0 f   sfc_mex:sfc_mex.obj
 0001:000117f0       mx_value                   00000001800127f0 f   sfc_mex:sfc_mex.obj
 0001:00011840       sf_create_numeric_array    0000000180012840 f   sfc_mex:sfc_mex.obj
 0001:000118e0       sf_mex_assign_to_mx_array  00000001800128e0 f   sfc_mex:sfc_mex.obj
 0001:00012250       assign_from_mx_array       0000000180013250 f   sfc_mex:sfc_mex.obj
 0001:000134d0       get_machine_and_chart_file_number 00000001800144d0 f   sfc_mex:sfc_sf.obj
 0001:000135c0       get_sfun_block_specialization 00000001800145c0 f   sfc_mex:sfc_sf.obj
 0001:00013640       call_sf_machine_global_method_dispatcher 0000000180014640 f   sfc_mex:sfc_sf.obj
 0001:000138b0       mdl_zeroCrossings_processing 00000001800148b0 f   sfc_mex:sfc_sf.obj
 0001:00013980       mdl_derivatives_processing 0000000180014980 f   sfc_mex:sfc_sf.obj
 0001:00013c40       mdl_outputs_continuous_legacy 0000000180014c40 f   sfc_mex:sfc_sf.obj
 0001:00013cc0       mdl_outputs_processing     0000000180014cc0 f   sfc_mex:sfc_sf.obj
 0001:00013fc0       mdl_enable_processing      0000000180014fc0 f   sfc_mex:sfc_sf.obj
 0001:00014090       mdl_disable_processing     0000000180015090 f   sfc_mex:sfc_sf.obj
 0001:00014b80       write_symbol_mapping       0000000180015b80 f   sfc_mex:sfc_sf.obj
 0001:00015300       sf_call_output_fcn_enable_disable 0000000180016300 f   sfc_mex:sfc_sf.obj
 0001:00015580       set_dwork_information_from_mx_array 0000000180016580 f   sfc_mex:sfc_sf.obj
 0001:00015d00       get_dwork_info_from_mat_file 0000000180016d00 f   sfc_mex:sfc_sf.obj
 0001:00015eb0       ptr2mxStruct               0000000180016eb0 f   sfc_mex:sfc_sf.obj
 0001:000162c0       SNPRINTF_WRAPPER           00000001800172c0 f   sfc_debug:sfcdebug.obj
 0001:000162e0       sf_debug_chart_instance_initialized_quick 00000001800172e0 f   sfc_debug:sfcdebug.obj
 0001:000162f0       sf_debug_chart_instance_initialized 00000001800172f0 f   sfc_debug:sfcdebug.obj
 0001:00016490       sfrtAddSize                0000000180017490 f   sfc_debug:sfcdebug.obj
 0001:00016550       sfrtGenSizeString          0000000180017550 f   sfc_debug:sfcdebug.obj
 0001:00016cd0       sf_debug_sim_status_listener 0000000180017cd0 f   sfc_debug:sfcdebug.obj
 0001:00017240       sf_debug_form_mask_bits    0000000180018240 f   sfc_debug:sfcdebug.obj
 0001:00017280       sf_debug_form_sf_data_type_offsets 0000000180018280 f   sfc_debug:sfcdebug.obj
 0001:00017340       sf_debug_free_all          0000000180018340 f   sfc_debug:sfcdebug.obj
 0001:000174d0       sf_debug_append_debugger_context 00000001800184d0 f   sfc_debug:sfcdebug.obj
 0001:00017790       local_strdup               0000000180018790 f   sfc_debug:sfcdebug.obj
 0001:00018670       sf_debug_em_terminate      0000000180019670 f   sfc_debug:sfcdebug.obj
 0001:000186b0       sf_debug_push_eml_function 00000001800196b0 f   sfc_debug:sfcdebug.obj
 0001:00018750       sf_debug_pop_eml_function  0000000180019750 f   sfc_debug:sfcdebug.obj
 0001:00019410       sf_debug_get_machine_number_from_id_or_name 000000018001a410 f   sfc_debug:sfcdebug.obj
 0001:00019560       sf_debug_get_chart_number_from_id 000000018001a560 f   sfc_debug:sfcdebug.obj
 0001:0001a210       sf_debug_transfer_control_to_debugger_GUI 000000018001b210 f   sfc_debug:sfcdebug.obj
 0001:0001b1f0       sf_debug_scripts_rehash    000000018001c1f0 f   sfc_debug:sfcdebug.obj
 0001:0001b440       sf_debug_get_script_line_count 000000018001c440 f   sfc_debug:sfcdebug.obj
 0001:0001bb90       cv_eml_state_cvId          000000018001cb90 f   sfc_debug:sfcdebug.obj
 0001:0001d0b0       sf_debug_data_array_bounds_error 000000018001e0b0 f   sfc_debug:sfcdebug.obj
 0001:0001d4b0       eml_debug_runtime_error_doclink 000000018001e4b0 f   sfc_debug:sfcdebug.obj
 0001:0001d620       sf_debug_runtime_error     000000018001e620 f   sfc_debug:sfcdebug.obj
 0001:0001d690       sf_debug_matlab_error      000000018001e690 f   sfc_debug:sfcdebug.obj
 0001:0001ded0       sf_debug_data_value_error  000000018001eed0 f   sfc_debug:sfcdebug.obj
 0001:0001e790       sf_debug_data_loss_error   000000018001f790 f   sfc_debug:sfcdebug.obj
 0001:0001f3a0       call_cv_range_check        00000001800203a0 f   sfc_debug:sfcdebug.obj
 0001:0001fc90       sf_debug_invoke_cycle_detection_code 0000000180020c90 f   sfc_debug:sfcdebug.obj
 0001:00020af0       sf_reset_debug_info_struct 0000000180021af0 f   sfc_debug:sfcdebug.obj
 0001:000215b0       cv_script_cvId             00000001800225b0 f   sfc_debug:sfcdebug.obj
 0001:00022a30       sfc_api_chart_visible      0000000180023a30 f   sfc_debug:sfc_api.obj
 0001:00022ab0       sfc_api_active_instance    0000000180023ab0 f   sfc_debug:sfc_api.obj
 0001:00022b30       sfc_api_machine_load       0000000180023b30 f   sfc_debug:sfc_api.obj
 0001:00022c00       sfc_api_debugger_alive     0000000180023c00 f   sfc_debug:sfc_api.obj
 0001:00022c10       sfc_api_go                 0000000180023c10 f   sfc_debug:sfc_api.obj
 0001:00022c20       sfc_api_step_over          0000000180023c20 f   sfc_debug:sfc_api.obj
 0001:00022c30       sfc_api_step_out           0000000180023c30 f   sfc_debug:sfc_api.obj
 0001:00022c40       sfc_api_resume             0000000180023c40 f   sfc_debug:sfc_api.obj
 0001:00022c50       sfc_api_break              0000000180023c50 f   sfc_debug:sfc_api.obj
 0001:00022c60       sfc_api_stop_debugging     0000000180023c60 f   sfc_debug:sfc_api.obj
 0001:00022cb0       sfc_api_is_cycle_detected  0000000180023cb0 f   sfc_debug:sfc_api.obj
 0001:00022d00       sfc_api_is_array_bounds_detected 0000000180023d00 f   sfc_debug:sfc_api.obj
 0001:00022d50       sfc_api_set_disable_all_breakpoints 0000000180023d50 f   sfc_debug:sfc_api.obj
 0001:00022dc0       sfc_api_disable_all_breakpoints_and_go 0000000180023dc0 f   sfc_debug:sfc_api.obj
 0001:00022dd0       sfc_api_close              0000000180023dd0 f   sfc_debug:sfc_api.obj
 0001:00022de0       sfc_api_browse_data        0000000180023de0 f   sfc_debug:sfc_api.obj
 0001:00022e50       sfc_api_watch_data         0000000180023e50 f   sfc_debug:sfc_api.obj
 0001:00022ef0       sfc_api_whos               0000000180023ef0 f   sfc_debug:sfc_api.obj
 0001:00022f80       sfc_api_get_consistency_info 0000000180023f80 f   sfc_debug:sfc_api.obj
 0001:00022f90       sfc_api_browse_trace       0000000180023f90 f   sfc_debug:sfc_api.obj
 0001:00022fa0       sfc_api_break_on_chart_entry 0000000180023fa0 f   sfc_debug:sfc_api.obj
 0001:00022fc0       sfc_api_break_on_event_broadcast 0000000180023fc0 f   sfc_debug:sfc_api.obj
 0001:00022fe0       sfc_api_break_on_state_entry 0000000180023fe0 f   sfc_debug:sfc_api.obj
 0001:00023000       sfc_api_set_watch          0000000180024000 f   sfc_debug:sfc_api.obj
 0001:000230a0       sfc_api_set_breakpoints    00000001800240a0 f   sfc_debug:sfc_api.obj
 0001:00023140       sfc_api_set_eml_breakpoints 0000000180024140 f   sfc_debug:sfc_api.obj
 0001:000231c0       sfc_api_set_script_breakpoints 00000001800241c0 f   sfc_debug:sfc_api.obj
 0001:00023210       sfc_api_add_script_breakpoints 0000000180024210 f   sfc_debug:sfc_api.obj
 0001:00023260       sfc_api_clear_script_breakpoints 0000000180024260 f   sfc_debug:sfc_api.obj
 0001:000232b0       sfc_api_query_script_breakpoints 00000001800242b0 f   sfc_debug:sfc_api.obj
 0001:00023310       sfc_api_get_script_id      0000000180024310 f   sfc_debug:sfc_api.obj
 0001:000233d0       sfc_api_get_active_states  00000001800243d0 f   sfc_debug:sfc_api.obj
 0001:00023450       sfc_api_break_between_times 0000000180024450 f   sfc_debug:sfc_api.obj
 0001:000234b0       sfc_api_get_instance_handle 00000001800244b0 f   sfc_debug:sfc_api.obj
 0001:00023560       sfc_api_get_coverage       0000000180024560 f   sfc_debug:sfc_api.obj
 0001:000235e0       sfc_api_set_animation      00000001800245e0 f   sfc_debug:sfc_api.obj
 0001:00023630       sfc_api_select_chart       0000000180024630 f   sfc_debug:sfc_api.obj
 0001:00023690       sfc_api_select_charts      0000000180024690 f   sfc_debug:sfc_api.obj
 0001:000236c0       sfc_api_cycle_detection_check 00000001800246c0 f   sfc_debug:sfc_api.obj
 0001:00023710       sfc_api_data_range_check   0000000180024710 f   sfc_debug:sfc_api.obj
 0001:00023760       sfc_api_transition_conflict_check 0000000180024760 f   sfc_debug:sfc_api.obj
 0001:000237b0       sfc_api_state_consistency_check 00000001800247b0 f   sfc_debug:sfc_api.obj
 0001:00023800       sfc_api_set_instance_cv_ids 0000000180024800 f   sfc_debug:sfc_api.obj
 0001:00023910       sfc_api_set_script_cv_ids  0000000180024910 f   sfc_debug:sfc_api.obj
 0001:000239b0       sfc_api_get_current_machine_id 00000001800249b0 f   sfc_debug:sfc_api.obj
 0001:000239e0       sfc_api_get_current_machine_number 00000001800249e0 f   sfc_debug:sfc_api.obj
 0001:00023a10       sfc_api_get_current_chart_number 0000000180024a10 f   sfc_debug:sfc_api.obj
 0001:00023a40       sfc_api_get_current_instance_number 0000000180024a40 f   sfc_debug:sfc_api.obj
 0001:00023a70       sfc_api_get_current_instance_handle 0000000180024a70 f   sfc_debug:sfc_api.obj
 0001:00023a90       sfc_api_get_current_is_minor_time_step 0000000180024a90 f   sfc_debug:sfc_api.obj
 0001:00023ac0       sfc_api_get_current_machine_name 0000000180024ac0 f   sfc_debug:sfc_api.obj
 0001:00023ae0       sfc_api_get_current_chart_id 0000000180024ae0 f   sfc_debug:sfc_api.obj
 0001:00023b10       sfc_api_get_current_object_type 0000000180024b10 f   sfc_debug:sfc_api.obj
 0001:00023b40       sfc_api_get_current_event_type 0000000180024b40 f   sfc_debug:sfc_api.obj
 0001:00023b70       sfc_api_get_current_object_id 0000000180024b70 f   sfc_debug:sfc_api.obj
 0001:00023ba0       sfc_get_current_active_event_type 0000000180024ba0 f   sfc_debug:sfc_api.obj
 0001:00023bd0       sfc_api_get_current_active_event_id 0000000180024bd0 f   sfc_debug:sfc_api.obj
 0001:00023c00       sfc_api_get_current_simulation_time 0000000180024c00 f   sfc_debug:sfc_api.obj
 0001:00023c20       sfc_get_current_tag_type   0000000180024c20 f   sfc_debug:sfc_api.obj
 0001:00023c50       sfc_get_current_coverage_percentage 0000000180024c50 f   sfc_debug:sfc_api.obj
 0001:00023c70       sfc_get_current_statement_context 0000000180024c70 f   sfc_debug:sfc_api.obj
 0001:00023c90       sfc_get_current_optional_integer 0000000180024c90 f   sfc_debug:sfc_api.obj
 0001:00023cb0       sfc_get_current_statement_info 0000000180024cb0 f   sfc_debug:sfc_api.obj
 0001:00023d50       sfc_api_get                0000000180024d50 f   sfc_debug:sfc_api.obj
 0001:00023eb0       sf_debug_sm_is_using_unified_editors 0000000180024eb0 f   sfc_debug:sfdb_animation.obj
 0001:00023f50       sf_debug_sm_is_chart_visible_in_unified_editors 0000000180024f50 f   sfc_debug:sfdb_animation.obj
 0001:00024010       sf_debug_sm_check_if_chart_is_visible 0000000180025010 f   sfc_debug:sfdb_animation.obj
 0001:00024c20       sf_debug_sm_fill_state_activity_data 0000000180025c20 f   sfc_debug:sfdb_animation.obj
 0001:00027230       sf_debug_hm_get_simulink_handle 0000000180028230 f   sfc_debug:sfdb_handle_management.obj
 0001:00027e20       sf_debug_hm_initialize_globals 0000000180028e20 f   sfc_debug:sfdb_handle_management.obj
 0001:00027f20       sf_debug_hm_get_machine_debug_flag 0000000180028f20 f   sfc_debug:sfdb_handle_management.obj
 0001:00028090       sf_debug_hm_get_machine_id 0000000180029090 f   sfc_debug:sfdb_handle_management.obj
 0001:000281b0       sf_debug_hm_get_chart_id   00000001800291b0 f   sfc_debug:sfdb_handle_management.obj
 0001:00028350       sf_debug_hm_register_executing_SFunction 0000000180029350 f   sfc_debug:sfdb_handle_management.obj
 0001:000284e0       sf_debug_hm_get_chart_active_instance 00000001800294e0 f   sfc_debug:sfdb_handle_management.obj
 0001:00028650       sf_debug_hm_get_chart_visibility 0000000180029650 f   sfc_debug:sfdb_handle_management.obj
 0001:000287a0       sf_debug_hm_form_object_boolean_properties 00000001800297a0 f   sfc_debug:sfdb_handle_management.obj
 0001:00028a70       sf_debug_hm_form_object_properties 0000000180029a70 f   sfc_debug:sfdb_handle_management.obj
 0001:00028cb0       sf_debug_hm_terminate_charts 0000000180029cb0 f   sfc_debug:sfdb_handle_management.obj
 0001:000293f0       sf_debug_hm_terminate_machines 000000018002a3f0 f   sfc_debug:sfdb_handle_management.obj
 0001:0002aef0       void_ptr_stack_vector_free_total 000000018002bef0 f   sfc_debug:sfdb_data_browse.obj
 0001:0002af80       sf_debug_st_terminate_machine 000000018002bf80 f   sfc_debug:sfdb_data_browse.obj
 0001:0002b0b0       sf_debug_st_terminate_instance 000000018002c0b0 f   sfc_debug:sfdb_data_browse.obj
 0001:0002b560       push_on_to_void_ptr_stack  000000018002c560 f   sfc_debug:sfdb_data_browse.obj
 0001:0002b6f0       pop_from_void_ptr_stack    000000018002c6f0 f   sfc_debug:sfdb_data_browse.obj
 0001:0002b820       sf_debug_st_get_data_value 000000018002c820 f   sfc_debug:sfdb_data_browse.obj
 0001:0002bd50       mx_value                   000000018002cd50 f   sfc_debug:sfdb_data_browse.obj
 0001:0002bd90       sf_debug_st_fill_data_struct 000000018002cd90 f   sfc_debug:sfdb_data_browse.obj
 0001:0002c0d0       data_type_format_strings   000000018002d0d0 f   sfc_debug:sfdb_data_browse.obj
 0001:0002c180       sf_debug_st_fill_data      000000018002d180 f   sfc_debug:sfdb_data_browse.obj
 0001:0002d410       sf_debug_ss_copy_dimension 000000018002e410 f   sfc_debug:sfdb_symbol_scope.obj
 0001:0002d4d0       sf_debug_ss_get_number_elements 000000018002e4d0 f   sfc_debug:sfdb_symbol_scope.obj
 0001:0002d4f0       sf_debug_ss_fill_data_struct 000000018002e4f0 f   sfc_debug:sfdb_symbol_scope.obj
 0001:0002d840       sf_debug_ss_reset_data_info 000000018002e840 f   sfc_debug:sfdb_symbol_scope.obj
 0001:0002d8a0       sf_debug_fill_data_info_by_symbol_scope_entry 000000018002e8a0 f   sfc_debug:sfdb_symbol_scope.obj
 0001:0002d950       sf_debug_fill_data_info_by_data_vector 000000018002e950 f   sfc_debug:sfdb_symbol_scope.obj
 0001:0002db90       sf_debug_ss_get_data_info  000000018002eb90 f   sfc_debug:sfdb_symbol_scope.obj
 0001:0002dfc0       sf_debug_ss_get_data_value 000000018002efc0 f   sfc_debug:sfdb_symbol_scope.obj
 0001:0002e450       sf_debug_ss_data_bytes_string 000000018002f450 f   sfc_debug:sfdb_symbol_scope.obj
 0001:0002e500       sf_debug_ss_data_class_string 000000018002f500 f   sfc_debug:sfdb_symbol_scope.obj
 0001:0002e890       sf_debug_ss_data_size_string 000000018002f890 f   sfc_debug:sfdb_symbol_scope.obj
 0001:0002e970       sf_debug_ss_data_create_data_info_struct 000000018002f970 f   sfc_debug:sfdb_symbol_scope.obj
 0001:0002ebd0       sf_debug_ss_data_create_name_value_pair 000000018002fbd0 f   sfc_debug:sfdb_symbol_scope.obj
 0001:0002ec70       sf_debug_ss_data_get_whos_info 000000018002fc70 f   sfc_debug:sfdb_symbol_scope.obj
 0001:0002ed30       same_named_data_in_data_array 000000018002fd30 f   sfc_debug:sfdb_symbol_scope.obj
 0001:00030730       sf_debug_cc_terminate_chart 0000000180031730 f   sfc_debug:sfdb_coverage.obj
 0001:00030ad0       sf_debug_cc_terminate_instance 0000000180031ad0 f   sfc_debug:sfdb_coverage.obj
 0001:000316d0       sf_debug_cc_mark_object_if_needed 00000001800326d0 f   sfc_debug:sfdb_coverage.obj
 0001:00031e30       sf_debug_cc_fill_transition_coverage_data 0000000180032e30 f   sfc_debug:sfdb_coverage.obj
 0001:00031fc0       sf_debug_cc_fill_transition_coverage_map 0000000180032fc0 f   sfc_debug:sfdb_coverage.obj
 0001:00032270       sf_debug_cc_fill_state_coverage_map 0000000180033270 f   sfc_debug:sfdb_coverage.obj
 0001:000324c0       sf_debug_cc_fill_state_coverage_data 00000001800334c0 f   sfc_debug:sfdb_coverage.obj
 0001:000330f0       sf_debug_bm_initialize_eml 00000001800340f0 f   sfc_debug:sfdb_breakpoints.obj
 0001:00034240       sf_debug_bm_map_debug_tag_to_breakpoint_tag 0000000180035240 f   sfc_debug:sfdb_breakpoints.obj
 0001:00034320       sf_debug_bm_is_a_eml_breakpoint_impl 0000000180035320 f   sfc_debug:sfdb_breakpoints.obj
 0001:00035f80       sf_debug_sc_push_on_error_stack 0000000180036f80 f   sfc_debug:sfdb_state_consistency.obj
 0001:000360b0       sf_debug_sc_reset_error_stack 00000001800370b0 f   sfc_debug:sfdb_state_consistency.obj
 0001:00036240       sf_debug_sc_is_state_inconsistent 0000000180037240 f   sfc_debug:sfdb_state_consistency.obj
 0001:00036540       sf_debug_sc_fill_consistency_info 0000000180037540 f   sfc_debug:sfdb_state_consistency.obj
 0001:00036af0       void_assertion_fcn         0000000180037af0 f   sfc_debug:sfdb_call_stack.obj
 0001:00037080       sf_debug_tm_fill_local_trace 0000000180038080 f   sfc_debug:sfdb_call_stack.obj
 0001:00037620       sf_debug_cd_terminate_instance 0000000180038620 f   sfc_debug:sfdb_cycle_detection.obj
 0001:00037680       sf_debug_cd_free_checksum_stack 0000000180038680 f   sfc_debug:sfdb_cycle_detection.obj
 0001:000376d0       sf_debug_cd_reset_pack_strings 00000001800386d0 f   sfc_debug:sfdb_cycle_detection.obj
 0001:00037d90       md5file_clear              0000000180038d90 f   sfc_debug:ckmd5.obj
 0001:00037dc0       Encode                     0000000180038dc0 f   sfc_debug:ckmd5.obj
 0001:00037e10       Decode                     0000000180038e10 f   sfc_debug:ckmd5.obj
 0001:00037eb0       MD5Transform               0000000180038eb0 f   sfc_debug:ckmd5.obj
 0001:00038700       md5file_addn               0000000180039700 f   sfc_debug:ckmd5.obj
 0001:000387d0       md5file_hash               00000001800397d0 f   sfc_debug:ckmd5.obj
 0001:00038f38       pre_c_init                 0000000180039f38 f   MSVCRT:crtdll.obj
 0001:000391f4       __DllMainCRTStartup        000000018003a1f4 f   MSVCRT:crtdll.obj
 0001:00039900       __DllMainCRTStartup$filt$0 000000018003a900 f   MSVCRT:crtdll.obj
 0001:00039930       __DllMainCRTStartup$fin$1  000000018003a930 f   MSVCRT:crtdll.obj
 0001:0003994a       _onexit$fin$0              000000018003a94a f   MSVCRT:atonexit.obj
 0001:00039970       _IsNonwritableInCurrentImage$filt$0 000000018003a970 f   MSVCRT:pesect.obj
