 test_sfun

 Timestamp is 4f1e79af (Tue Jan 24 09:28:15 2012)

 Preferred load address is 0000000180000000

 Start         Length     Name                   Class
 0001:00000000 0003b054H .text                   CODE
 0001:0003b060 00000092H .text$x                 CODE
 0002:00000000 00000460H .idata$5                DATA
 0002:00000460 00000008H .CRT$XCA                DATA
 0002:00000468 00000008H .CRT$XCZ                DATA
 0002:00000470 00000008H .CRT$XIA                DATA
 0002:00000478 00000008H .CRT$XIAA               DATA
 0002:00000480 00000008H .CRT$XIZ                DATA
 0002:00000490 0000493cH .rdata                  DATA
 0002:00004dd0 00000008H .rtc$IAA                DATA
 0002:00004dd8 00000008H .rtc$IZZ                DATA
 0002:00004de0 00000008H .rtc$TAA                DATA
 0002:00004de8 00000008H .rtc$TZZ                DATA
 0002:00004df0 0000446cH .xdata                  DATA
 0002:0000925c 000000a0H .idata$2                DATA
 0002:000092fc 00000014H .idata$3                DATA
 0002:00009310 00000460H .idata$4                DATA
 0002:00009770 000009e0H .idata$6                DATA
 0002:0000a150 0000004fH .edata                  DATA
 0003:00000000 000026d8H .data                   DATA
 0003:000026e0 00002678H .bss                    DATA
 0004:00000000 000032c4H .pdata                  DATA

  Address         Publics by Value              Rva+Base               Lib:Object

 0000:00000000       ___safe_se_handler_table   0000000000000000     <absolute>
 0000:00000000       ___safe_se_handler_count   0000000000000000     <absolute>
 0000:00000000       __ImageBase                0000000180000000     <linker-defined>
 0001:00000000       sf_c3_test_get_eml_resolved_functions_info 0000000180001000 f   c3_test.obj
 0001:00001680       sf_c3_test_get_check_sum   0000000180002680 f   c3_test.obj
 0001:00001700       sf_c3_test_get_autoinheritance_info 0000000180002700 f   c3_test.obj
 0001:00002310       c3_test_method_dispatcher  0000000180003310 f   c3_test.obj
 0001:00006620       sf_process_check_sum_call  0000000180007620 f   test_sfun_registry.obj
 0001:00006670       sf_process_autoinheritance_call 0000000180007670 f   test_sfun_registry.obj
 0001:000066c0       sf_process_get_eml_resolved_functions_info_call 00000001800076c0 f   test_sfun_registry.obj
 0001:00006840       sf_mex_unlock_call         0000000180007840 f   test_sfun_registry.obj
 0001:000068f0       sf_machine_global_initializer_called 00000001800078f0 f   test_sfun_registry.obj
 0001:00006920       sf_machine_global_method_dispatcher 0000000180007920 f   test_sfun_registry.obj
 0001:00006980       sf_machine_global_terminator 0000000180007980 f   test_sfun_registry.obj
 0001:000069c0       sf_register_machine_exported_symbols 00000001800079c0 f   test_sfun_registry.obj
 0001:000069e0       callCustomFcn              00000001800079e0 f   test_sfun_registry.obj
 0001:000069f0       sf_machine_global_initializer 00000001800079f0 f   test_sfun_registry.obj
 0001:00006a60       _ssSetInputPortMatrixDimensions 0000000180007a60 f   test_sfun_registry.obj
 0001:00006b70       _ssSetOutputPortMatrixDimensions 0000000180007b70 f   test_sfun_registry.obj
 0001:00006c80       _ssSetInputPortVectorDimension 0000000180007c80 f   test_sfun_registry.obj
 0001:00006d50       _ssSetOutputPortVectorDimension 0000000180007d50 f   test_sfun_registry.obj
 0001:00006e20       ssIsRunTimeParamTunable    0000000180007e20 f   test_sfun_registry.obj
 0001:00006e90       ssGetSFuncBlockHandle      0000000180007e90 f   test_sfun_registry.obj
 0001:00006f00       _ssGetCurrentInputPortWidth 0000000180007f00 f   test_sfun_registry.obj
 0001:00007020       _ssGetCurrentOutputPortWidth 0000000180008020 f   test_sfun_registry.obj
 0001:00007140       _ssGetCallSystemNumFcnCallDestinations 0000000180008140 f   test_sfun_registry.obj
 0001:000071b0       ssWarning                  00000001800081b0 f   test_sfun_registry.obj
 0001:000072c0       ssGetIsZeroCrossControlDisabled 00000001800082c0 f   test_sfun_registry.obj
 0001:00007330       ssSetIsInputPortUsedForContZcSignal 0000000180008330 f   test_sfun_registry.obj
 0001:000073a0       ssSetZcSignalIsZcElementDisc 00000001800083a0 f   test_sfun_registry.obj
 0001:00007450       ssSetZcSignalName          0000000180008450 f   test_sfun_registry.obj
 0001:000074c0       ssSetZcSignalWidth         00000001800084c0 f   test_sfun_registry.obj
 0001:00007530       ssSetZcSignalZcEventType   0000000180008530 f   test_sfun_registry.obj
 0001:000075a0       ssSetZcSignalType          00000001800085a0 f   test_sfun_registry.obj
 0001:00007610       ssSetZcSignalZcTol         0000000180008610 f   test_sfun_registry.obj
 0001:00007680       ssSetZcSignalNeedsEventNotification 0000000180008680 f   test_sfun_registry.obj
 0001:000076f0       ssCreateAndAddZcSignalInfo 00000001800086f0 f   test_sfun_registry.obj
 0001:00007760       ssCloneAndAddZcSignalInfo  0000000180008760 f   test_sfun_registry.obj
 0001:000077d0       ssGetNumZcSignals          00000001800087d0 f   test_sfun_registry.obj
 0001:00007840       ssGetZcSignalVector        0000000180008840 f   test_sfun_registry.obj
 0001:000078b0       ssGetZcSignalZcEvents      00000001800088b0 f   test_sfun_registry.obj
 0001:00007920       ssGetZcSignalName          0000000180008920 f   test_sfun_registry.obj
 0001:00007990       ssGetZcSignalWidth         0000000180008990 f   test_sfun_registry.obj
 0001:00007a00       ssGetZcSignalZcEventType   0000000180008a00 f   test_sfun_registry.obj
 0001:00007a70       ssGetZcSignalType          0000000180008a70 f   test_sfun_registry.obj
 0001:00007ae0       ssGetZcSignalZcTol         0000000180008ae0 f   test_sfun_registry.obj
 0001:00007b60       ssGetZcSignalNeedsEventNotification 0000000180008b60 f   test_sfun_registry.obj
 0001:00007bd0       ssGetZcSignalIsZcElementDisc 0000000180008bd0 f   test_sfun_registry.obj
 0001:00007c70       ssGetIsInputPortElementContinuous 0000000180008c70 f   test_sfun_registry.obj
 0001:00007d10       _ssGetInputPortSignalPtrsFcn 0000000180008d10 f   test_sfun_registry.obj
 0001:00007fd0       _ssGetInputPortSignalFcn   0000000180008fd0 f   test_sfun_registry.obj
 0001:000081f0       _ssSetInputPortDirectFeedThroughFcn 00000001800091f0 f   test_sfun_registry.obj
 0001:00008350       _ssSetInputPortReusableFcn 0000000180009350 f   test_sfun_registry.obj
 0001:00008440       _ssSetOutputPortReusableFcn 0000000180009440 f   test_sfun_registry.obj
 0001:00008520       ssGetDTypeIdFromMxArray    0000000180009520 f   test_sfun_registry.obj
 0001:00008640       ssWriteRTWStr              0000000180009640 f   test_sfun_registry.obj
 0001:000086a0       ssWriteRTWMxVectParam      00000001800096a0 f   test_sfun_registry.obj
 0001:00008700       ssWriteRTWMx2dMatParam     0000000180009700 f   test_sfun_registry.obj
 0001:00008780       ssWriteRTWNameValuePair    0000000180009780 f   test_sfun_registry.obj
 0001:00008c70       ssWriteRTWParameters       0000000180009c70 f   test_sfun_registry.obj
 0001:00009270       ssWriteRTWParamSettings    000000018000a270 f   test_sfun_registry.obj
 0001:00009940       ssWriteRTWWorkVect         000000018000a940 f   test_sfun_registry.obj
 0001:00009e40       mexFunction                000000018000ae40 f   test_sfun_registry.obj
 0001:0000ba80       ProcessMexSfunctionEveryCall 000000018000ca80 f   test_sfun_registry.obj
 0001:0000bbf0       test_initializer           000000018000cbf0 f   test_sfun.obj
 0001:0000bc10       test_terminator            000000018000cc10 f   test_sfun.obj
 0001:0000bc20       sf_test_method_dispatcher  000000018000cc20 f   test_sfun.obj
 0001:0000bc70       sf_test_process_check_sum_call 000000018000cc70 f   test_sfun.obj
 0001:0000c080       sf_test_autoinheritance_info 000000018000d080 f   test_sfun.obj
 0001:0000c180       sf_test_get_eml_resolved_functions_info 000000018000d180 f   test_sfun.obj
 0001:0000c2b0       test_debug_initialize      000000018000d2b0 f   test_sfun.obj
 0001:0000c320       test_register_exported_symbols 000000018000d320 f   test_sfun.obj
 0001:0000c3d0       sf_mex_mx_is_numeric       000000018000d3d0 f   sfc_mex:sfc_mex.obj
 0001:0000c410       strcmp_ignore_ws           000000018000d410 f   sfc_mex:sfc_mex.obj
 0001:0000c550       sf_mex_duplicatearraysafe  000000018000d550 f   sfc_mex:sfc_mex.obj
 0001:0000c6b0       sf_set_error_debugger_context_message_fcn 000000018000d6b0 f   sfc_mex:sfc_mex.obj
 0001:0000c6c0       sf_set_debugger_matlab_error_fcn 000000018000d6c0 f   sfc_mex:sfc_mex.obj
 0001:0000c6f0       sf_set_error_prefix_string 000000018000d6f0 f   sfc_mex:sfc_mex.obj
 0001:0000c720       sf_get_error_prefix_string 000000018000d720 f   sfc_mex:sfc_mex.obj
 0001:0000c730       sf_get_current_jmp_buf_ptr 000000018000d730 f   sfc_mex:sfc_mex.obj
 0001:0000c740       sf_set_current_jmp_buf_ptr 000000018000d740 f   sfc_mex:sfc_mex.obj
 0001:0000c750       sf_mex_set_halt_simulation 000000018000d750 f   sfc_mex:sfc_mex.obj
 0001:0000c760       sf_mex_get_halt_simulation 000000018000d760 f   sfc_mex:sfc_mex.obj
 0001:0000c770       sf_mex_clear_error_message 000000018000d770 f   sfc_mex:sfc_mex.obj
 0001:0000c790       sf_mex_get_error_message_for_read 000000018000d790 f   sfc_mex:sfc_mex.obj
 0001:0000c7a0       sf_mex_get_error_message_buffer_length 000000018000d7a0 f   sfc_mex:sfc_mex.obj
 0001:0000c890       sf_mex_warning_message     000000018000d890 f   sfc_mex:sfc_mex.obj
 0001:0000c900       sf_mex_v_errbuf_createf    000000018000d900 f   sfc_mex:sfc_mex.obj
 0001:0000c910       sf_mex_errbuf_createf      000000018000d910 f   sfc_mex:sfc_mex.obj
 0001:0000c940       sf_mex_v_errbuf_catf       000000018000d940 f   sfc_mex:sfc_mex.obj
 0001:0000c980       sf_mex_errbuf_catf         000000018000d980 f   sfc_mex:sfc_mex.obj
 0001:0000c9d0       sf_mex_errbuf_copy         000000018000d9d0 f   sfc_mex:sfc_mex.obj
 0001:0000c9e0       sf_mex_errbuf_clear        000000018000d9e0 f   sfc_mex:sfc_mex.obj
 0001:0000c9f0       sf_mex_errbuf_isempty      000000018000d9f0 f   sfc_mex:sfc_mex.obj
 0001:0000cb00       sf_mex_set_error_status    000000018000db00 f   sfc_mex:sfc_mex.obj
 0001:0000cb50       sf_mex_error_direct_call   000000018000db50 f   sfc_mex:sfc_mex.obj
 0001:0000cb70       sf_mex_long_jump_on_error  000000018000db70 f   sfc_mex:sfc_mex.obj
 0001:0000cba0       sf_mex_call_matlab         000000018000dba0 f   sfc_mex:sfc_mex.obj
 0001:0000ccc0       sf_mex_check_builtin       000000018000dcc0 f   sfc_mex:sfc_mex.obj
 0001:0000cd00       sf_mex_check_builtin_vs    000000018000dd00 f   sfc_mex:sfc_mex.obj
 0001:0000cd60       sf_mex_check_enum          000000018000dd60 f   sfc_mex:sfc_mex.obj
 0001:0000cd90       sf_mex_create_enum         000000018000dd90 f   sfc_mex:sfc_mex.obj
 0001:0000cdb0       sf_mex_get_enum_element    000000018000ddb0 f   sfc_mex:sfc_mex.obj
 0001:0000cdc0       sf_mex_createcellarray     000000018000ddc0 f   sfc_mex:sfc_mex.obj
 0001:0000cdd0       sf_mex_setcell             000000018000ddd0 f   sfc_mex:sfc_mex.obj
 0001:0000cde0       sf_mex_getcell             000000018000dde0 f   sfc_mex:sfc_mex.obj
 0001:0000cdf0       sf_mex_dup                 000000018000ddf0 f   sfc_mex:sfc_mex.obj
 0001:0000ce10       sf_mex_assign              000000018000de10 f   sfc_mex:sfc_mex.obj
 0001:0000ce70       sf_mex_destroy             000000018000de70 f   sfc_mex:sfc_mex.obj
 0001:0000cea0       mx_array_has_fi_type       000000018000dea0 f   sfc_mex:sfc_mex.obj
 0001:0000ced0       sf_mex_convert_from_fi     000000018000ded0 f   sfc_mex:sfc_mex.obj
 0001:0000d030       sf_mex_convert_to_double   000000018000e030 f   sfc_mex:sfc_mex.obj
 0001:0000d150       sf_mex_import_fi_vs        000000018000e150 f   sfc_mex:sfc_mex.obj
 0001:0000d380       sf_matrix_matrix_index_ok  000000018000e380 f   sfc_mex:sfc_mex.obj
 0001:0000d410       sf_vector_vector_index_ok  000000018000e410 f   sfc_mex:sfc_mex.obj
 0001:0000d440       ssGetCurrentInputPortDimensions_wrapper 000000018000e440 f   sfc_mex:sfc_mex.obj
 0001:0000d460       ssGetCurrentOutputPortDimensions_wrapper 000000018000e460 f   sfc_mex:sfc_mex.obj
 0001:0000d480       sf_mex_emlrt_context_is_debug_mode 000000018000e480 f   sfc_mex:sfc_mex.obj
 0001:0000d490       sf_mex_emlrt_context_set_debug_mode 000000018000e490 f   sfc_mex:sfc_mex.obj
 0001:0000d4a0       sf_clear_error_manager_info 000000018000e4a0 f   sfc_mex:sfc_mex.obj
 0001:0000d4f0       sf_mex_stop_simulation_abruptly_wo_error 000000018000e4f0 f   sfc_mex:sfc_mex.obj
 0001:0000d530       sf_mex_error_message       000000018000e530 f   sfc_mex:sfc_mex.obj
 0001:0000d590       sf_react_to_error_in_matlab_call 000000018000e590 f   sfc_mex:sfc_mex.obj
 0001:0000d5c0       sf_mex_addfield            000000018000e5c0 f   sfc_mex:sfc_mex.obj
 0001:0000d660       sf_mex_getfield            000000018000e660 f   sfc_mex:sfc_mex.obj
 0001:0000d910       sf_mex_check_class         000000018000e910 f   sfc_mex:sfc_mex.obj
 0001:0000d9a0       sf_mex_is_real             000000018000e9a0 f   sfc_mex:sfc_mex.obj
 0001:0000dac0       sf_mex_check_complex       000000018000eac0 f   sfc_mex:sfc_mex.obj
 0001:0000db20       sf_mex_check_sparse        000000018000eb20 f   sfc_mex:sfc_mex.obj
 0001:0000db90       sf_mex_check_numerictype   000000018000eb90 f   sfc_mex:sfc_mex.obj
 0001:0000ddf0       sf_mex_check_fimath        000000018000edf0 f   sfc_mex:sfc_mex.obj
 0001:0000e050       sf_mex_decode_encoded_mx_struct_array 000000018000f050 f   sfc_mex:sfc_mex.obj
 0001:0000e320       sf_mex_lw_bounds_check     000000018000f320 f   sfc_mex:sfc_mex.obj
 0001:0000e350       sf_mex_lw_size_eq_check_1d 000000018000f350 f   sfc_mex:sfc_mex.obj
 0001:0000e370       sf_mex_lw_size_eq_check_nd 000000018000f370 f   sfc_mex:sfc_mex.obj
 0001:0000e560       sf_mex_lw_dim_size_eq_check 000000018000f560 f   sfc_mex:sfc_mex.obj
 0001:0000e590       sf_mex_lw_dim_size_geq_check 000000018000f590 f   sfc_mex:sfc_mex.obj
 0001:0000e5c0       sf_mex_lw_sub_assign_size_check_nd 000000018000f5c0 f   sfc_mex:sfc_mex.obj
 0001:0000e800       sf_mex_lw_matrix_matrix_index_check 000000018000f800 f   sfc_mex:sfc_mex.obj
 0001:0000e890       sf_mex_lw_vector_vector_index_check 000000018000f890 f   sfc_mex:sfc_mex.obj
 0001:0000e8d0       sf_mex_lw_non_negative_check 000000018000f8d0 f   sfc_mex:sfc_mex.obj
 0001:0000e910       sf_mex_overflow_error      000000018000f910 f   sfc_mex:sfc_mex.obj
 0001:0000e920       sf_mex_dividebyzero_error  000000018000f920 f   sfc_mex:sfc_mex.obj
 0001:0000e930       sf_mex_unsafe_enum_error   000000018000f930 f   sfc_mex:sfc_mex.obj
 0001:0000e940       sf_emlrtErrHandler         000000018000f940 f   sfc_mex:sfc_mex.obj
 0001:0000e970       sf_mex_printf              000000018000f970 f   sfc_mex:sfc_mex.obj
 0001:0000eba0       sf_mex_check_size          000000018000fba0 f   sfc_mex:sfc_mex.obj
 0001:0000eea0       sf_mex_check_struct        000000018000fea0 f   sfc_mex:sfc_mex.obj
 0001:0000f060       sf_mex_check_struct_vs     0000000180010060 f   sfc_mex:sfc_mex.obj
 0001:0000f0f0       sf_mex_check_fi            00000001800100f0 f   sfc_mex:sfc_mex.obj
 0001:0000f350       sf_mex_check_fi_vs         0000000180010350 f   sfc_mex:sfc_mex.obj
 0001:0000f3f0       sf_echo_expression         00000001800103f0 f   sfc_mex:sfc_mex.obj
 0001:0000f450       sf_assertion_failed        0000000180010450 f   sfc_mex:sfc_mex.obj
 0001:0000f620       sf_mex_evalin              0000000180010620 f   sfc_mex:sfc_mex.obj
 0001:0000f940       sf_mex_export              0000000180010940 f   sfc_mex:sfc_mex.obj
 0001:0000f9e0       sf_mex_get_ml_var_no_error 00000001800109e0 f   sfc_mex:sfc_mex.obj
 0001:0000fc60       sf_mex_get_ml_var          0000000180010c60 f   sfc_mex:sfc_mex.obj
 0001:0000ffe0       ml_set_element_value_in_array 0000000180010fe0 f   sfc_mex:sfc_mex.obj
 0001:00011470       sf_mex_call_impl           0000000180012470 f   sfc_mex:sfc_mex.obj
 0001:00011a30       sf_mex_call_debug          0000000180012a30 f   sfc_mex:sfc_mex.obj
 0001:00011a60       sf_mex_call                0000000180012a60 f   sfc_mex:sfc_mex.obj
 0001:00012070       sf_mex_createstruct        0000000180013070 f   sfc_mex:sfc_mex.obj
 0001:00012160       sf_mex_createstructarray   0000000180013160 f   sfc_mex:sfc_mex.obj
 0001:000121e0       sf_mex_get_mx_datatype_from_sf_datatype 00000001800131e0 f   sfc_mex:sfc_mex.obj
 0001:000124f0       sf_mex_ml_var_sub          00000001800134f0 f   sfc_mex:sfc_mex.obj
 0001:000126c0       sf_mex_ml_var_subsasgn     00000001800136c0 f   sfc_mex:sfc_mex.obj
 0001:00012ad0       sf_mex_sub                 0000000180013ad0 f   sfc_mex:sfc_mex.obj
 0001:00012cf0       sf_mex_subsasgn            0000000180013cf0 f   sfc_mex:sfc_mex.obj
 0001:000138a0       sf_mex_create              00000001800148a0 f   sfc_mex:sfc_mex.obj
 0001:00014720       sf_mex_import              0000000180015720 f   sfc_mex:sfc_mex.obj
 0001:00014830       sf_mex_import_vs           0000000180015830 f   sfc_mex:sfc_mex.obj
 0001:00014940       sf_mex_lower_fixpt_mx_array 0000000180015940 f   sfc_mex:sfc_mex.obj
 0001:00014f80       sim_mode_is_rtw_gen        0000000180015f80 f   sfc_mex:sfc_sf.obj
 0001:00014fb0       sim_mode_is_external       0000000180015fb0 f   sfc_mex:sfc_sf.obj
 0001:00014fc0       mdlInitializeSizes         0000000180015fc0 f   sfc_mex:sfc_sf.obj
 0001:00014fe0       mdlInitializeSampleTimes   0000000180015fe0 f   sfc_mex:sfc_sf.obj
 0001:00015020       mdlZeroCrossings           0000000180016020 f   sfc_mex:sfc_sf.obj
 0001:00015100       mdlDerivatives             0000000180016100 f   sfc_mex:sfc_sf.obj
 0001:000151b0       mdl_initialize_conditions_processing 00000001800161b0 f   sfc_mex:sfc_sf.obj
 0001:000151e0       mdlInitializeConditions    00000001800161e0 f   sfc_mex:sfc_sf.obj
 0001:000152a0       mdlGetSimState             00000001800162a0 f   sfc_mex:sfc_sf.obj
 0001:000152b0       mdlSetSimState             00000001800162b0 f   sfc_mex:sfc_sf.obj
 0001:000152c0       mdl_ext_mode_exec_processing 00000001800162c0 f   sfc_mex:sfc_sf.obj
 0001:000152e0       mdlExtModeExec             00000001800162e0 f   sfc_mex:sfc_sf.obj
 0001:00015540       mdlTerminate               0000000180016540 f   sfc_mex:sfc_sf.obj
 0001:000155b0       mdlRTW                     00000001800165b0 f   sfc_mex:sfc_sf.obj
 0001:000155e0       mdlSetWorkWidths           00000001800165e0 f   sfc_mex:sfc_sf.obj
 0001:000155f0       mdlProcessParameters       00000001800165f0 f   sfc_mex:sfc_sf.obj
 0001:00015600       mdl_start_processing       0000000180016600 f   sfc_mex:sfc_sf.obj
 0001:00015640       mdlStart                   0000000180016640 f   sfc_mex:sfc_sf.obj
 0001:00015730       mdlEnable                  0000000180016730 f   sfc_mex:sfc_sf.obj
 0001:00015800       mdlDisable                 0000000180016800 f   sfc_mex:sfc_sf.obj
 0001:000158b0       sf_get_chart_instance_ptr  00000001800168b0 f   sfc_mex:sfc_sf.obj
 0001:000158d0       sf_rtw_info_uint_prop      00000001800168d0 f   sfc_mex:sfc_sf.obj
 0001:00015ab0       sf_is_chart_inlinable      0000000180016ab0 f   sfc_mex:sfc_sf.obj
 0001:00015ad0       sf_mark_output_events_with_multiple_callers 0000000180016ad0 f   sfc_mex:sfc_sf.obj
 0001:00015cf0       sf_mark_chart_reusable_outputs 0000000180016cf0 f   sfc_mex:sfc_sf.obj
 0001:00015fd0       sf_mark_chart_expressionable_inputs 0000000180016fd0 f   sfc_mex:sfc_sf.obj
 0001:000163a0       sf_get_subchart_simstruct  00000001800173a0 f   sfc_mex:sfc_sf.obj
 0001:000163f0       sf_write_symbol_mapping    00000001800173f0 f   sfc_mex:sfc_sf.obj
 0001:000166a0       sf_get_fixpt_data_type_id  00000001800176a0 f   sfc_mex:sfc_sf.obj
 0001:000166e0       sf_get_enum_data_type_id   00000001800176e0 f   sfc_mex:sfc_sf.obj
 0001:00016720       sf_get_param_data_type_id  0000000180017720 f   sfc_mex:sfc_sf.obj
 0001:00016750       sf_mex_listen_for_ctrl_c_force 0000000180017750 f   sfc_mex:sfc_sf.obj
 0001:00016860       sf_mex_draw_now            0000000180017860 f   sfc_mex:sfc_sf.obj
 0001:000168a0       sf_mex_set_debugger_sim_status_listener_fcn 00000001800178a0 f   sfc_mex:sfc_sf.obj
 0001:000168b0       sf_mex_listen_for_ctrl_c   00000001800178b0 f   sfc_mex:sfc_sf.obj
 0001:00016940       sf_mex_get_sfun_param      0000000180017940 f   sfc_mex:sfc_sf.obj
 0001:00016990       sf_get_runtime_param_data  0000000180017990 f   sfc_mex:sfc_sf.obj
 0001:000169d0       sf_call_output_fcn_call    00000001800179d0 f   sfc_mex:sfc_sf.obj
 0001:00016b10       sf_call_output_fcn_enable  0000000180017b10 f   sfc_mex:sfc_sf.obj
 0001:00016ba0       sf_call_output_fcn_disable 0000000180017ba0 f   sfc_mex:sfc_sf.obj
 0001:00016c30       sf_clear_rtw_identifier    0000000180017c30 f   sfc_mex:sfc_sf.obj
 0001:00017400       sf_set_encoded_dwork_info  0000000180018400 f   sfc_mex:sfc_sf.obj
 0001:000176a0       sf_set_rtw_dwork_info      00000001800186a0 f   sfc_mex:sfc_sf.obj
 0001:00017970       mdlOutputs                 0000000180018970 f   sfc_mex:sfc_sf.obj
 0001:00017ab0       sf_debug_disp              0000000180018ab0 f   sfc_debug:sfcdebug.obj
 0001:00017d80       sf_debug_data_runtime_size_mismatch_error_check 0000000180018d80 f   sfc_debug:sfcdebug.obj
 0001:00017e20       sf_debug_try_loading_machine 0000000180018e20 f   sfc_debug:sfcdebug.obj
 0001:00017f20       sf_debug_reset_current_state_configuration 0000000180018f20 f   sfc_debug:sfcdebug.obj
 0001:00017fb0       sf_debug_store_current_state_configuration 0000000180018fb0 f   sfc_debug:sfcdebug.obj
 0001:00018040       sf_debug_restore_previous_state_configuration 0000000180019040 f   sfc_debug:sfcdebug.obj
 0001:000180d0       sf_debug_restore_previous_state_configuration2 00000001800190d0 f   sfc_debug:sfcdebug.obj
 0001:00018160       sf_debug_get_event_scope   0000000180019160 f   sfc_debug:sfcdebug.obj
 0001:000182d0       use_debugger_step_animation 00000001800192d0 f   sfc_debug:sfcdebug.obj
 0001:000182f0       sf_debug_get_script_id     00000001800192f0 f   sfc_debug:sfcdebug.obj
 0001:00018380       sf_debug_set_script_translation 0000000180019380 f   sfc_debug:sfcdebug.obj
 0001:00018440       sf_debug_get_current_machine_id 0000000180019440 f   sfc_debug:sfcdebug.obj
 0001:00018460       sf_debug_get_current_optional_integer 0000000180019460 f   sfc_debug:sfcdebug.obj
 0001:00018470       sf_debug_get_current_machine_number 0000000180019470 f   sfc_debug:sfcdebug.obj
 0001:00018490       sf_debug_get_current_machine_name 0000000180019490 f   sfc_debug:sfcdebug.obj
 0001:000184b0       sf_debug_get_current_chart_id 00000001800194b0 f   sfc_debug:sfcdebug.obj
 0001:00018500       sf_debug_get_current_chart_number 0000000180019500 f   sfc_debug:sfcdebug.obj
 0001:00018510       sf_debug_get_current_instance_number 0000000180019510 f   sfc_debug:sfcdebug.obj
 0001:00018520       sf_debug_get_current_is_minor_time_step 0000000180019520 f   sfc_debug:sfcdebug.obj
 0001:000185a0       sf_debug_get_current_object_type 00000001800195a0 f   sfc_debug:sfcdebug.obj
 0001:000185b0       sf_debug_get_current_instance_handle 00000001800195b0 f   sfc_debug:sfcdebug.obj
 0001:00018610       sf_debug_get_current_event_type 0000000180019610 f   sfc_debug:sfcdebug.obj
 0001:00018620       sf_debug_get_current_object_id 0000000180019620 f   sfc_debug:sfcdebug.obj
 0001:00018660       sf_debug_get_current_active_event_type 0000000180019660 f   sfc_debug:sfcdebug.obj
 0001:00018670       sf_debug_get_current_active_event_id 0000000180019670 f   sfc_debug:sfcdebug.obj
 0001:000186b0       sf_debug_get_current_tag_type 00000001800196b0 f   sfc_debug:sfcdebug.obj
 0001:000186c0       sf_debug_get_current_simulation_time 00000001800196c0 f   sfc_debug:sfcdebug.obj
 0001:000186d0       sf_debug_get_current_coverage_percentage 00000001800196d0 f   sfc_debug:sfcdebug.obj
 0001:000186e0       sf_debug_current_statement_context 00000001800196e0 f   sfc_debug:sfcdebug.obj
 0001:00018770       sf_debug_get_current_statement_info 0000000180019770 f   sfc_debug:sfcdebug.obj
 0001:000188f0       sf_debug_terminate_instance 00000001800198f0 f   sfc_debug:sfcdebug.obj
 0001:00018c10       sf_debug_assertion_failed  0000000180019c10 f   sfc_debug:sfcdebug.obj
 0001:00018dc0       sf_debug_set_number_of_data_with_change_event_for_machine 0000000180019dc0 f   sfc_debug:sfcdebug.obj
 0001:00018e00       sf_debug_set_machine_event_thresholds 0000000180019e00 f   sfc_debug:sfcdebug.obj
 0001:00018e20       sf_debug_set_machine_event_scope 0000000180019e20 f   sfc_debug:sfcdebug.obj
 0001:00018e60       sf_debug_set_machine_data_thresholds 0000000180019e60 f   sfc_debug:sfcdebug.obj
 0001:00018ea0       sf_debug_set_machine_data_scope 0000000180019ea0 f   sfc_debug:sfcdebug.obj
 0001:00018f30       sf_debug_set_machine_data_name 0000000180019f30 f   sfc_debug:sfcdebug.obj
 0001:00018fd0       sf_debug_set_machine_data_size 0000000180019fd0 f   sfc_debug:sfcdebug.obj
 0001:00019110       sf_debug_set_machine_data_type 000000018001a110 f   sfc_debug:sfcdebug.obj
 0001:00019280       sf_debug_get_chart_data_number 000000018001a280 f   sfc_debug:sfcdebug.obj
 0001:000192a0       sf_debug_get_chart_event_number 000000018001a2a0 f   sfc_debug:sfcdebug.obj
 0001:000192c0       sf_debug_set_chart_state_info 000000018001a2c0 f   sfc_debug:sfcdebug.obj
 0001:00019340       sf_debug_set_chart_decomposition 000000018001a340 f   sfc_debug:sfcdebug.obj
 0001:000193b0       sf_debug_set_chart_substate_count 000000018001a3b0 f   sfc_debug:sfcdebug.obj
 0001:00019490       sf_debug_set_chart_substate_index 000000018001a490 f   sfc_debug:sfcdebug.obj
 0001:00019500       sf_debug_set_chart_state_substate_count 000000018001a500 f   sfc_debug:sfcdebug.obj
 0001:00019610       sf_debug_set_chart_state_substate_index 000000018001a610 f   sfc_debug:sfcdebug.obj
 0001:00019690       sf_debug_set_number_of_data_with_change_event_for_chart 000000018001a690 f   sfc_debug:sfcdebug.obj
 0001:00019710       sf_debug_set_number_of_states_with_entry_event_for_chart 000000018001a710 f   sfc_debug:sfcdebug.obj
 0001:00019780       sf_debug_set_number_of_states_with_exit_event_for_chart 000000018001a780 f   sfc_debug:sfcdebug.obj
 0001:000197f0       sf_debug_set_chart_disable_implicit_casting 000000018001a7f0 f   sfc_debug:sfcdebug.obj
 0001:00019860       sf_debug_set_chart_event_thresholds 000000018001a860 f   sfc_debug:sfcdebug.obj
 0001:000198d0       sf_debug_set_chart_data_compiled_props 000000018001a8d0 f   sfc_debug:sfcdebug.obj
 0001:00019c10       sf_debug_set_chart_data_props 000000018001ac10 f   sfc_debug:sfcdebug.obj
 0001:00019f40       sf_debug_check_fi_license  000000018001af40 f   sfc_debug:sfcdebug.obj
 0001:0001a130       sf_debug_symbol_scope_push 000000018001b130 f   sfc_debug:sfcdebug.obj
 0001:0001a210       sf_debug_symbol_scope_push_eml 000000018001b210 f   sfc_debug:sfcdebug.obj
 0001:0001a2f0       sf_debug_symbol_scope_pop  000000018001b2f0 f   sfc_debug:sfcdebug.obj
 0001:0001a330       sf_debug_symbol_scope_add  000000018001b330 f   sfc_debug:sfcdebug.obj
 0001:0001a3b0       sf_debug_symbol_scope_add_eml 000000018001b3b0 f   sfc_debug:sfcdebug.obj
 0001:0001a3f0       sf_debug_symbol_scope_add_dyn 000000018001b3f0 f   sfc_debug:sfcdebug.obj
 0001:0001a4a0       sf_debug_symbol_scope_add_eml_dyn 000000018001b4a0 f   sfc_debug:sfcdebug.obj
 0001:0001a500       sf_debug_symbol_switch     000000018001b500 f   sfc_debug:sfcdebug.obj
 0001:0001a520       sf_debug_symbol_scope_add_verbose 000000018001b520 f   sfc_debug:sfcdebug.obj
 0001:0001a5f0       sf_debug_set_machine_data_value_ptr 000000018001b5f0 f   sfc_debug:sfcdebug.obj
 0001:0001a630       sf_debug_set_instance_data_value_ptr 000000018001b630 f   sfc_debug:sfcdebug.obj
 0001:0001a6f0       sf_debug_unset_instance_data_value_ptr 000000018001b6f0 f   sfc_debug:sfcdebug.obj
 0001:0001a7a0       sf_debug_set_chart_event_scope 000000018001b7a0 f   sfc_debug:sfcdebug.obj
 0001:0001a820       sf_debug_set_chart_transition_coverage_maps 000000018001b820 f   sfc_debug:sfcdebug.obj
 0001:0001a930       sf_debug_set_chart_state_coverage_maps 000000018001b930 f   sfc_debug:sfcdebug.obj
 0001:0001aa10       sf_debug_set_instance_transition_coverage_weights 000000018001ba10 f   sfc_debug:sfcdebug.obj
 0001:0001aab0       sf_debug_set_instance_state_coverage_weights 000000018001bab0 f   sfc_debug:sfcdebug.obj
 0001:0001ad00       sf_debug_unload_machine    000000018001bd00 f   sfc_debug:sfcdebug.obj
 0001:0001ad50       sf_debug_load_machine      000000018001bd50 f   sfc_debug:sfcdebug.obj
 0001:0001ae60       sf_debug_set_active_instance_in_data_dictionary 000000018001be60 f   sfc_debug:sfcdebug.obj
 0001:0001b040       sf_debug_set_active_instance 000000018001c040 f   sfc_debug:sfcdebug.obj
 0001:0001b190       sf_debug_chart_visiblity_change 000000018001c190 f   sfc_debug:sfcdebug.obj
 0001:0001b270       sf_debug_select_chart      000000018001c270 f   sfc_debug:sfcdebug.obj
 0001:0001b350       sf_debug_set_instance_cv_ids 000000018001c350 f   sfc_debug:sfcdebug.obj
 0001:0001b670       sf_debug_select_charts     000000018001c670 f   sfc_debug:sfcdebug.obj
 0001:0001b7b0       sf_debug_initialized       000000018001c7b0 f   sfc_debug:sfcdebug.obj
 0001:0001b7c0       sf_debug_is_uninterruptible 000000018001c7c0 f   sfc_debug:sfcdebug.obj
 0001:0001b7f0       sf_debug_initialize_debugger_gui 000000018001c7f0 f   sfc_debug:sfcdebug.obj
 0001:0001bbd0       sf_debug_resume            000000018001cbd0 f   sfc_debug:sfcdebug.obj
 0001:0001bbf0       sf_debug_go                000000018001cbf0 f   sfc_debug:sfcdebug.obj
 0001:0001bc00       sf_debug_break             000000018001cc00 f   sfc_debug:sfcdebug.obj
 0001:0001bc10       sf_debug_step_over         000000018001cc10 f   sfc_debug:sfcdebug.obj
 0001:0001bc20       sf_debug_step_out          000000018001cc20 f   sfc_debug:sfcdebug.obj
 0001:0001bc30       sf_debug_set_disable_all_breakpoints 000000018001cc30 f   sfc_debug:sfcdebug.obj
 0001:0001bc40       sf_debug_disable_all_breakpoints_and_go 000000018001cc40 f   sfc_debug:sfcdebug.obj
 0001:0001bc50       sf_debug_break_on_chart_entry 000000018001cc50 f   sfc_debug:sfcdebug.obj
 0001:0001bc60       sf_debug_break_on_event_broadcast 000000018001cc60 f   sfc_debug:sfcdebug.obj
 0001:0001bc70       sf_debug_break_on_state_entry 000000018001cc70 f   sfc_debug:sfcdebug.obj
 0001:0001bc80       sf_debug_break_between_times 000000018001cc80 f   sfc_debug:sfcdebug.obj
 0001:0001bca0       sf_debug_browse_data       000000018001cca0 f   sfc_debug:sfcdebug.obj
 0001:0001bcc0       sf_debug_watch_data        000000018001ccc0 f   sfc_debug:sfcdebug.obj
 0001:0001bce0       sf_debug_whos              000000018001cce0 f   sfc_debug:sfcdebug.obj
 0001:0001bd00       sf_debug_get_consistency_info 000000018001cd00 f   sfc_debug:sfcdebug.obj
 0001:0001bd10       sf_debug_browse_trace      000000018001cd10 f   sfc_debug:sfcdebug.obj
 0001:0001bd20       sf_debug_set_breakpoints   000000018001cd20 f   sfc_debug:sfcdebug.obj
 0001:0001be70       sf_debug_set_eml_breakpoints 000000018001ce70 f   sfc_debug:sfcdebug.obj
 0001:0001bfd0       sf_debug_set_script_breakpoints 000000018001cfd0 f   sfc_debug:sfcdebug.obj
 0001:0001c050       sf_debug_add_script_breakpoints 000000018001d050 f   sfc_debug:sfcdebug.obj
 0001:0001c0c0       sf_debug_clear_script_breakpoints 000000018001d0c0 f   sfc_debug:sfcdebug.obj
 0001:0001c130       sf_debug_query_script_breakpoints 000000018001d130 f   sfc_debug:sfcdebug.obj
 0001:0001c1f0       sf_debug_get_eml_script_id 000000018001d1f0 f   sfc_debug:sfcdebug.obj
 0001:0001c2b0       sf_debug_set_watch         000000018001d2b0 f   sfc_debug:sfcdebug.obj
 0001:0001c4d0       sf_debug_get_coverage      000000018001d4d0 f   sfc_debug:sfcdebug.obj
 0001:0001c4e0       sf_debug_get_instance_handle 000000018001d4e0 f   sfc_debug:sfcdebug.obj
 0001:0001c570       sf_debug_get_active_states 000000018001d570 f   sfc_debug:sfcdebug.obj
 0001:0001c580       sf_debug_get_animation     000000018001d580 f   sfc_debug:sfcdebug.obj
 0001:0001c590       sf_debug_set_animation     000000018001d590 f   sfc_debug:sfcdebug.obj
 0001:0001c5a0       sf_debug_animate           000000018001d5a0 f   sfc_debug:sfcdebug.obj
 0001:0001c5d0       sf_debug_cycle_detection_check 000000018001d5d0 f   sfc_debug:sfcdebug.obj
 0001:0001c5e0       sf_debug_data_range_check  000000018001d5e0 f   sfc_debug:sfcdebug.obj
 0001:0001c5f0       sf_debug_transition_conflict_check 000000018001d5f0 f   sfc_debug:sfcdebug.obj
 0001:0001c600       sf_debug_state_consistency_check 000000018001d600 f   sfc_debug:sfcdebug.obj
 0001:0001c610       sf_debug_data_range_check_enabled 000000018001d610 f   sfc_debug:sfcdebug.obj
 0001:0001c630       sf_debug_transition_conflict_check_enabled 000000018001d630 f   sfc_debug:sfcdebug.obj
 0001:0001c650       sf_debug_transition_conflict_check_begin 000000018001d650 f   sfc_debug:sfcdebug.obj
 0001:0001c670       sf_debug_transition_conflict_check_end 000000018001d670 f   sfc_debug:sfcdebug.obj
 0001:0001c690       sf_debug_stop_debugging    000000018001d690 f   sfc_debug:sfcdebug.obj
 0001:0001c6c0       sf_debug_is_cycle_detected 000000018001d6c0 f   sfc_debug:sfcdebug.obj
 0001:0001c6d0       sf_debug_is_array_bounds_detected 000000018001d6d0 f   sfc_debug:sfcdebug.obj
 0001:0001c6e0       sf_debug_get_state_vectors_data_size 000000018001d6e0 f   sfc_debug:sfcdebug.obj
 0001:0001c720       sf_debug_get_state_vectors_data 000000018001d720 f   sfc_debug:sfcdebug.obj
 0001:0001c830       sf_debug_set_state_vectors_data 000000018001d830 f   sfc_debug:sfcdebug.obj
 0001:0001cb10       sf_debug_get_script_index  000000018001db10 f   sfc_debug:sfcdebug.obj
 0001:0001cc90       sf_debug_add_script        000000018001dc90 f   sfc_debug:sfcdebug.obj
 0001:0001ce70       cv_eval_point              000000018001de70 f   sfc_debug:sfcdebug.obj
 0001:0001cfe0       sf_debug_cv_init_state     000000018001dfe0 f   sfc_debug:sfcdebug.obj
 0001:0001d100       sf_debug_cv_init_chart     000000018001e100 f   sfc_debug:sfcdebug.obj
 0001:0001d1e0       sf_debug_cv_init_trans     000000018001e1e0 f   sfc_debug:sfcdebug.obj
 0001:0001d350       cv_eml_init_script         000000018001e350 f   sfc_debug:sfcdebug.obj
 0001:0001d480       cv_eml_init_fcn            000000018001e480 f   sfc_debug:sfcdebug.obj
 0001:0001d580       cv_eml_init_testobjective  000000018001e580 f   sfc_debug:sfcdebug.obj
 0001:0001d680       cv_eml_init_if             000000018001e680 f   sfc_debug:sfcdebug.obj
 0001:0001d780       cv_eml_init_for            000000018001e780 f   sfc_debug:sfcdebug.obj
 0001:0001d870       cv_eml_init_while          000000018001e870 f   sfc_debug:sfcdebug.obj
 0001:0001d960       cv_eml_init_mcdc           000000018001e960 f   sfc_debug:sfcdebug.obj
 0001:0001daa0       cv_eml_init_switch         000000018001eaa0 f   sfc_debug:sfcdebug.obj
 0001:0001dbc0       cv_eml_eval                000000018001ebc0 f   sfc_debug:sfcdebug.obj
 0001:0001dcc0       sf_debug_bm_is_a_eml_breakpoint 000000018001ecc0 f   sfc_debug:sfcdebug.obj
 0001:0001deb0       sf_debug_temporal_threshold 000000018001eeb0 f   sfc_debug:sfcdebug.obj
 0001:0001e250       sf_debug_transition_conflict_error 000000018001f250 f   sfc_debug:sfcdebug.obj
 0001:0001e5b0       sf_debug_state_inconsistency_error 000000018001f5b0 f   sfc_debug:sfcdebug.obj
 0001:0001e6c0       sf_debug_check_for_state_inconsistency 000000018001f6c0 f   sfc_debug:sfcdebug.obj
 0001:0001e6f0       sf_debug_cycle_detecton_error 000000018001f6f0 f   sfc_debug:sfcdebug.obj
 0001:0001ee90       sf_debug_size_eq_check_1d  000000018001fe90 f   sfc_debug:sfcdebug.obj
 0001:0001eeb0       sf_debug_size_eq_check_nd  000000018001feb0 f   sfc_debug:sfcdebug.obj
 0001:0001f0a0       sf_debug_dim_size_eq_check 00000001800200a0 f   sfc_debug:sfcdebug.obj
 0001:0001f0d0       sf_debug_dim_size_geq_check 00000001800200d0 f   sfc_debug:sfcdebug.obj
 0001:0001f100       sf_debug_sub_assign_size_check_nd 0000000180020100 f   sfc_debug:sfcdebug.obj
 0001:0001f350       sf_debug_matrix_matrix_index_check 0000000180020350 f   sfc_debug:sfcdebug.obj
 0001:0001f380       sf_debug_vector_vector_index_check 0000000180020380 f   sfc_debug:sfcdebug.obj
 0001:0001f3b0       sf_debug_data_array_bounds_error_check 00000001800203b0 f   sfc_debug:sfcdebug.obj
 0001:0001f4c0       sf_debug_eml_data_array_bounds_error_check 00000001800204c0 f   sfc_debug:sfcdebug.obj
 0001:0001f980       sf_debug_integer_check     0000000180020980 f   sfc_debug:sfcdebug.obj
 0001:0001fa50       sf_debug_not_nan_check     0000000180020a50 f   sfc_debug:sfcdebug.obj
 0001:0001fb10       sf_debug_non_negative_check 0000000180020b10 f   sfc_debug:sfcdebug.obj
 0001:0001fbd0       sf_debug_overflow_detection 0000000180020bd0 f   sfc_debug:sfcdebug.obj
 0001:00020290       sf_debug_cast_to_real32_T  0000000180021290 f   sfc_debug:sfcdebug.obj
 0001:00020350       sf_debug_cast_to_int8_T    0000000180021350 f   sfc_debug:sfcdebug.obj
 0001:00020410       sf_debug_cast_to_uint8_T   0000000180021410 f   sfc_debug:sfcdebug.obj
 0001:000204d0       sf_debug_cast_to_int16_T   00000001800214d0 f   sfc_debug:sfcdebug.obj
 0001:00020590       sf_debug_cast_to_uint16_T  0000000180021590 f   sfc_debug:sfcdebug.obj
 0001:00020650       sf_debug_cast_to_int32_T   0000000180021650 f   sfc_debug:sfcdebug.obj
 0001:00020700       sf_debug_cast_to_uint32_T  0000000180021700 f   sfc_debug:sfcdebug.obj
 0001:000207c0       sf_debug_data_range_error  00000001800217c0 f   sfc_debug:sfcdebug.obj
 0001:00020c20       sf_debug_data_range_error_wrapper_min_max 0000000180021c20 f   sfc_debug:sfcdebug.obj
 0001:00020d10       sf_debug_data_range_error_wrapper_min 0000000180021d10 f   sfc_debug:sfcdebug.obj
 0001:00020df0       sf_debug_data_range_error_wrapper_max 0000000180021df0 f   sfc_debug:sfcdebug.obj
 0001:00020ed0       sf_debug_data_range_wrapper 0000000180021ed0 f   sfc_debug:sfcdebug.obj
 0001:00020f80       sf_debug_set_current_status_info 0000000180021f80 f   sfc_debug:sfcdebug.obj
 0001:00021450       sf_debug_call              0000000180022450 f   sfc_debug:sfcdebug.obj
 0001:00022300       sf_debug_initialize_machine 0000000180023300 f   sfc_debug:sfcdebug.obj
 0001:00022780       sf_debug_initialize_chart  0000000180023780 f   sfc_debug:sfcdebug.obj
 0001:00022c60       sf_debug_ensure_script     0000000180023c60 f   sfc_debug:sfcdebug.obj
 0001:00022dd0       cv_script_init_script      0000000180023dd0 f   sfc_debug:sfcdebug.obj
 0001:00022f50       cv_script_init_fcn         0000000180023f50 f   sfc_debug:sfcdebug.obj
 0001:000230a0       cv_script_init_testobjective 00000001800240a0 f   sfc_debug:sfcdebug.obj
 0001:000231f0       cv_script_init_if          00000001800241f0 f   sfc_debug:sfcdebug.obj
 0001:00023340       cv_script_init_for         0000000180024340 f   sfc_debug:sfcdebug.obj
 0001:00023490       cv_script_init_while       0000000180024490 f   sfc_debug:sfcdebug.obj
 0001:000235e0       cv_script_init_mcdc        00000001800245e0 f   sfc_debug:sfcdebug.obj
 0001:00023780       cv_script_init_switch      0000000180024780 f   sfc_debug:sfcdebug.obj
 0001:000238f0       cv_script_eval             00000001800248f0 f   sfc_debug:sfcdebug.obj
 0001:00023a50       eml_debug_line_call        0000000180024a50 f   sfc_debug:sfcdebug.obj
 0001:00023c00       sf_debug_terminate         0000000180024c00 f   sfc_debug:sfcdebug.obj
 0001:00023e40       sf_debug_set_script_cv_ids 0000000180024e40 f   sfc_debug:sfcdebug.obj
 0001:00024010       sf_debug_api               0000000180025010 f   sfc_debug:sfc_api.obj
 0001:000258b0       sf_debug_sm_terminate      00000001800268b0 f   sfc_debug:sfdb_animation.obj
 0001:00025a70       sf_debug_reset_path_objects 0000000180026a70 f   sfc_debug:sfdb_animation.obj
 0001:00025af0       sf_debug_sm_reset_object_selection_status 0000000180026af0 f   sfc_debug:sfdb_animation.obj
 0001:00025b90       sf_debug_sm_reset_state_buffer 0000000180026b90 f   sfc_debug:sfdb_animation.obj
 0001:00025c70       sf_debug_sm_store_state_buffer 0000000180026c70 f   sfc_debug:sfdb_animation.obj
 0001:00025cf0       sf_debug_sm_restore_state_buffer1 0000000180026cf0 f   sfc_debug:sfdb_animation.obj
 0001:00025d60       sf_debug_sm_restore_state_buffer2 0000000180026d60 f   sfc_debug:sfdb_animation.obj
 0001:00025dd0       sf_debug_sm_chart_active   0000000180026dd0 f   sfc_debug:sfdb_animation.obj
 0001:00025e20       sf_debug_sm_select_active_objects 0000000180026e20 f   sfc_debug:sfdb_animation.obj
 0001:000262b0       sf_debug_sm_is_chart_active 00000001800272b0 f   sfc_debug:sfdb_animation.obj
 0001:000262f0       sf_debug_sm_is_state_active 00000001800272f0 f   sfc_debug:sfdb_animation.obj
 0001:00026530       sf_debug_sm_get_active_states 0000000180027530 f   sfc_debug:sfdb_animation.obj
 0001:00026ae0       sf_debug_sm_initialize_instance 0000000180027ae0 f   sfc_debug:sfdb_animation.obj
 0001:00026d90       sf_debug_sm_change_object_selection_status 0000000180027d90 f   sfc_debug:sfdb_animation.obj
 0001:00027080       cv_create_interface        0000000180028080 f   sfc_debug:cv_sfinterface.obj
 0001:000273d0       cv_init_trans              00000001800283d0 f   sfc_debug:cv_sfinterface.obj
 0001:00027420       cv_init_state              0000000180028420 f   sfc_debug:cv_sfinterface.obj
 0001:00027490       cv_init_chart              0000000180028490 f   sfc_debug:cv_sfinterface.obj
 0001:000274e0       cv_dec_update_call         00000001800284e0 f   sfc_debug:cv_sfinterface.obj
 0001:00027520       cv_cond_update_call        0000000180028520 f   sfc_debug:cv_sfinterface.obj
 0001:00027560       cv_sigrange_update         0000000180028560 f   sfc_debug:cv_sfinterface.obj
 0001:000275a0       cvsf_eml_eval              00000001800285a0 f   sfc_debug:cv_sfinterface.obj
 0001:00027680       cvsf_eml_init_script       0000000180028680 f   sfc_debug:cv_sfinterface.obj
 0001:00027700       cvsf_eml_init_fcn          0000000180028700 f   sfc_debug:cv_sfinterface.obj
 0001:00027760       cvsf_eml_init_testobjective 0000000180028760 f   sfc_debug:cv_sfinterface.obj
 0001:000277c0       cvsf_eml_init_if           00000001800287c0 f   sfc_debug:cv_sfinterface.obj
 0001:00027820       cvsf_eml_init_for          0000000180028820 f   sfc_debug:cv_sfinterface.obj
 0001:00027870       cvsf_eml_init_while        0000000180028870 f   sfc_debug:cv_sfinterface.obj
 0001:000278c0       cvsf_eml_init_mcdc         00000001800288c0 f   sfc_debug:cv_sfinterface.obj
 0001:00027950       cvsf_eml_init_switch       0000000180028950 f   sfc_debug:cv_sfinterface.obj
 0001:000279c0       cvsf_script_eval           00000001800289c0 f   sfc_debug:cv_sfinterface.obj
 0001:00027aa0       cvsf_script_init_script    0000000180028aa0 f   sfc_debug:cv_sfinterface.obj
 0001:00027b20       cvsf_script_init_fcn       0000000180028b20 f   sfc_debug:cv_sfinterface.obj
 0001:00027b80       cvsf_script_init_testobjective 0000000180028b80 f   sfc_debug:cv_sfinterface.obj
 0001:00027be0       cvsf_script_init_if        0000000180028be0 f   sfc_debug:cv_sfinterface.obj
 0001:00027c40       cvsf_script_init_for       0000000180028c40 f   sfc_debug:cv_sfinterface.obj
 0001:00027c90       cvsf_script_init_while     0000000180028c90 f   sfc_debug:cv_sfinterface.obj
 0001:00027ce0       cvsf_script_init_mcdc      0000000180028ce0 f   sfc_debug:cv_sfinterface.obj
 0001:00027d70       cvsf_script_init_switch    0000000180028d70 f   sfc_debug:cv_sfinterface.obj
 0001:00027de0       cv_destroy_interface       0000000180028de0 f   sfc_debug:cv_sfinterface.obj
 0001:00027e00       cv_create_instance_objects 0000000180028e00 f   sfc_debug:cv_sfinterface.obj
 0001:000282b0       cv_is_enabled              00000001800292b0 f   sfc_debug:cv_sfinterface.obj
 0001:000282c0       sf_debug_cv_initialize_script 00000001800292c0 f   sfc_debug:cv_sfinterface.obj
 0001:00028460       sf_debug_cv_initialize_instance 0000000180029460 f   sfc_debug:cv_sfinterface.obj
 0001:000287f0       sf_debug_cv_terminate_chart 00000001800297f0 f   sfc_debug:cv_sfinterface.obj
 0001:00028930       cv_call_trans_test         0000000180029930 f   sfc_debug:cv_sfinterface.obj
 0001:00028940       cv_call_sub_cond_test      0000000180029940 f   sfc_debug:cv_sfinterface.obj
 0001:00028a70       sf_debug_hm_initialize_instance 0000000180029a70 f   sfc_debug:sfdb_handle_management.obj
 0001:00029090       sf_debug_hm_get_object_id  000000018002a090 f   sfc_debug:sfdb_handle_management.obj
 0001:0002afa0       sf_debug_object_is_eml_function 000000018002bfa0 f   sfc_debug:sfdb_handle_management.obj
 0001:0002b010       sf_debug_hm_initialize_ids_in_machine 000000018002c010 f   sfc_debug:sfdb_handle_management.obj
 0001:0002b180       sf_debug_hm_initialize_ids_in_chart 000000018002c180 f   sfc_debug:sfdb_handle_management.obj
 0001:0002b2c0       sf_debug_hm_initialize_chart 000000018002c2c0 f   sfc_debug:sfdb_handle_management.obj
 0001:0002bb70       sf_debug_hm_terminate      000000018002cb70 f   sfc_debug:sfdb_handle_management.obj
 0001:0002bbd0       sf_debug_hm_initialize_machine 000000018002cbd0 f   sfc_debug:sfdb_handle_management.obj
 0001:0002c480       sf_debug_st_initialize_machine 000000018002d480 f   sfc_debug:sfdb_data_browse.obj
 0001:0002c540       sf_debug_st_initialize_instance 000000018002d540 f   sfc_debug:sfdb_data_browse.obj
 0001:0002c950       sf_debug_st_terminate      000000018002d950 f   sfc_debug:sfdb_data_browse.obj
 0001:0002cd00       sf_debug_st_set_data_value_ptr_in_machine 000000018002dd00 f   sfc_debug:sfdb_data_browse.obj
 0001:0002cd90       sf_debug_st_set_data_value_ptr_in_instance 000000018002dd90 f   sfc_debug:sfdb_data_browse.obj
 0001:0002ce70       sf_debug_st_unset_data_value_ptr_in_machine 000000018002de70 f   sfc_debug:sfdb_data_browse.obj
 0001:0002cee0       sf_debug_st_unset_data_value_ptr_in_instance 000000018002dee0 f   sfc_debug:sfdb_data_browse.obj
 0001:0002d1a0       sf_debug_mx_value          000000018002e1a0 f   sfc_debug:sfdb_data_browse.obj
 0001:0002d200       sf_debug_mx_packed_vector  000000018002e200 f   sfc_debug:sfdb_data_browse.obj
 0001:0002d2e0       sf_debug_mx_uint_vector    000000018002e2e0 f   sfc_debug:sfdb_data_browse.obj
 0001:0002d390       sf_debug_st_get_double_value_from_void_ptr_vector 000000018002e390 f   sfc_debug:sfdb_data_browse.obj
 0001:0002def0       sf_debug_st_browse_data    000000018002eef0 f   sfc_debug:sfdb_data_browse.obj
 0001:0002e690       sf_debug_ss_initialize     000000018002f690 f   sfc_debug:sfdb_symbol_scope.obj
 0001:0002e6b0       sf_debug_ss_terminate      000000018002f6b0 f   sfc_debug:sfdb_symbol_scope.obj
 0001:0002e740       sf_debug_ss_push_symbol_scope 000000018002f740 f   sfc_debug:sfdb_symbol_scope.obj
 0001:0002e840       sf_debug_ss_push_symbol_scope_eml 000000018002f840 f   sfc_debug:sfdb_symbol_scope.obj
 0001:0002e8a0       sf_debug_ss_pop_symbol_scope 000000018002f8a0 f   sfc_debug:sfdb_symbol_scope.obj
 0001:0002e950       sf_debug_ss_add_symbol     000000018002f950 f   sfc_debug:sfdb_symbol_scope.obj
 0001:0002eaa0       sf_debug_ss_add_symbol_eml 000000018002faa0 f   sfc_debug:sfdb_symbol_scope.obj
 0001:0002fb00       sf_debug_ss_watch_data     0000000180030b00 f   sfc_debug:sfdb_symbol_scope.obj
 0001:00030530       get_data_entry_name        0000000180031530 f   sfc_debug:sfdb_symbol_scope.obj
 0001:00030580       sf_debug_ss_whos           0000000180031580 f   sfc_debug:sfdb_symbol_scope.obj
 0001:00030e20       sf_debug_cc_initialize_chart 0000000180031e20 f   sfc_debug:sfdb_coverage.obj
 0001:00031810       sf_debug_cc_initialize_instance 0000000180032810 f   sfc_debug:sfdb_coverage.obj
 0001:00032610       sf_debug_cc_terminate      0000000180033610 f   sfc_debug:sfdb_coverage.obj
 0001:00032700       sf_debug_cc_set_transition_maps 0000000180033700 f   sfc_debug:sfdb_coverage.obj
 0001:00032830       sf_debug_cc_set_state_maps 0000000180033830 f   sfc_debug:sfdb_coverage.obj
 0001:00032910       sf_debug_cc_set_transition_weights 0000000180033910 f   sfc_debug:sfdb_coverage.obj
 0001:00032be0       sf_debug_cc_set_state_weights 0000000180033be0 f   sfc_debug:sfdb_coverage.obj
 0001:00032ec0       sf_debug_cc_mark_transition_guard 0000000180033ec0 f   sfc_debug:sfdb_coverage.obj
 0001:00032fe0       sf_debug_cc_mark_transition_trigger 0000000180033fe0 f   sfc_debug:sfdb_coverage.obj
 0001:00033100       sf_debug_cc_mark_transition_decision 0000000180034100 f   sfc_debug:sfdb_coverage.obj
 0001:00033170       sf_debug_cc_mark_transition_condition_action 0000000180034170 f   sfc_debug:sfdb_coverage.obj
 0001:00033240       sf_debug_cc_mark_transition_transition_action 0000000180034240 f   sfc_debug:sfdb_coverage.obj
 0001:00033310       sf_debug_cc_mark_state_entry 0000000180034310 f   sfc_debug:sfdb_coverage.obj
 0001:000333e0       sf_debug_cc_mark_state_during 00000001800343e0 f   sfc_debug:sfdb_coverage.obj
 0001:000334b0       sf_debug_cc_mark_state_exit 00000001800344b0 f   sfc_debug:sfdb_coverage.obj
 0001:00033d70       sf_debug_cc_get_coverage   0000000180034d70 f   sfc_debug:sfdb_coverage.obj
 0001:00034300       sf_debug_bm_clear_script_breakpoints 0000000180035300 f   sfc_debug:sfdb_breakpoints.obj
 0001:00034330       sf_debug_bm_set_script_breakpoint 0000000180035330 f   sfc_debug:sfdb_breakpoints.obj
 0001:000343b0       sf_debug_bm_clear_single_script_breakpoint 00000001800353b0 f   sfc_debug:sfdb_breakpoints.obj
 0001:00034430       sf_debug_bm_query_script_breakpoint 0000000180035430 f   sfc_debug:sfdb_breakpoints.obj
 0001:00034480       sf_debug_bm_initialize_scripts 0000000180035480 f   sfc_debug:sfdb_breakpoints.obj
 0001:00034ba0       sf_debug_bm_terminate      0000000180035ba0 f   sfc_debug:sfdb_breakpoints.obj
 0001:00034ea0       sf_debug_bm_remove_all_breakpoints_in_machine 0000000180035ea0 f   sfc_debug:sfdb_breakpoints.obj
 0001:00034f10       sf_debug_bm_remove_all_breakpoints_in_chart 0000000180035f10 f   sfc_debug:sfdb_breakpoints.obj
 0001:00035060       sf_debug_bm_initialize_global_breakpoints 0000000180036060 f   sfc_debug:sfdb_breakpoints.obj
 0001:000351e0       sf_debug_bm_set_breakpoint 00000001800361e0 f   sfc_debug:sfdb_breakpoints.obj
 0001:000357e0       sf_debug_bm_set_eml_breakpoint 00000001800367e0 f   sfc_debug:sfdb_breakpoints.obj
 0001:00035880       sf_debug_bm_initialize_machine_breakpoint_map 0000000180036880 f   sfc_debug:sfdb_breakpoints.obj
 0001:00035d70       sf_debug_bm_is_a_breakpoint 0000000180036d70 f   sfc_debug:sfdb_breakpoints.obj
 0001:00036290       sf_debug_bm_get_all_breakpoints_in_machine 0000000180037290 f   sfc_debug:sfdb_breakpoints.obj
 0001:00036590       sf_debug_bm_get_all_breakpoints_in_chart 0000000180037590 f   sfc_debug:sfdb_breakpoints.obj
 0001:00037240       sf_debug_bm_initialize_machine 0000000180038240 f   sfc_debug:sfdb_breakpoints.obj
 0001:00037310       sf_debug_bm_initialize_chart 0000000180038310 f   sfc_debug:sfdb_breakpoints.obj
 0001:00037850       sf_debug_sc_terminate      0000000180038850 f   sfc_debug:sfdb_state_consistency.obj
 0001:00037b80       sf_debug_sc_is_chart_consistent 0000000180038b80 f   sfc_debug:sfdb_state_consistency.obj
 0001:00037e20       sf_debug_sc_get_consistency_error_info 0000000180038e20 f   sfc_debug:sfdb_state_consistency.obj
 0001:00038250       sf_debug_tm_terminate      0000000180039250 f   sfc_debug:sfdb_call_stack.obj
 0001:00038310       sf_debug_tm_push_chart_instance 0000000180039310 f   sfc_debug:sfdb_call_stack.obj
 0001:00038470       sf_debug_tm_pop_chart_instance 0000000180039470 f   sfc_debug:sfdb_call_stack.obj
 0001:000384d0       sf_debug_tm_push_trace_node 00000001800394d0 f   sfc_debug:sfdb_call_stack.obj
 0001:00038660       sf_debug_tm_pop_trace_node 0000000180039660 f   sfc_debug:sfdb_call_stack.obj
 0001:000386e0       sf_debug_tm_get_current_global_trace_index 00000001800396e0 f   sfc_debug:sfdb_call_stack.obj
 0001:000386f0       sf_debug_tm_get_current_local_trace_index 00000001800396f0 f   sfc_debug:sfdb_call_stack.obj
 0001:00038720       sf_debug_tm_set_cycle_detected_flag 0000000180039720 f   sfc_debug:sfdb_call_stack.obj
 0001:00038760       sf_debug_tm_set_cycle_started_flag 0000000180039760 f   sfc_debug:sfdb_call_stack.obj
 0001:000387a0       sf_debug_tm_get_chart_number_from_stack 00000001800397a0 f   sfc_debug:sfdb_call_stack.obj
 0001:00038980       sf_debug_tm_browse_trace   0000000180039980 f   sfc_debug:sfdb_call_stack.obj
 0001:00038cb0       sf_debug_cd_initialize_instance 0000000180039cb0 f   sfc_debug:sfdb_cycle_detection.obj
 0001:00038f60       sf_debug_cd_mark_processed_transition_in_instance 0000000180039f60 f   sfc_debug:sfdb_cycle_detection.obj
 0001:00039000       sf_debug_cd_checksum_push  000000018003a000 f   sfc_debug:sfdb_cycle_detection.obj
 0001:000392c0       sf_debug_cd_checksum_pop   000000018003a2c0 f   sfc_debug:sfdb_cycle_detection.obj
 0001:00039330       sf_debug_cd_turn_off_cycle_detection 000000018003a330 f   sfc_debug:sfdb_cycle_detection.obj
 0001:00039380       sf_debug_cd_terminate      000000018003a380 f   sfc_debug:sfdb_cycle_detection.obj
 0001:000395c0       md5_initialize_state       000000018003a5c0 f   sfc_debug:ckmd5.obj
 0001:0003a140       md5_update_state           000000018003b140 f   sfc_debug:ckmd5.obj
 0001:0003a220       md5_get_hash               000000018003b220 f   sfc_debug:ckmd5.obj
 0001:0003a250       md5_get_hash_for_a_single_string 000000018003b250 f   sfc_debug:ckmd5.obj
 0001:0003a3aa       mxGetPr                    000000018003b3aa f   libmx:libmx.dll
 0001:0003a3b0       mxCreateDoubleScalar       000000018003b3b0 f   libmx:libmx.dll
 0001:0003a3b6       mxSetField_730             000000018003b3b6 f   libmx:libmx.dll
 0001:0003a3bc       mxCreateDoubleMatrix_730   000000018003b3bc f   libmx:libmx.dll
 0001:0003a3c2       mxCreateStructMatrix_730   000000018003b3c2 f   libmx:libmx.dll
 0001:0003a3c8       mxDestroyArray             000000018003b3c8 f   libmx:libmx.dll
 0001:0003a3ce       mxCreateString             000000018003b3ce f   libmx:libmx.dll
 0001:0003a3d4       mxDuplicateArray           000000018003b3d4 f   libmx:libmx.dll
 0001:0003a3da       mxGetString_730            000000018003b3da f   libmx:libmx.dll
 0001:0003a3e0       mxIsChar                   000000018003b3e0 f   libmx:libmx.dll
 0001:0003a3e6       mxGetClassID               000000018003b3e6 f   libmx:libmx.dll
 0001:0003a3ec       mxIsNumeric                000000018003b3ec f   libmx:libmx.dll
 0001:0003a3f2       mxIsComplex                000000018003b3f2 f   libmx:libmx.dll
 0001:0003a3f8       mxGetN                     000000018003b3f8 f   libmx:libmx.dll
 0001:0003a3fe       mxGetM                     000000018003b3fe f   libmx:libmx.dll
 0001:0003a404       mxCalloc                   000000018003b404 f   libmx:libmx.dll
 0001:0003a40a       mxGetScalar                000000018003b40a f   libmx:libmx.dll
 0001:0003a410       mxIsLogical                000000018003b410 f   libmx:libmx.dll
 0001:0003a416       mxCreateDoubleMatrix_700   000000018003b416 f   libmx:libmx.dll
 0001:0003a41c       mxFree                     000000018003b41c f   libmx:libmx.dll
 0001:0003a422       mxArrayToString            000000018003b422 f   libmx:libmx.dll
 0001:0003a428       mxCreateCellMatrix_700     000000018003b428 f   libmx:libmx.dll
 0001:0003a42e       mxSetCell_700              000000018003b42e f   libmx:libmx.dll
 0001:0003a434       mxGetCell_700              000000018003b434 f   libmx:libmx.dll
 0001:0003a43a       mxGetClassName             000000018003b43a f   libmx:libmx.dll
 0001:0003a440       mxSetField_700             000000018003b440 f   libmx:libmx.dll
 0001:0003a446       mxAddField                 000000018003b446 f   libmx:libmx.dll
 0001:0003a44c       mxGetField_700             000000018003b44c f   libmx:libmx.dll
 0001:0003a452       mxGetNumberOfElements      000000018003b452 f   libmx:libmx.dll
 0001:0003a458       mxIsStruct                 000000018003b458 f   libmx:libmx.dll
 0001:0003a45e       mxIsClass                  000000018003b45e f   libmx:libmx.dll
 0001:0003a464       mxGetLogicals              000000018003b464 f   libmx:libmx.dll
 0001:0003a46a       mxIsSparse                 000000018003b46a f   libmx:libmx.dll
 0001:0003a470       mxSetFieldByNumber_700     000000018003b470 f   libmx:libmx.dll
 0001:0003a476       mxGetFieldByNumber_700     000000018003b476 f   libmx:libmx.dll
 0001:0003a47c       mxGetFieldNameByNumber     000000018003b47c f   libmx:libmx.dll
 0001:0003a482       mxGetNumberOfFields        000000018003b482 f   libmx:libmx.dll
 0001:0003a488       mxCreateStructMatrix_700   000000018003b488 f   libmx:libmx.dll
 0001:0003a48e       mxGetFieldNumber           000000018003b48e f   libmx:libmx.dll
 0001:0003a494       mxIsNaN                    000000018003b494 f   libmx:libmx.dll
 0001:0003a49a       mxIsEmpty                  000000018003b49a f   libmx:libmx.dll
 0001:0003a4a0       mxGetData                  000000018003b4a0 f   libmx:libmx.dll
 0001:0003a4a6       mxGetImagData              000000018003b4a6 f   libmx:libmx.dll
 0001:0003a4ac       mxArrayClassIDName         000000018003b4ac f   libmx:libmx.dll
 0001:0003a4b2       mxCreateNumericMatrix_700  000000018003b4b2 f   libmx:libmx.dll
 0001:0003a4b8       mxCreateStructArray_700    000000018003b4b8 f   libmx:libmx.dll
 0001:0003a4be       mxCalcSingleSubscript_700  000000018003b4be f   libmx:libmx.dll
 0001:0003a4c4       mxGetDimensions_700        000000018003b4c4 f   libmx:libmx.dll
 0001:0003a4ca       mxGetNumberOfDimensions_700 000000018003b4ca f   libmx:libmx.dll
 0001:0003a4d0       mxCreateNumericArray_700   000000018003b4d0 f   libmx:libmx.dll
 0001:0003a4d6       mxGetElementSize           000000018003b4d6 f   libmx:libmx.dll
 0001:0003a4dc       mxCreateStringFromNChars_700 000000018003b4dc f   libmx:libmx.dll
 0001:0003a4e2       mxGetString_700            000000018003b4e2 f   libmx:libmx.dll
 0001:0003a4e8       mxIsLogicalScalarTrue      000000018003b4e8 f   libmx:libmx.dll
 0001:0003a4ee       mxCreateLogicalScalar      000000018003b4ee f   libmx:libmx.dll
 0001:0003a4f4       mexUnlock                  000000018003b4f4 f   libmex:libmex.dll
 0001:0003a4fa       mexIsLocked                000000018003b4fa f   libmex:libmex.dll
 0001:0003a500       mexWarnMsgTxt              000000018003b500 f   libmex:libmex.dll
 0001:0003a506       mexCallMATLAB              000000018003b506 f   libmex:libmex.dll
 0001:0003a50c       mexErrMsgTxt               000000018003b50c f   libmex:libmex.dll
 0001:0003a512       mexSetTrapFlag             000000018003b512 f   libmex:libmex.dll
 0001:0003a518       mexMakeArrayPersistent     000000018003b518 f   libmex:libmex.dll
 0001:0003a51e       mexPutVariable             000000018003b51e f   libmex:libmex.dll
 0001:0003a524       mexGetVariable             000000018003b524 f   libmex:libmex.dll
 0001:0003a52a       mexLock                    000000018003b52a f   libmex:libmex.dll
 0001:0003a530       mexMakeMemoryPersistent    000000018003b530 f   libmex:libmex.dll
 0001:0003a536       mexFunctionName            000000018003b536 f   libmex:libmex.dll
 0001:0003a53c       ssRegisterDataTypeFxpFSlopeFixExpBias 000000018003b53c f   libfixedpoint:libfixedpoint.dll
 0001:0003a542       utVSNprintf                000000018003b542 f   libut:libut.dll
 0001:0003a548       utCPUtime                  000000018003b548 f   libut:libut.dll
 0001:0003a54e       utFree                     000000018003b54e f   libut:libut.dll
 0001:0003a554       utMalloc                   000000018003b554 f   libut:libut.dll
 0001:0003a55a       muDoubleScalarSqrt         000000018003b55a f   libmwmathutil:libmwmathutil.dll
 0001:0003a560       muDoubleScalarCos          000000018003b560 f   libmwmathutil:libmwmathutil.dll
 0001:0003a566       muDoubleScalarSin          000000018003b566 f   libmwmathutil:libmwmathutil.dll
 0001:0003a56c       muDoubleScalarAtan2        000000018003b56c f   libmwmathutil:libmwmathutil.dll
 0001:0003a572       muDoubleScalarPower        000000018003b572 f   libmwmathutil:libmwmathutil.dll
 0001:0003a578       emlrtCheckBuiltInR2009a    000000018003b578 f   libemlrt:libemlrt.dll
 0001:0003a57e       emlrtCheckVsBuiltInR2009a  000000018003b57e f   libemlrt:libemlrt.dll
 0001:0003a584       emlrtCheckEnumR2009a       000000018003b584 f   libemlrt:libemlrt.dll
 0001:0003a58a       emlrtCreateEnumR2010a      000000018003b58a f   libemlrt:libemlrt.dll
 0001:0003a590       emlrtGetEnumElementR2009a  000000018003b590 f   libemlrt:libemlrt.dll
 0001:0003a596       emlrtImportVsFiArrayR2009b 000000018003b596 f   libemlrt:libemlrt.dll
 0001:0003a59c       emlrtGetEnumUnderlyingArrayR2009a 000000018003b59c f   libemlrt:libemlrt.dll
 0001:0003a5a2       emlrtIsEnumR2009a          000000018003b5a2 f   libemlrt:libemlrt.dll
 0001:0003a5a8       __GSHandlerCheckCommon     000000018003b5a8 f   MSVCRT:gshandler.obj
 0001:0003a60c       __GSHandlerCheck           000000018003b60c f   MSVCRT:gshandler.obj
 0001:0003a62a       strlen                     000000018003b62a f   MSVCRT:MSVCR100.dll
 0001:0003a640       __security_check_cookie    000000018003b640 f   MSVCRT:amdsecgs.obj
 0001:0003a660       memset                     000000018003b660 f   MSVCRT:MSVCR100.dll
 0001:0003a666       malloc                     000000018003b666 f   MSVCRT:MSVCR100.dll
 0001:0003a66c       free                       000000018003b66c f   MSVCRT:MSVCR100.dll
 0001:0003a672       strcmp                     000000018003b672 f   MSVCRT:MSVCR100.dll
 0001:0003a678       sprintf                    000000018003b678 f   MSVCRT:MSVCR100.dll
 0001:0003a67e       strcat                     000000018003b67e f   MSVCRT:MSVCR100.dll
 0001:0003a684       memcpy                     000000018003b684 f   MSVCRT:MSVCR100.dll
 0001:0003a68c       NtCurrentTeb               000000018003b68c f i MSVCRT:crtdll.obj
 0001:0003a6f8       _CRT_INIT                  000000018003b6f8 f   MSVCRT:crtdll.obj
 0001:0003aa90       _DllMainCRTStartup         000000018003ba90 f   MSVCRT:crtdll.obj
 0001:0003aace       strncpy                    000000018003bace f   MSVCRT:MSVCR100.dll
 0001:0003aaf0       __chkstk                   000000018003baf0 f   MSVCRT:chkstk.obj
 0001:0003aaf0       _alloca_probe              000000018003baf0     MSVCRT:chkstk.obj
 0001:0003ab3e       longjmp                    000000018003bb3e f   MSVCRT:MSVCR100.dll
 0001:0003ab44       strncmp                    000000018003bb44 f   MSVCRT:MSVCR100.dll
 0001:0003ab4a       ceil                       000000018003bb4a f   MSVCRT:MSVCR100.dll
 0001:0003ab50       strrchr                    000000018003bb50 f   MSVCRT:MSVCR100.dll
 0001:0003ab56       _setjmp                    000000018003bb56 f   MSVCRT:MSVCR100.dll
 0001:0003ab5c       calloc                     000000018003bb5c f   MSVCRT:MSVCR100.dll
 0001:0003ab62       realloc                    000000018003bb62 f   MSVCRT:MSVCR100.dll
 0001:0003ab68       ldexp                      000000018003bb68 f   MSVCRT:MSVCR100.dll
 0001:0003ab70       __report_gsfailure         000000018003bb70 f   MSVCRT:gs_report.obj
 0001:0003acbc       __clean_type_info_names    000000018003bcbc f   MSVCRT:tncleanup.obj
 0001:0003acc8       _onexit                    000000018003bcc8 f   MSVCRT:atonexit.obj
 0001:0003ad78       atexit                     000000018003bd78 f   MSVCRT:atonexit.obj
 0001:0003ad90       _RTC_Initialize            000000018003bd90 f   MSVCRT:_initsect_.obj
 0001:0003adc8       _RTC_Terminate             000000018003bdc8 f   MSVCRT:_initsect_.obj
 0001:0003ae00       _malloc_crt                000000018003be00 f   MSVCRT:MSVCR100.dll
 0001:0003ae10       _ValidateImageBase         000000018003be10 f   MSVCRT:pesect.obj
 0001:0003ae40       _FindPESection             000000018003be40 f   MSVCRT:pesect.obj
 0001:0003ae90       _IsNonwritableInCurrentImage 000000018003be90 f   MSVCRT:pesect.obj
 0001:0003aed2       _initterm                  000000018003bed2 f   MSVCRT:MSVCR100.dll
 0001:0003aed8       _initterm_e                000000018003bed8 f   MSVCRT:MSVCR100.dll
 0001:0003aede       _encoded_null              000000018003bede f   MSVCRT:MSVCR100.dll
 0001:0003aee4       _amsg_exit                 000000018003bee4 f   MSVCRT:MSVCR100.dll
 0001:0003aeea       __C_specific_handler       000000018003beea f   MSVCRT:MSVCR100.dll
 0001:0003aef0       __CppXcptFilter            000000018003bef0 f   MSVCRT:MSVCR100.dll
 0001:0003aef8       DllMain                    000000018003bef8 f   MSVCRT:dllmain.obj
 0001:0003af1c       __security_init_cookie     000000018003bf1c f   MSVCRT:gs_support.obj
 0001:0003afd0       __crt_debugger_hook        000000018003bfd0 f   MSVCRT:MSVCR100.dll
 0001:0003afd6       __clean_type_info_names_internal 000000018003bfd6 f   MSVCRT:MSVCR100.dll
 0001:0003afdc       _unlock                    000000018003bfdc f   MSVCRT:MSVCR100.dll
 0001:0003afe2       __dllonexit                000000018003bfe2 f   MSVCRT:MSVCR100.dll
 0001:0003afe8       _lock                      000000018003bfe8 f   MSVCRT:MSVCR100.dll
 0001:0003afee       EncodePointer              000000018003bfee f   kernel32:KERNEL32.dll
 0001:0003aff4       DecodePointer              000000018003bff4 f   kernel32:KERNEL32.dll
 0001:0003affa       Sleep                      000000018003bffa f   kernel32:KERNEL32.dll
 0001:0003b000       TerminateProcess           000000018003c000 f   kernel32:KERNEL32.dll
 0001:0003b006       GetCurrentProcess          000000018003c006 f   kernel32:KERNEL32.dll
 0001:0003b00c       UnhandledExceptionFilter   000000018003c00c f   kernel32:KERNEL32.dll
 0001:0003b012       SetUnhandledExceptionFilter 000000018003c012 f   kernel32:KERNEL32.dll
 0001:0003b018       IsDebuggerPresent          000000018003c018 f   kernel32:KERNEL32.dll
 0001:0003b01e       RtlVirtualUnwind           000000018003c01e f   kernel32:KERNEL32.dll
 0001:0003b024       RtlLookupFunctionEntry     000000018003c024 f   kernel32:KERNEL32.dll
 0001:0003b02a       RtlCaptureContext          000000018003c02a f   kernel32:KERNEL32.dll
 0001:0003b030       DisableThreadLibraryCalls  000000018003c030 f   kernel32:KERNEL32.dll
 0001:0003b036       QueryPerformanceCounter    000000018003c036 f   kernel32:KERNEL32.dll
 0001:0003b03c       GetTickCount               000000018003c03c f   kernel32:KERNEL32.dll
 0001:0003b042       GetCurrentThreadId         000000018003c042 f   kernel32:KERNEL32.dll
 0001:0003b048       GetCurrentProcessId        000000018003c048 f   kernel32:KERNEL32.dll
 0001:0003b04e       GetSystemTimeAsFileTime    000000018003c04e f   kernel32:KERNEL32.dll
 0002:00000000       __imp_GetSystemTimeAsFileTime 000000018003d000     kernel32:KERNEL32.dll
 0002:00000008       __imp_GetCurrentProcessId  000000018003d008     kernel32:KERNEL32.dll
 0002:00000010       __imp_GetCurrentThreadId   000000018003d010     kernel32:KERNEL32.dll
 0002:00000018       __imp_GetTickCount         000000018003d018     kernel32:KERNEL32.dll
 0002:00000020       __imp_QueryPerformanceCounter 000000018003d020     kernel32:KERNEL32.dll
 0002:00000028       __imp_DisableThreadLibraryCalls 000000018003d028     kernel32:KERNEL32.dll
 0002:00000030       __imp_RtlCaptureContext    000000018003d030     kernel32:KERNEL32.dll
 0002:00000038       __imp_RtlLookupFunctionEntry 000000018003d038     kernel32:KERNEL32.dll
 0002:00000040       __imp_RtlVirtualUnwind     000000018003d040     kernel32:KERNEL32.dll
 0002:00000048       __imp_IsDebuggerPresent    000000018003d048     kernel32:KERNEL32.dll
 0002:00000050       __imp_SetUnhandledExceptionFilter 000000018003d050     kernel32:KERNEL32.dll
 0002:00000058       __imp_UnhandledExceptionFilter 000000018003d058     kernel32:KERNEL32.dll
 0002:00000060       __imp_GetCurrentProcess    000000018003d060     kernel32:KERNEL32.dll
 0002:00000068       __imp_TerminateProcess     000000018003d068     kernel32:KERNEL32.dll
 0002:00000070       __imp_Sleep                000000018003d070     kernel32:KERNEL32.dll
 0002:00000078       __imp_DecodePointer        000000018003d078     kernel32:KERNEL32.dll
 0002:00000080       __imp_EncodePointer        000000018003d080     kernel32:KERNEL32.dll
 0002:00000088       \177KERNEL32_NULL_THUNK_DATA 000000018003d088     kernel32:KERNEL32.dll
 0002:00000090       __imp__onexit              000000018003d090     MSVCRT:MSVCR100.dll
 0002:00000098       __imp__lock                000000018003d098     MSVCRT:MSVCR100.dll
 0002:000000a0       __imp___dllonexit          000000018003d0a0     MSVCRT:MSVCR100.dll
 0002:000000a8       __imp__unlock              000000018003d0a8     MSVCRT:MSVCR100.dll
 0002:000000b0       __imp___clean_type_info_names_internal 000000018003d0b0     MSVCRT:MSVCR100.dll
 0002:000000b8       __imp___crt_debugger_hook  000000018003d0b8     MSVCRT:MSVCR100.dll
 0002:000000c0       __imp___CppXcptFilter      000000018003d0c0     MSVCRT:MSVCR100.dll
 0002:000000c8       __imp___C_specific_handler 000000018003d0c8     MSVCRT:MSVCR100.dll
 0002:000000d0       __imp__amsg_exit           000000018003d0d0     MSVCRT:MSVCR100.dll
 0002:000000d8       __imp__encoded_null        000000018003d0d8     MSVCRT:MSVCR100.dll
 0002:000000e0       __imp__initterm_e          000000018003d0e0     MSVCRT:MSVCR100.dll
 0002:000000e8       __imp__initterm            000000018003d0e8     MSVCRT:MSVCR100.dll
 0002:000000f0       __imp__malloc_crt          000000018003d0f0     MSVCRT:MSVCR100.dll
 0002:000000f8       __imp_ldexp                000000018003d0f8     MSVCRT:MSVCR100.dll
 0002:00000100       __imp_realloc              000000018003d100     MSVCRT:MSVCR100.dll
 0002:00000108       __imp_calloc               000000018003d108     MSVCRT:MSVCR100.dll
 0002:00000110       __imp__setjmp              000000018003d110     MSVCRT:MSVCR100.dll
 0002:00000118       __imp_strrchr              000000018003d118     MSVCRT:MSVCR100.dll
 0002:00000120       __imp_ceil                 000000018003d120     MSVCRT:MSVCR100.dll
 0002:00000128       __imp_strncmp              000000018003d128     MSVCRT:MSVCR100.dll
 0002:00000130       __imp_longjmp              000000018003d130     MSVCRT:MSVCR100.dll
 0002:00000138       __imp_strncpy              000000018003d138     MSVCRT:MSVCR100.dll
 0002:00000140       __imp_memcpy               000000018003d140     MSVCRT:MSVCR100.dll
 0002:00000148       __imp_strcat               000000018003d148     MSVCRT:MSVCR100.dll
 0002:00000150       __imp_sprintf              000000018003d150     MSVCRT:MSVCR100.dll
 0002:00000158       __imp_strcmp               000000018003d158     MSVCRT:MSVCR100.dll
 0002:00000160       __imp_free                 000000018003d160     MSVCRT:MSVCR100.dll
 0002:00000168       __imp_malloc               000000018003d168     MSVCRT:MSVCR100.dll
 0002:00000170       __imp_memset               000000018003d170     MSVCRT:MSVCR100.dll
 0002:00000178       __imp_strlen               000000018003d178     MSVCRT:MSVCR100.dll
 0002:00000180       \177MSVCR100_NULL_THUNK_DATA 000000018003d180     MSVCRT:MSVCR100.dll
 0002:00000188       __imp_emlrtIsEnumR2009a    000000018003d188     libemlrt:libemlrt.dll
 0002:00000190       __imp_emlrtGetEnumUnderlyingArrayR2009a 000000018003d190     libemlrt:libemlrt.dll
 0002:00000198       __imp_emlrtImportVsFiArrayR2009b 000000018003d198     libemlrt:libemlrt.dll
 0002:000001a0       __imp_emlrtGetEnumElementR2009a 000000018003d1a0     libemlrt:libemlrt.dll
 0002:000001a8       __imp_emlrtCreateEnumR2010a 000000018003d1a8     libemlrt:libemlrt.dll
 0002:000001b0       __imp_emlrtCheckEnumR2009a 000000018003d1b0     libemlrt:libemlrt.dll
 0002:000001b8       __imp_emlrtCheckVsBuiltInR2009a 000000018003d1b8     libemlrt:libemlrt.dll
 0002:000001c0       __imp_emlrtCheckBuiltInR2009a 000000018003d1c0     libemlrt:libemlrt.dll
 0002:000001c8       \177libemlrt_NULL_THUNK_DATA 000000018003d1c8     libemlrt:libemlrt.dll
 0002:000001d0       __imp_ssRegisterDataTypeFxpFSlopeFixExpBias 000000018003d1d0     libfixedpoint:libfixedpoint.dll
 0002:000001d8       \177libfixedpoint_NULL_THUNK_DATA 000000018003d1d8     libfixedpoint:libfixedpoint.dll
 0002:000001e0       __imp_mexErrMsgTxt         000000018003d1e0     libmex:libmex.dll
 0002:000001e8       __imp_mexSetTrapFlag       000000018003d1e8     libmex:libmex.dll
 0002:000001f0       __imp_mexMakeArrayPersistent 000000018003d1f0     libmex:libmex.dll
 0002:000001f8       __imp_mexPutVariable       000000018003d1f8     libmex:libmex.dll
 0002:00000200       __imp_mexGetVariable       000000018003d200     libmex:libmex.dll
 0002:00000208       __imp_mexLock              000000018003d208     libmex:libmex.dll
 0002:00000210       __imp_mexMakeMemoryPersistent 000000018003d210     libmex:libmex.dll
 0002:00000218       __imp_mexFunctionName      000000018003d218     libmex:libmex.dll
 0002:00000220       __imp_mexCallMATLAB        000000018003d220     libmex:libmex.dll
 0002:00000228       __imp_mexWarnMsgTxt        000000018003d228     libmex:libmex.dll
 0002:00000230       __imp_mexIsLocked          000000018003d230     libmex:libmex.dll
 0002:00000238       __imp_mexUnlock            000000018003d238     libmex:libmex.dll
 0002:00000240       \177libmex_NULL_THUNK_DATA 000000018003d240     libmex:libmex.dll
 0002:00000248       __imp_muDoubleScalarSin    000000018003d248     libmwmathutil:libmwmathutil.dll
 0002:00000250       __imp_muDoubleScalarPower  000000018003d250     libmwmathutil:libmwmathutil.dll
 0002:00000258       __imp_muDoubleScalarAtan2  000000018003d258     libmwmathutil:libmwmathutil.dll
 0002:00000260       __imp_muDoubleScalarSqrt   000000018003d260     libmwmathutil:libmwmathutil.dll
 0002:00000268       __imp_muDoubleScalarCos    000000018003d268     libmwmathutil:libmwmathutil.dll
 0002:00000270       \177libmwmathutil_NULL_THUNK_DATA 000000018003d270     libmwmathutil:libmwmathutil.dll
 0002:00000278       __imp_mxCreateStructMatrix_730 000000018003d278     libmx:libmx.dll
 0002:00000280       __imp_mxDestroyArray       000000018003d280     libmx:libmx.dll
 0002:00000288       __imp_mxCreateDoubleMatrix_730 000000018003d288     libmx:libmx.dll
 0002:00000290       __imp_mxCreateDoubleScalar 000000018003d290     libmx:libmx.dll
 0002:00000298       __imp_mxSetField_730       000000018003d298     libmx:libmx.dll
 0002:000002a0       __imp_mxCreateLogicalScalar 000000018003d2a0     libmx:libmx.dll
 0002:000002a8       __imp_mxIsLogicalScalarTrue 000000018003d2a8     libmx:libmx.dll
 0002:000002b0       __imp_mxGetString_700      000000018003d2b0     libmx:libmx.dll
 0002:000002b8       __imp_mxCreateStringFromNChars_700 000000018003d2b8     libmx:libmx.dll
 0002:000002c0       __imp_mxGetElementSize     000000018003d2c0     libmx:libmx.dll
 0002:000002c8       __imp_mxCreateNumericArray_700 000000018003d2c8     libmx:libmx.dll
 0002:000002d0       __imp_mxGetNumberOfDimensions_700 000000018003d2d0     libmx:libmx.dll
 0002:000002d8       __imp_mxGetDimensions_700  000000018003d2d8     libmx:libmx.dll
 0002:000002e0       __imp_mxCalcSingleSubscript_700 000000018003d2e0     libmx:libmx.dll
 0002:000002e8       __imp_mxCreateStructArray_700 000000018003d2e8     libmx:libmx.dll
 0002:000002f0       __imp_mxCreateNumericMatrix_700 000000018003d2f0     libmx:libmx.dll
 0002:000002f8       __imp_mxArrayClassIDName   000000018003d2f8     libmx:libmx.dll
 0002:00000300       __imp_mxGetImagData        000000018003d300     libmx:libmx.dll
 0002:00000308       __imp_mxGetData            000000018003d308     libmx:libmx.dll
 0002:00000310       __imp_mxIsEmpty            000000018003d310     libmx:libmx.dll
 0002:00000318       __imp_mxIsNaN              000000018003d318     libmx:libmx.dll
 0002:00000320       __imp_mxGetFieldNumber     000000018003d320     libmx:libmx.dll
 0002:00000328       __imp_mxCreateStructMatrix_700 000000018003d328     libmx:libmx.dll
 0002:00000330       __imp_mxGetNumberOfFields  000000018003d330     libmx:libmx.dll
 0002:00000338       __imp_mxGetFieldNameByNumber 000000018003d338     libmx:libmx.dll
 0002:00000340       __imp_mxGetFieldByNumber_700 000000018003d340     libmx:libmx.dll
 0002:00000348       __imp_mxSetFieldByNumber_700 000000018003d348     libmx:libmx.dll
 0002:00000350       __imp_mxIsSparse           000000018003d350     libmx:libmx.dll
 0002:00000358       __imp_mxGetLogicals        000000018003d358     libmx:libmx.dll
 0002:00000360       __imp_mxIsClass            000000018003d360     libmx:libmx.dll
 0002:00000368       __imp_mxIsStruct           000000018003d368     libmx:libmx.dll
 0002:00000370       __imp_mxGetNumberOfElements 000000018003d370     libmx:libmx.dll
 0002:00000378       __imp_mxGetField_700       000000018003d378     libmx:libmx.dll
 0002:00000380       __imp_mxAddField           000000018003d380     libmx:libmx.dll
 0002:00000388       __imp_mxSetField_700       000000018003d388     libmx:libmx.dll
 0002:00000390       __imp_mxGetClassName       000000018003d390     libmx:libmx.dll
 0002:00000398       __imp_mxGetCell_700        000000018003d398     libmx:libmx.dll
 0002:000003a0       __imp_mxSetCell_700        000000018003d3a0     libmx:libmx.dll
 0002:000003a8       __imp_mxCreateCellMatrix_700 000000018003d3a8     libmx:libmx.dll
 0002:000003b0       __imp_mxArrayToString      000000018003d3b0     libmx:libmx.dll
 0002:000003b8       __imp_mxFree               000000018003d3b8     libmx:libmx.dll
 0002:000003c0       __imp_mxCreateDoubleMatrix_700 000000018003d3c0     libmx:libmx.dll
 0002:000003c8       __imp_mxIsLogical          000000018003d3c8     libmx:libmx.dll
 0002:000003d0       __imp_mxGetScalar          000000018003d3d0     libmx:libmx.dll
 0002:000003d8       __imp_mxCalloc             000000018003d3d8     libmx:libmx.dll
 0002:000003e0       __imp_mxGetM               000000018003d3e0     libmx:libmx.dll
 0002:000003e8       __imp_mxGetN               000000018003d3e8     libmx:libmx.dll
 0002:000003f0       __imp_mxIsComplex          000000018003d3f0     libmx:libmx.dll
 0002:000003f8       __imp_mxIsNumeric          000000018003d3f8     libmx:libmx.dll
 0002:00000400       __imp_mxGetClassID         000000018003d400     libmx:libmx.dll
 0002:00000408       __imp_mxIsChar             000000018003d408     libmx:libmx.dll
 0002:00000410       __imp_mxGetString_730      000000018003d410     libmx:libmx.dll
 0002:00000418       __imp_mxDuplicateArray     000000018003d418     libmx:libmx.dll
 0002:00000420       __imp_mxCreateString       000000018003d420     libmx:libmx.dll
 0002:00000428       __imp_mxGetPr              000000018003d428     libmx:libmx.dll
 0002:00000430       \177libmx_NULL_THUNK_DATA  000000018003d430     libmx:libmx.dll
 0002:00000438       __imp_utFree               000000018003d438     libut:libut.dll
 0002:00000440       __imp_utCPUtime            000000018003d440     libut:libut.dll
 0002:00000448       __imp_utVSNprintf          000000018003d448     libut:libut.dll
 0002:00000450       __imp_utMalloc             000000018003d450     libut:libut.dll
 0002:00000458       \177libut_NULL_THUNK_DATA  000000018003d458     libut:libut.dll
 0002:00000460       __xc_a                     000000018003d460     MSVCRT:cinitexe.obj
 0002:00000468       __xc_z                     000000018003d468     MSVCRT:cinitexe.obj
 0002:00000470       __xi_a                     000000018003d470     MSVCRT:cinitexe.obj
 0002:00000480       __xi_z                     000000018003d480     MSVCRT:cinitexe.obj
 0002:00000490       __real@41db482bee000000    000000018003d490     c3_test.obj
 0002:00000498       __real@41eddeebb5e00000    000000018003d498     c3_test.obj
[...]
 0001:0000f500       check_input_mxarray        0000000180010500 f   sfc_mex:sfc_mex.obj
 0001:0000fca0       sf_numeric_value_to_double 0000000180010ca0 f   sfc_mex:sfc_mex.obj
 0001:0000fcf0       ml_generic_out_of_bounds_check 0000000180010cf0 f   sfc_mex:sfc_mex.obj
 0001:0000fe40       ml_get_element_value_from_array 0000000180010e40 f   sfc_mex:sfc_mex.obj
 0001:00010140       _ml_generic_castability_check 0000000180011140 f   sfc_mex:sfc_mex.obj
 0001:00010d10       ml_generic_castability_check 0000000180011d10 f   sfc_mex:sfc_mex.obj
 0001:00010db0       ml_check_mx_array_for_single_castability 0000000180011db0 f   sfc_mex:sfc_mex.obj
 0001:00010e50       ml_check_mx_array_for_logical_castability 0000000180011e50 f   sfc_mex:sfc_mex.obj
 0001:00010ef0       ml_check_mx_array_for_int8_castability 0000000180011ef0 f   sfc_mex:sfc_mex.obj
 0001:00010fa0       ml_check_mx_array_for_uint8_castability 0000000180011fa0 f   sfc_mex:sfc_mex.obj
 0001:00011040       ml_check_mx_array_for_int16_castability 0000000180012040 f   sfc_mex:sfc_mex.obj
 0001:000110e0       ml_check_mx_array_for_uint16_castability 00000001800120e0 f   sfc_mex:sfc_mex.obj
 0001:00011180       ml_check_mx_array_for_int32_castability 0000000180012180 f   sfc_mex:sfc_mex.obj
 0001:00011220       ml_check_mx_array_for_uint32_castability 0000000180012220 f   sfc_mex:sfc_mex.obj
 0001:000112c0       ml_check_mx_array_for_castability 00000001800122c0 f   sfc_mex:sfc_mex.obj
 0001:00011a90       set_data_value             0000000180012a90 f   sfc_mex:sfc_mex.obj
 0001:00011de0       get_data_value             0000000180012de0 f   sfc_mex:sfc_mex.obj
 0001:00011ed0       get_next_element_address   0000000180012ed0 f   sfc_mex:sfc_mex.obj
 0001:00011fa0       sf_normalize_index         0000000180012fa0 f   sfc_mex:sfc_mex.obj
 0001:00012330       ml_array_index_bound_check 0000000180013330 f   sfc_mex:sfc_mex.obj
 0001:00012f40       mx_value                   0000000180013f40 f   sfc_mex:sfc_mex.obj
 0001:00012f90       sf_create_numeric_array    0000000180013f90 f   sfc_mex:sfc_mex.obj
 0001:00013030       sf_mex_assign_to_mx_array  0000000180014030 f   sfc_mex:sfc_mex.obj
 0001:000139a0       assign_from_mx_array       00000001800149a0 f   sfc_mex:sfc_mex.obj
 0001:00014c20       get_machine_and_chart_file_number 0000000180015c20 f   sfc_mex:sfc_sf.obj
 0001:00014d10       get_sfun_block_specialization 0000000180015d10 f   sfc_mex:sfc_sf.obj
 0001:00014d90       call_sf_machine_global_method_dispatcher 0000000180015d90 f   sfc_mex:sfc_sf.obj
 0001:00015000       mdl_zeroCrossings_processing 0000000180016000 f   sfc_mex:sfc_sf.obj
 0001:000150d0       mdl_derivatives_processing 00000001800160d0 f   sfc_mex:sfc_sf.obj
 0001:00015390       mdl_outputs_continuous_legacy 0000000180016390 f   sfc_mex:sfc_sf.obj
 0001:00015410       mdl_outputs_processing     0000000180016410 f   sfc_mex:sfc_sf.obj
 0001:00015710       mdl_enable_processing      0000000180016710 f   sfc_mex:sfc_sf.obj
 0001:000157e0       mdl_disable_processing     00000001800167e0 f   sfc_mex:sfc_sf.obj
 0001:000162d0       write_symbol_mapping       00000001800172d0 f   sfc_mex:sfc_sf.obj
 0001:00016a50       sf_call_output_fcn_enable_disable 0000000180017a50 f   sfc_mex:sfc_sf.obj
 0001:00016cd0       set_dwork_information_from_mx_array 0000000180017cd0 f   sfc_mex:sfc_sf.obj
 0001:00017450       get_dwork_info_from_mat_file 0000000180018450 f   sfc_mex:sfc_sf.obj
 0001:00017600       ptr2mxStruct               0000000180018600 f   sfc_mex:sfc_sf.obj
 0001:00017a10       SNPRINTF_WRAPPER           0000000180018a10 f   sfc_debug:sfcdebug.obj
 0001:00017a30       sf_debug_chart_instance_initialized_quick 0000000180018a30 f   sfc_debug:sfcdebug.obj
 0001:00017a40       sf_debug_chart_instance_initialized 0000000180018a40 f   sfc_debug:sfcdebug.obj
 0001:00017be0       sfrtAddSize                0000000180018be0 f   sfc_debug:sfcdebug.obj
 0001:00017ca0       sfrtGenSizeString          0000000180018ca0 f   sfc_debug:sfcdebug.obj
 0001:00018420       sf_debug_sim_status_listener 0000000180019420 f   sfc_debug:sfcdebug.obj
 0001:00018990       sf_debug_form_mask_bits    0000000180019990 f   sfc_debug:sfcdebug.obj
 0001:000189d0       sf_debug_form_sf_data_type_offsets 00000001800199d0 f   sfc_debug:sfcdebug.obj
 0001:00018a90       sf_debug_free_all          0000000180019a90 f   sfc_debug:sfcdebug.obj
 0001:00018c20       sf_debug_append_debugger_context 0000000180019c20 f   sfc_debug:sfcdebug.obj
 0001:00018ee0       local_strdup               0000000180019ee0 f   sfc_debug:sfcdebug.obj
 0001:00019dc0       sf_debug_em_terminate      000000018001adc0 f   sfc_debug:sfcdebug.obj
 0001:00019e00       sf_debug_push_eml_function 000000018001ae00 f   sfc_debug:sfcdebug.obj
 0001:00019ea0       sf_debug_pop_eml_function  000000018001aea0 f   sfc_debug:sfcdebug.obj
 0001:0001ab60       sf_debug_get_machine_number_from_id_or_name 000000018001bb60 f   sfc_debug:sfcdebug.obj
 0001:0001acb0       sf_debug_get_chart_number_from_id 000000018001bcb0 f   sfc_debug:sfcdebug.obj
 0001:0001b960       sf_debug_transfer_control_to_debugger_GUI 000000018001c960 f   sfc_debug:sfcdebug.obj
 0001:0001c940       sf_debug_scripts_rehash    000000018001d940 f   sfc_debug:sfcdebug.obj
 0001:0001cb90       sf_debug_get_script_line_count 000000018001db90 f   sfc_debug:sfcdebug.obj
 0001:0001d2e0       cv_eml_state_cvId          000000018001e2e0 f   sfc_debug:sfcdebug.obj
 0001:0001e800       sf_debug_data_array_bounds_error 000000018001f800 f   sfc_debug:sfcdebug.obj
 0001:0001ec00       eml_debug_runtime_error_doclink 000000018001fc00 f   sfc_debug:sfcdebug.obj
 0001:0001ed70       sf_debug_runtime_error     000000018001fd70 f   sfc_debug:sfcdebug.obj
 0001:0001ede0       sf_debug_matlab_error      000000018001fde0 f   sfc_debug:sfcdebug.obj
 0001:0001f620       sf_debug_data_value_error  0000000180020620 f   sfc_debug:sfcdebug.obj
 0001:0001fee0       sf_debug_data_loss_error   0000000180020ee0 f   sfc_debug:sfcdebug.obj
 0001:00020af0       call_cv_range_check        0000000180021af0 f   sfc_debug:sfcdebug.obj
 0001:000213e0       sf_debug_invoke_cycle_detection_code 00000001800223e0 f   sfc_debug:sfcdebug.obj
 0001:00022240       sf_reset_debug_info_struct 0000000180023240 f   sfc_debug:sfcdebug.obj
 0001:00022d00       cv_script_cvId             0000000180023d00 f   sfc_debug:sfcdebug.obj
 0001:00024180       sfc_api_chart_visible      0000000180025180 f   sfc_debug:sfc_api.obj
 0001:00024200       sfc_api_active_instance    0000000180025200 f   sfc_debug:sfc_api.obj
 0001:00024280       sfc_api_machine_load       0000000180025280 f   sfc_debug:sfc_api.obj
 0001:00024350       sfc_api_debugger_alive     0000000180025350 f   sfc_debug:sfc_api.obj
 0001:00024360       sfc_api_go                 0000000180025360 f   sfc_debug:sfc_api.obj
 0001:00024370       sfc_api_step_over          0000000180025370 f   sfc_debug:sfc_api.obj
 0001:00024380       sfc_api_step_out           0000000180025380 f   sfc_debug:sfc_api.obj
 0001:00024390       sfc_api_resume             0000000180025390 f   sfc_debug:sfc_api.obj
 0001:000243a0       sfc_api_break              00000001800253a0 f   sfc_debug:sfc_api.obj
 0001:000243b0       sfc_api_stop_debugging     00000001800253b0 f   sfc_debug:sfc_api.obj
 0001:00024400       sfc_api_is_cycle_detected  0000000180025400 f   sfc_debug:sfc_api.obj
 0001:00024450       sfc_api_is_array_bounds_detected 0000000180025450 f   sfc_debug:sfc_api.obj
 0001:000244a0       sfc_api_set_disable_all_breakpoints 00000001800254a0 f   sfc_debug:sfc_api.obj
 0001:00024510       sfc_api_disable_all_breakpoints_and_go 0000000180025510 f   sfc_debug:sfc_api.obj
 0001:00024520       sfc_api_close              0000000180025520 f   sfc_debug:sfc_api.obj
 0001:00024530       sfc_api_browse_data        0000000180025530 f   sfc_debug:sfc_api.obj
 0001:000245a0       sfc_api_watch_data         00000001800255a0 f   sfc_debug:sfc_api.obj
 0001:00024640       sfc_api_whos               0000000180025640 f   sfc_debug:sfc_api.obj
 0001:000246d0       sfc_api_get_consistency_info 00000001800256d0 f   sfc_debug:sfc_api.obj
 0001:000246e0       sfc_api_browse_trace       00000001800256e0 f   sfc_debug:sfc_api.obj
 0001:000246f0       sfc_api_break_on_chart_entry 00000001800256f0 f   sfc_debug:sfc_api.obj
 0001:00024710       sfc_api_break_on_event_broadcast 0000000180025710 f   sfc_debug:sfc_api.obj
 0001:00024730       sfc_api_break_on_state_entry 0000000180025730 f   sfc_debug:sfc_api.obj
 0001:00024750       sfc_api_set_watch          0000000180025750 f   sfc_debug:sfc_api.obj
 0001:000247f0       sfc_api_set_breakpoints    00000001800257f0 f   sfc_debug:sfc_api.obj
 0001:00024890       sfc_api_set_eml_breakpoints 0000000180025890 f   sfc_debug:sfc_api.obj
 0001:00024910       sfc_api_set_script_breakpoints 0000000180025910 f   sfc_debug:sfc_api.obj
 0001:00024960       sfc_api_add_script_breakpoints 0000000180025960 f   sfc_debug:sfc_api.obj
 0001:000249b0       sfc_api_clear_script_breakpoints 00000001800259b0 f   sfc_debug:sfc_api.obj
 0001:00024a00       sfc_api_query_script_breakpoints 0000000180025a00 f   sfc_debug:sfc_api.obj
 0001:00024a60       sfc_api_get_script_id      0000000180025a60 f   sfc_debug:sfc_api.obj
 0001:00024b20       sfc_api_get_active_states  0000000180025b20 f   sfc_debug:sfc_api.obj
 0001:00024ba0       sfc_api_break_between_times 0000000180025ba0 f   sfc_debug:sfc_api.obj
 0001:00024c00       sfc_api_get_instance_handle 0000000180025c00 f   sfc_debug:sfc_api.obj
 0001:00024cb0       sfc_api_get_coverage       0000000180025cb0 f   sfc_debug:sfc_api.obj
 0001:00024d30       sfc_api_set_animation      0000000180025d30 f   sfc_debug:sfc_api.obj
 0001:00024d80       sfc_api_select_chart       0000000180025d80 f   sfc_debug:sfc_api.obj
 0001:00024de0       sfc_api_select_charts      0000000180025de0 f   sfc_debug:sfc_api.obj
 0001:00024e10       sfc_api_cycle_detection_check 0000000180025e10 f   sfc_debug:sfc_api.obj
 0001:00024e60       sfc_api_data_range_check   0000000180025e60 f   sfc_debug:sfc_api.obj
 0001:00024eb0       sfc_api_transition_conflict_check 0000000180025eb0 f   sfc_debug:sfc_api.obj
 0001:00024f00       sfc_api_state_consistency_check 0000000180025f00 f   sfc_debug:sfc_api.obj
 0001:00024f50       sfc_api_set_instance_cv_ids 0000000180025f50 f   sfc_debug:sfc_api.obj
 0001:00025060       sfc_api_set_script_cv_ids  0000000180026060 f   sfc_debug:sfc_api.obj
 0001:00025100       sfc_api_get_current_machine_id 0000000180026100 f   sfc_debug:sfc_api.obj
 0001:00025130       sfc_api_get_current_machine_number 0000000180026130 f   sfc_debug:sfc_api.obj
 0001:00025160       sfc_api_get_current_chart_number 0000000180026160 f   sfc_debug:sfc_api.obj
 0001:00025190       sfc_api_get_current_instance_number 0000000180026190 f   sfc_debug:sfc_api.obj
 0001:000251c0       sfc_api_get_current_instance_handle 00000001800261c0 f   sfc_debug:sfc_api.obj
 0001:000251e0       sfc_api_get_current_is_minor_time_step 00000001800261e0 f   sfc_debug:sfc_api.obj
 0001:00025210       sfc_api_get_current_machine_name 0000000180026210 f   sfc_debug:sfc_api.obj
 0001:00025230       sfc_api_get_current_chart_id 0000000180026230 f   sfc_debug:sfc_api.obj
 0001:00025260       sfc_api_get_current_object_type 0000000180026260 f   sfc_debug:sfc_api.obj
 0001:00025290       sfc_api_get_current_event_type 0000000180026290 f   sfc_debug:sfc_api.obj
 0001:000252c0       sfc_api_get_current_object_id 00000001800262c0 f   sfc_debug:sfc_api.obj
 0001:000252f0       sfc_get_current_active_event_type 00000001800262f0 f   sfc_debug:sfc_api.obj
 0001:00025320       sfc_api_get_current_active_event_id 0000000180026320 f   sfc_debug:sfc_api.obj
 0001:00025350       sfc_api_get_current_simulation_time 0000000180026350 f   sfc_debug:sfc_api.obj
 0001:00025370       sfc_get_current_tag_type   0000000180026370 f   sfc_debug:sfc_api.obj
 0001:000253a0       sfc_get_current_coverage_percentage 00000001800263a0 f   sfc_debug:sfc_api.obj
 0001:000253c0       sfc_get_current_statement_context 00000001800263c0 f   sfc_debug:sfc_api.obj
 0001:000253e0       sfc_get_current_optional_integer 00000001800263e0 f   sfc_debug:sfc_api.obj
 0001:00025400       sfc_get_current_statement_info 0000000180026400 f   sfc_debug:sfc_api.obj
 0001:000254a0       sfc_api_get                00000001800264a0 f   sfc_debug:sfc_api.obj
 0001:00025600       sf_debug_sm_is_using_unified_editors 0000000180026600 f   sfc_debug:sfdb_animation.obj
 0001:000256a0       sf_debug_sm_is_chart_visible_in_unified_editors 00000001800266a0 f   sfc_debug:sfdb_animation.obj
 0001:00025760       sf_debug_sm_check_if_chart_is_visible 0000000180026760 f   sfc_debug:sfdb_animation.obj
 0001:00026370       sf_debug_sm_fill_state_activity_data 0000000180027370 f   sfc_debug:sfdb_animation.obj
 0001:00028980       sf_debug_hm_get_simulink_handle 0000000180029980 f   sfc_debug:sfdb_handle_management.obj
 0001:00029570       sf_debug_hm_initialize_globals 000000018002a570 f   sfc_debug:sfdb_handle_management.obj
 0001:00029670       sf_debug_hm_get_machine_debug_flag 000000018002a670 f   sfc_debug:sfdb_handle_management.obj
 0001:000297e0       sf_debug_hm_get_machine_id 000000018002a7e0 f   sfc_debug:sfdb_handle_management.obj
 0001:00029900       sf_debug_hm_get_chart_id   000000018002a900 f   sfc_debug:sfdb_handle_management.obj
 0001:00029aa0       sf_debug_hm_register_executing_SFunction 000000018002aaa0 f   sfc_debug:sfdb_handle_management.obj
 0001:00029c30       sf_debug_hm_get_chart_active_instance 000000018002ac30 f   sfc_debug:sfdb_handle_management.obj
 0001:00029da0       sf_debug_hm_get_chart_visibility 000000018002ada0 f   sfc_debug:sfdb_handle_management.obj
 0001:00029ef0       sf_debug_hm_form_object_boolean_properties 000000018002aef0 f   sfc_debug:sfdb_handle_management.obj
 0001:0002a1c0       sf_debug_hm_form_object_properties 000000018002b1c0 f   sfc_debug:sfdb_handle_management.obj
 0001:0002a400       sf_debug_hm_terminate_charts 000000018002b400 f   sfc_debug:sfdb_handle_management.obj
 0001:0002ab40       sf_debug_hm_terminate_machines 000000018002bb40 f   sfc_debug:sfdb_handle_management.obj
 0001:0002c640       void_ptr_stack_vector_free_total 000000018002d640 f   sfc_debug:sfdb_data_browse.obj
 0001:0002c6d0       sf_debug_st_terminate_machine 000000018002d6d0 f   sfc_debug:sfdb_data_browse.obj
 0001:0002c800       sf_debug_st_terminate_instance 000000018002d800 f   sfc_debug:sfdb_data_browse.obj
 0001:0002ccb0       push_on_to_void_ptr_stack  000000018002dcb0 f   sfc_debug:sfdb_data_browse.obj
 0001:0002ce40       pop_from_void_ptr_stack    000000018002de40 f   sfc_debug:sfdb_data_browse.obj
 0001:0002cf70       sf_debug_st_get_data_value 000000018002df70 f   sfc_debug:sfdb_data_browse.obj
 0001:0002d4a0       mx_value                   000000018002e4a0 f   sfc_debug:sfdb_data_browse.obj
 0001:0002d4e0       sf_debug_st_fill_data_struct 000000018002e4e0 f   sfc_debug:sfdb_data_browse.obj
 0001:0002d820       data_type_format_strings   000000018002e820 f   sfc_debug:sfdb_data_browse.obj
 0001:0002d8d0       sf_debug_st_fill_data      000000018002e8d0 f   sfc_debug:sfdb_data_browse.obj
 0001:0002eb60       sf_debug_ss_copy_dimension 000000018002fb60 f   sfc_debug:sfdb_symbol_scope.obj
 0001:0002ec20       sf_debug_ss_get_number_elements 000000018002fc20 f   sfc_debug:sfdb_symbol_scope.obj
 0001:0002ec40       sf_debug_ss_fill_data_struct 000000018002fc40 f   sfc_debug:sfdb_symbol_scope.obj
 0001:0002ef90       sf_debug_ss_reset_data_info 000000018002ff90 f   sfc_debug:sfdb_symbol_scope.obj
 0001:0002eff0       sf_debug_fill_data_info_by_symbol_scope_entry 000000018002fff0 f   sfc_debug:sfdb_symbol_scope.obj
 0001:0002f0a0       sf_debug_fill_data_info_by_data_vector 00000001800300a0 f   sfc_debug:sfdb_symbol_scope.obj
 0001:0002f2e0       sf_debug_ss_get_data_info  00000001800302e0 f   sfc_debug:sfdb_symbol_scope.obj
 0001:0002f710       sf_debug_ss_get_data_value 0000000180030710 f   sfc_debug:sfdb_symbol_scope.obj
 0001:0002fba0       sf_debug_ss_data_bytes_string 0000000180030ba0 f   sfc_debug:sfdb_symbol_scope.obj
 0001:0002fc50       sf_debug_ss_data_class_string 0000000180030c50 f   sfc_debug:sfdb_symbol_scope.obj
 0001:0002ffe0       sf_debug_ss_data_size_string 0000000180030fe0 f   sfc_debug:sfdb_symbol_scope.obj
 0001:000300c0       sf_debug_ss_data_create_data_info_struct 00000001800310c0 f   sfc_debug:sfdb_symbol_scope.obj
 0001:00030320       sf_debug_ss_data_create_name_value_pair 0000000180031320 f   sfc_debug:sfdb_symbol_scope.obj
 0001:000303c0       sf_debug_ss_data_get_whos_info 00000001800313c0 f   sfc_debug:sfdb_symbol_scope.obj
 0001:00030480       same_named_data_in_data_array 0000000180031480 f   sfc_debug:sfdb_symbol_scope.obj
 0001:00031e80       sf_debug_cc_terminate_chart 0000000180032e80 f   sfc_debug:sfdb_coverage.obj
 0001:00032220       sf_debug_cc_terminate_instance 0000000180033220 f   sfc_debug:sfdb_coverage.obj
 0001:00032e20       sf_debug_cc_mark_object_if_needed 0000000180033e20 f   sfc_debug:sfdb_coverage.obj
 0001:00033580       sf_debug_cc_fill_transition_coverage_data 0000000180034580 f   sfc_debug:sfdb_coverage.obj
 0001:00033710       sf_debug_cc_fill_transition_coverage_map 0000000180034710 f   sfc_debug:sfdb_coverage.obj
 0001:000339c0       sf_debug_cc_fill_state_coverage_map 00000001800349c0 f   sfc_debug:sfdb_coverage.obj
 0001:00033c10       sf_debug_cc_fill_state_coverage_data 0000000180034c10 f   sfc_debug:sfdb_coverage.obj
 0001:00034840       sf_debug_bm_initialize_eml 0000000180035840 f   sfc_debug:sfdb_breakpoints.obj
 0001:00035990       sf_debug_bm_map_debug_tag_to_breakpoint_tag 0000000180036990 f   sfc_debug:sfdb_breakpoints.obj
 0001:00035a70       sf_debug_bm_is_a_eml_breakpoint_impl 0000000180036a70 f   sfc_debug:sfdb_breakpoints.obj
 0001:000376d0       sf_debug_sc_push_on_error_stack 00000001800386d0 f   sfc_debug:sfdb_state_consistency.obj
 0001:00037800       sf_debug_sc_reset_error_stack 0000000180038800 f   sfc_debug:sfdb_state_consistency.obj
 0001:00037990       sf_debug_sc_is_state_inconsistent 0000000180038990 f   sfc_debug:sfdb_state_consistency.obj
 0001:00037c90       sf_debug_sc_fill_consistency_info 0000000180038c90 f   sfc_debug:sfdb_state_consistency.obj
 0001:00038240       void_assertion_fcn         0000000180039240 f   sfc_debug:sfdb_call_stack.obj
 0001:000387d0       sf_debug_tm_fill_local_trace 00000001800397d0 f   sfc_debug:sfdb_call_stack.obj
 0001:00038d70       sf_debug_cd_terminate_instance 0000000180039d70 f   sfc_debug:sfdb_cycle_detection.obj
 0001:00038dd0       sf_debug_cd_free_checksum_stack 0000000180039dd0 f   sfc_debug:sfdb_cycle_detection.obj
 0001:00038e20       sf_debug_cd_reset_pack_strings 0000000180039e20 f   sfc_debug:sfdb_cycle_detection.obj
 0001:000394e0       md5file_clear              000000018003a4e0 f   sfc_debug:ckmd5.obj
 0001:00039510       Encode                     000000018003a510 f   sfc_debug:ckmd5.obj
 0001:00039560       Decode                     000000018003a560 f   sfc_debug:ckmd5.obj
 0001:00039600       MD5Transform               000000018003a600 f   sfc_debug:ckmd5.obj
 0001:00039e50       md5file_addn               000000018003ae50 f   sfc_debug:ckmd5.obj
 0001:00039f20       md5file_hash               000000018003af20 f   sfc_debug:ckmd5.obj
 0001:0003a698       pre_c_init                 000000018003b698 f   MSVCRT:crtdll.obj
 0001:0003a954       __DllMainCRTStartup        000000018003b954 f   MSVCRT:crtdll.obj
 0001:0003b060       __DllMainCRTStartup$filt$0 000000018003c060 f   MSVCRT:crtdll.obj
 0001:0003b090       __DllMainCRTStartup$fin$1  000000018003c090 f   MSVCRT:crtdll.obj
 0001:0003b0aa       _onexit$fin$0              000000018003c0aa f   MSVCRT:atonexit.obj
 0001:0003b0d0       _IsNonwritableInCurrentImage$filt$0 000000018003c0d0 f   MSVCRT:pesect.obj
